<?xml version="1.0" encoding="ISO-8859-1" ?>
<link_info>
   <banner>TI ARM Linker PC v18.1.2.LTS</banner>
   <copyright>Copyright (c) 1996-2017 Texas Instruments Incorporated</copyright>
   <link_time>0x5c6bbb1e</link_time>
   <link_errors>0x0</link_errors>
   <output_file>EXERCICI PROPOSAT.out</output_file>
   <entry_point>
      <name>_c_int00_noargs</name>
      <address>0x41c1</address>
   </entry_point>
   <input_file_list>
      <input_file id="fl-2">
         <path>.\</path>
         <kind>object</kind>
         <file>Practica1_PAE_main.obj</file>
         <name>Practica1_PAE_main.obj</name>
      </input_file>
      <input_file id="fl-3">
         <path>.\</path>
         <kind>object</kind>
         <file>logoUB_256.obj</file>
         <name>logoUB_256.obj</name>
      </input_file>
      <input_file id="fl-4">
         <path>.\</path>
         <kind>object</kind>
         <file>startup_msp432p401r_ccs.obj</file>
         <name>startup_msp432p401r_ccs.obj</name>
      </input_file>
      <input_file id="fl-5">
         <path>.\</path>
         <kind>object</kind>
         <file>system_msp432p401r.obj</file>
         <name>system_msp432p401r.obj</name>
      </input_file>
      <input_file id="fl-a">
         <kind>object</kind>
         <file>&lt;internal&gt;</file>
         <name>&lt;internal&gt;</name>
      </input_file>
      <input_file id="fl-b">
         <path>..\</path>
         <kind>archive</kind>
         <file>lib_PAE2.lib</file>
         <name>Inicializacion.obj</name>
      </input_file>
      <input_file id="fl-c">
         <path>..\</path>
         <kind>archive</kind>
         <file>lib_PAE2.lib</file>
         <name>lcd.obj</name>
      </input_file>
      <input_file id="fl-d">
         <path>..\</path>
         <kind>archive</kind>
         <file>lib_PAE2.lib</file>
         <name>msp_LCD.obj</name>
      </input_file>
      <input_file id="fl-e">
         <path>..\</path>
         <kind>archive</kind>
         <file>lib_PAE2.lib</file>
         <name>graphics.obj</name>
      </input_file>
      <input_file id="fl-c4">
         <path>C:\ti\ccsv8\tools\compiler\ti-cgt-arm_18.1.2.LTS\lib\</path>
         <kind>archive</kind>
         <file>rtsv7M4_T_le_v4SPD16_eabi.lib</file>
         <name>memcpy_t2.asm.obj</name>
      </input_file>
      <input_file id="fl-c5">
         <path>C:\ti\ccsv8\tools\compiler\ti-cgt-arm_18.1.2.LTS\lib\</path>
         <kind>archive</kind>
         <file>rtsv7M4_T_le_v4SPD16_eabi.lib</file>
         <name>copy_zero_init.c.obj</name>
      </input_file>
      <input_file id="fl-c6">
         <path>C:\ti\ccsv8\tools\compiler\ti-cgt-arm_18.1.2.LTS\lib\</path>
         <kind>archive</kind>
         <file>rtsv7M4_T_le_v4SPD16_eabi.lib</file>
         <name>copy_decompress_none.c.obj</name>
      </input_file>
      <input_file id="fl-c7">
         <path>C:\ti\ccsv8\tools\compiler\ti-cgt-arm_18.1.2.LTS\lib\</path>
         <kind>archive</kind>
         <file>rtsv7M4_T_le_v4SPD16_eabi.lib</file>
         <name>copy_decompress_lzss.c.obj</name>
      </input_file>
      <input_file id="fl-c8">
         <path>C:\ti\ccsv8\tools\compiler\ti-cgt-arm_18.1.2.LTS\lib\</path>
         <kind>archive</kind>
         <file>rtsv7M4_T_le_v4SPD16_eabi.lib</file>
         <name>boot_cortex_m.c.obj</name>
      </input_file>
      <input_file id="fl-c9">
         <path>C:\ti\ccsv8\tools\compiler\ti-cgt-arm_18.1.2.LTS\lib\</path>
         <kind>archive</kind>
         <file>rtsv7M4_T_le_v4SPD16_eabi.lib</file>
         <name>exit.c.obj</name>
      </input_file>
      <input_file id="fl-ca">
         <path>C:\ti\ccsv8\tools\compiler\ti-cgt-arm_18.1.2.LTS\lib\</path>
         <kind>archive</kind>
         <file>rtsv7M4_T_le_v4SPD16_eabi.lib</file>
         <name>_lock.c.obj</name>
      </input_file>
      <input_file id="fl-cb">
         <path>C:\ti\ccsv8\tools\compiler\ti-cgt-arm_18.1.2.LTS\lib\</path>
         <kind>archive</kind>
         <file>rtsv7M4_T_le_v4SPD16_eabi.lib</file>
         <name>args_main.c.obj</name>
      </input_file>
      <input_file id="fl-cc">
         <path>C:\ti\ccsv8\tools\compiler\ti-cgt-arm_18.1.2.LTS\lib\</path>
         <kind>archive</kind>
         <file>rtsv7M4_T_le_v4SPD16_eabi.lib</file>
         <name>sprintf.c.obj</name>
      </input_file>
      <input_file id="fl-cd">
         <path>C:\ti\ccsv8\tools\compiler\ti-cgt-arm_18.1.2.LTS\lib\</path>
         <kind>archive</kind>
         <file>rtsv7M4_T_le_v4SPD16_eabi.lib</file>
         <name>memset_t2.asm.obj</name>
      </input_file>
      <input_file id="fl-ce">
         <path>C:\ti\ccsv8\tools\compiler\ti-cgt-arm_18.1.2.LTS\lib\</path>
         <kind>archive</kind>
         <file>rtsv7M4_T_le_v4SPD16_eabi.lib</file>
         <name>autoinit.c.obj</name>
      </input_file>
      <input_file id="fl-cf">
         <path>C:\ti\ccsv8\tools\compiler\ti-cgt-arm_18.1.2.LTS\lib\</path>
         <kind>archive</kind>
         <file>rtsv7M4_T_le_v4SPD16_eabi.lib</file>
         <name>pre_init.c.obj</name>
      </input_file>
      <input_file id="fl-d0">
         <path>C:\ti\ccsv8\tools\compiler\ti-cgt-arm_18.1.2.LTS\lib\</path>
         <kind>archive</kind>
         <file>rtsv7M4_T_le_v4SPD16_eabi.lib</file>
         <name>cpy_tbl.c.obj</name>
      </input_file>
      <input_file id="fl-d1">
         <path>C:\ti\ccsv8\tools\compiler\ti-cgt-arm_18.1.2.LTS\lib\</path>
         <kind>archive</kind>
         <file>rtsv7M4_T_le_v4SPD16_eabi.lib</file>
         <name>_printfi.c.obj</name>
      </input_file>
      <input_file id="fl-d2">
         <path>C:\ti\ccsv8\tools\compiler\ti-cgt-arm_18.1.2.LTS\lib\</path>
         <kind>archive</kind>
         <file>rtsv7M4_T_le_v4SPD16_eabi.lib</file>
         <name>atoi.c.obj</name>
      </input_file>
      <input_file id="fl-d3">
         <path>C:\ti\ccsv8\tools\compiler\ti-cgt-arm_18.1.2.LTS\lib\</path>
         <kind>archive</kind>
         <file>rtsv7M4_T_le_v4SPD16_eabi.lib</file>
         <name>ctype.c.obj</name>
      </input_file>
      <input_file id="fl-d4">
         <path>C:\ti\ccsv8\tools\compiler\ti-cgt-arm_18.1.2.LTS\lib\</path>
         <kind>archive</kind>
         <file>rtsv7M4_T_le_v4SPD16_eabi.lib</file>
         <name>ltoa.c.obj</name>
      </input_file>
      <input_file id="fl-d5">
         <path>C:\ti\ccsv8\tools\compiler\ti-cgt-arm_18.1.2.LTS\lib\</path>
         <kind>archive</kind>
         <file>rtsv7M4_T_le_v4SPD16_eabi.lib</file>
         <name>memccpy.c.obj</name>
      </input_file>
      <input_file id="fl-d6">
         <path>C:\ti\ccsv8\tools\compiler\ti-cgt-arm_18.1.2.LTS\lib\</path>
         <kind>archive</kind>
         <file>rtsv7M4_T_le_v4SPD16_eabi.lib</file>
         <name>strchr.c.obj</name>
      </input_file>
      <input_file id="fl-d7">
         <path>C:\ti\ccsv8\tools\compiler\ti-cgt-arm_18.1.2.LTS\lib\</path>
         <kind>archive</kind>
         <file>rtsv7M4_T_le_v4SPD16_eabi.lib</file>
         <name>strlen.c.obj</name>
      </input_file>
      <input_file id="fl-d8">
         <path>C:\ti\ccsv8\tools\compiler\ti-cgt-arm_18.1.2.LTS\lib\</path>
         <kind>archive</kind>
         <file>rtsv7M4_T_le_v4SPD16_eabi.lib</file>
         <name>s_frexp.c.obj</name>
      </input_file>
      <input_file id="fl-d9">
         <path>C:\ti\ccsv8\tools\compiler\ti-cgt-arm_18.1.2.LTS\lib\</path>
         <kind>archive</kind>
         <file>rtsv7M4_T_le_v4SPD16_eabi.lib</file>
         <name>s_scalbn.c.obj</name>
      </input_file>
      <input_file id="fl-da">
         <path>C:\ti\ccsv8\tools\compiler\ti-cgt-arm_18.1.2.LTS\lib\</path>
         <kind>archive</kind>
         <file>rtsv7M4_T_le_v4SPD16_eabi.lib</file>
         <name>s_copysign.c.obj</name>
      </input_file>
      <input_file id="fl-db">
         <path>C:\ti\ccsv8\tools\compiler\ti-cgt-arm_18.1.2.LTS\lib\</path>
         <kind>archive</kind>
         <file>rtsv7M4_T_le_v4SPD16_eabi.lib</file>
         <name>wcslen.c.obj</name>
      </input_file>
      <input_file id="fl-dc">
         <path>C:\ti\ccsv8\tools\compiler\ti-cgt-arm_18.1.2.LTS\lib\</path>
         <kind>archive</kind>
         <file>rtsv7M4_T_le_v4SPD16_eabi.lib</file>
         <name>fd_add_t2.asm.obj</name>
      </input_file>
      <input_file id="fl-dd">
         <path>C:\ti\ccsv8\tools\compiler\ti-cgt-arm_18.1.2.LTS\lib\</path>
         <kind>archive</kind>
         <file>rtsv7M4_T_le_v4SPD16_eabi.lib</file>
         <name>fd_cmp_t2.asm.obj</name>
      </input_file>
      <input_file id="fl-de">
         <path>C:\ti\ccsv8\tools\compiler\ti-cgt-arm_18.1.2.LTS\lib\</path>
         <kind>archive</kind>
         <file>rtsv7M4_T_le_v4SPD16_eabi.lib</file>
         <name>fd_div_t2.asm.obj</name>
      </input_file>
      <input_file id="fl-df">
         <path>C:\ti\ccsv8\tools\compiler\ti-cgt-arm_18.1.2.LTS\lib\</path>
         <kind>archive</kind>
         <file>rtsv7M4_T_le_v4SPD16_eabi.lib</file>
         <name>fd_mul_t2.asm.obj</name>
      </input_file>
      <input_file id="fl-e0">
         <path>C:\ti\ccsv8\tools\compiler\ti-cgt-arm_18.1.2.LTS\lib\</path>
         <kind>archive</kind>
         <file>rtsv7M4_T_le_v4SPD16_eabi.lib</file>
         <name>fd_toi_t2.asm.obj</name>
      </input_file>
      <input_file id="fl-e1">
         <path>C:\ti\ccsv8\tools\compiler\ti-cgt-arm_18.1.2.LTS\lib\</path>
         <kind>archive</kind>
         <file>rtsv7M4_T_le_v4SPD16_eabi.lib</file>
         <name>i_tofd_t2.asm.obj</name>
      </input_file>
      <input_file id="fl-e2">
         <path>C:\ti\ccsv8\tools\compiler\ti-cgt-arm_18.1.2.LTS\lib\</path>
         <kind>archive</kind>
         <file>rtsv7M4_T_le_v4SPD16_eabi.lib</file>
         <name>ull_div_t2.asm.obj</name>
      </input_file>
      <input_file id="fl-e3">
         <path>C:\ti\ccsv8\tools\compiler\ti-cgt-arm_18.1.2.LTS\lib\</path>
         <kind>archive</kind>
         <file>rtsv7M4_T_le_v4SPD16_eabi.lib</file>
         <name>errno.c.obj</name>
      </input_file>
      <input_file id="fl-e4">
         <path>C:\ti\ccsv8\tools\compiler\ti-cgt-arm_18.1.2.LTS\lib\</path>
         <kind>archive</kind>
         <file>rtsv7M4_T_le_v4SPD16_eabi.lib</file>
         <name>div0.asm.obj</name>
      </input_file>
   </input_file_list>
   <object_component_list>
      <object_component id="oc-23">
         <name>.intvecs:retain</name>
         <load_address>0x0</load_address>
         <run_address>0x0</run_address>
         <size>0xe4</size>
         <input_file_ref idref="fl-4"/>
      </object_component>
      <object_component id="oc-132">
         <name>.text</name>
         <load_address>0xe4</load_address>
         <run_address>0xe4</run_address>
         <size>0x104c</size>
         <input_file_ref idref="fl-e"/>
      </object_component>
      <object_component id="oc-148">
         <name>.text:__TI_printfi</name>
         <load_address>0x1130</load_address>
         <run_address>0x1130</run_address>
         <size>0xa5e</size>
         <input_file_ref idref="fl-d1"/>
      </object_component>
      <object_component id="oc-2e2">
         <name>.text</name>
         <load_address>0x1b8e</load_address>
         <run_address>0x1b8e</run_address>
         <size>0x2</size>
         <input_file_ref idref="fl-e4"/>
      </object_component>
      <object_component id="oc-a9">
         <name>.text</name>
         <load_address>0x1b90</load_address>
         <run_address>0x1b90</run_address>
         <size>0x8a8</size>
         <input_file_ref idref="fl-c"/>
      </object_component>
      <object_component id="oc-6a">
         <name>.text</name>
         <load_address>0x2438</load_address>
         <run_address>0x2438</run_address>
         <size>0x5c0</size>
         <input_file_ref idref="fl-2"/>
      </object_component>
      <object_component id="oc-a2">
         <name>.text</name>
         <load_address>0x29f8</load_address>
         <run_address>0x29f8</run_address>
         <size>0x334</size>
         <input_file_ref idref="fl-5"/>
      </object_component>
      <object_component id="oc-1ea">
         <name>.text:_pconv_a</name>
         <load_address>0x2d2c</load_address>
         <run_address>0x2d2c</run_address>
         <size>0x270</size>
         <input_file_ref idref="fl-d1"/>
      </object_component>
      <object_component id="oc-1d8">
         <name>.text:_pconv_g</name>
         <load_address>0x2f9c</load_address>
         <run_address>0x2f9c</run_address>
         <size>0x1d0</size>
         <input_file_ref idref="fl-d1"/>
      </object_component>
      <object_component id="oc-273">
         <name>.text</name>
         <load_address>0x316c</load_address>
         <run_address>0x316c</run_address>
         <size>0x1b6</size>
         <input_file_ref idref="fl-dc"/>
      </object_component>
      <object_component id="oc-12c">
         <name>.text</name>
         <load_address>0x3324</load_address>
         <run_address>0x3324</run_address>
         <size>0x188</size>
         <input_file_ref idref="fl-d"/>
      </object_component>
      <object_component id="oc-1e4">
         <name>.text:_pconv_e</name>
         <load_address>0x34ac</load_address>
         <run_address>0x34ac</run_address>
         <size>0x13c</size>
         <input_file_ref idref="fl-d1"/>
      </object_component>
      <object_component id="oc-259">
         <name>.text</name>
         <load_address>0x35e8</load_address>
         <run_address>0x35e8</run_address>
         <size>0x136</size>
         <input_file_ref idref="fl-de"/>
      </object_component>
      <object_component id="oc-285">
         <name>.text:fcvt</name>
         <load_address>0x3720</load_address>
         <run_address>0x3720</run_address>
         <size>0x120</size>
         <input_file_ref idref="fl-d1"/>
      </object_component>
      <object_component id="oc-299">
         <name>.text:scalbn</name>
         <load_address>0x3840</load_address>
         <run_address>0x3840</run_address>
         <size>0x110</size>
         <input_file_ref idref="fl-d9"/>
      </object_component>
      <object_component id="oc-254">
         <name>.text</name>
         <load_address>0x3950</load_address>
         <run_address>0x3950</run_address>
         <size>0xfc</size>
         <input_file_ref idref="fl-df"/>
      </object_component>
      <object_component id="oc-1cd">
         <name>.text:_ltostr</name>
         <load_address>0x3a4c</load_address>
         <run_address>0x3a4c</run_address>
         <size>0xb1</size>
         <input_file_ref idref="fl-d1"/>
      </object_component>
      <object_component id="oc-34">
         <name>.text</name>
         <load_address>0x3afe</load_address>
         <run_address>0x3afe</run_address>
         <size>0x9c</size>
         <input_file_ref idref="fl-c4"/>
      </object_component>
      <object_component id="oc-24d">
         <name>.text</name>
         <load_address>0x3b9a</load_address>
         <run_address>0x3b9a</run_address>
         <size>0x96</size>
         <input_file_ref idref="fl-e2"/>
      </object_component>
      <object_component id="oc-1d3">
         <name>.text:__aeabi_cdcmple</name>
         <load_address>0x3c30</load_address>
         <run_address>0x3c30</run_address>
         <size>0x86</size>
         <input_file_ref idref="fl-dd"/>
      </object_component>
      <object_component id="oc-25e">
         <name>.text:__aeabi_cdrcmple</name>
         <load_address>0x3cb6</load_address>
         <run_address>0x3cb6</run_address>
         <size>0x86</size>
         <input_file_ref idref="fl-dd"/>
      </object_component>
      <object_component id="oc-8a">
         <name>.text</name>
         <load_address>0x3d3c</load_address>
         <run_address>0x3d3c</run_address>
         <size>0x7a</size>
         <input_file_ref idref="fl-cd"/>
      </object_component>
      <object_component id="oc-b2">
         <name>.text</name>
         <load_address>0x3db8</load_address>
         <run_address>0x3db8</run_address>
         <size>0x78</size>
         <input_file_ref idref="fl-b"/>
      </object_component>
      <object_component id="oc-27e">
         <name>.text:_mcpy</name>
         <load_address>0x3e30</load_address>
         <run_address>0x3e30</run_address>
         <size>0x6e</size>
         <input_file_ref idref="fl-d1"/>
      </object_component>
      <object_component id="oc-14">
         <name>.text:decompress:lzss:__TI_decompress_lzss</name>
         <load_address>0x3e9e</load_address>
         <run_address>0x3e9e</run_address>
         <size>0x68</size>
         <input_file_ref idref="fl-c7"/>
      </object_component>
      <object_component id="oc-293">
         <name>.text:frexp</name>
         <load_address>0x3f08</load_address>
         <run_address>0x3f08</run_address>
         <size>0x64</size>
         <input_file_ref idref="fl-d8"/>
      </object_component>
      <object_component id="oc-1de">
         <name>.text:_pconv_f</name>
         <load_address>0x3f6c</load_address>
         <run_address>0x3f6c</run_address>
         <size>0x56</size>
         <input_file_ref idref="fl-d1"/>
      </object_component>
      <object_component id="oc-268">
         <name>.text:ltoa</name>
         <load_address>0x3fc2</load_address>
         <run_address>0x3fc2</run_address>
         <size>0x54</size>
         <input_file_ref idref="fl-d4"/>
      </object_component>
      <object_component id="oc-278">
         <name>.text:_ecpy</name>
         <load_address>0x4016</load_address>
         <run_address>0x4016</run_address>
         <size>0x52</size>
         <input_file_ref idref="fl-d1"/>
      </object_component>
      <object_component id="oc-1c7">
         <name>.text:atoi</name>
         <load_address>0x4068</load_address>
         <run_address>0x4068</run_address>
         <size>0x4c</size>
         <input_file_ref idref="fl-d2"/>
      </object_component>
      <object_component id="oc-263">
         <name>.text</name>
         <load_address>0x40b4</load_address>
         <run_address>0x40b4</run_address>
         <size>0x48</size>
         <input_file_ref idref="fl-e0"/>
      </object_component>
      <object_component id="oc-f6">
         <name>.text:__TI_auto_init_nobinit_nopinit:__TI_auto_init_nobinit_nopinit</name>
         <load_address>0x40fc</load_address>
         <run_address>0x40fc</run_address>
         <size>0x44</size>
         <input_file_ref idref="fl-ce"/>
      </object_component>
      <object_component id="oc-b8">
         <name>.text:sprintf</name>
         <load_address>0x4140</load_address>
         <run_address>0x4140</run_address>
         <size>0x40</size>
         <input_file_ref idref="fl-cc"/>
      </object_component>
      <object_component id="oc-28b">
         <name>.text:_fcpy</name>
         <load_address>0x4180</load_address>
         <run_address>0x4180</run_address>
         <size>0x3e</size>
         <input_file_ref idref="fl-d1"/>
      </object_component>
      <object_component id="oc-52">
         <name>.text:_c_int00_noargs:_c_int00_noargs</name>
         <load_address>0x41c0</load_address>
         <run_address>0x41c0</run_address>
         <size>0x38</size>
         <input_file_ref idref="fl-c8"/>
      </object_component>
      <object_component id="oc-26e">
         <name>.text</name>
         <load_address>0x41f8</load_address>
         <run_address>0x41f8</run_address>
         <size>0x2e</size>
         <input_file_ref idref="fl-e1"/>
      </object_component>
      <object_component id="oc-1f0">
         <name>.text:memccpy</name>
         <load_address>0x4226</load_address>
         <run_address>0x4226</run_address>
         <size>0x1c</size>
         <input_file_ref idref="fl-d5"/>
      </object_component>
      <object_component id="oc-14e">
         <name>.text:_outs</name>
         <load_address>0x4242</load_address>
         <run_address>0x4242</run_address>
         <size>0x18</size>
         <input_file_ref idref="fl-cc"/>
      </object_component>
      <object_component id="oc-29f">
         <name>.text:strchr</name>
         <load_address>0x425a</load_address>
         <run_address>0x425a</run_address>
         <size>0x16</size>
         <input_file_ref idref="fl-d6"/>
      </object_component>
      <object_component id="oc-2fb">
         <name>.text:copysign</name>
         <load_address>0x4270</load_address>
         <run_address>0x4270</run_address>
         <size>0x14</size>
         <input_file_ref idref="fl-da"/>
      </object_component>
      <object_component id="oc-1c1">
         <name>.text:strlen</name>
         <load_address>0x4284</load_address>
         <run_address>0x4284</run_address>
         <size>0x14</size>
         <input_file_ref idref="fl-d7"/>
      </object_component>
      <object_component id="oc-1f6">
         <name>.text:wcslen</name>
         <load_address>0x4298</load_address>
         <run_address>0x4298</run_address>
         <size>0x12</size>
         <input_file_ref idref="fl-db"/>
      </object_component>
      <object_component id="oc-1a">
         <name>.text:decompress:none:__TI_decompress_none</name>
         <load_address>0x42aa</load_address>
         <run_address>0x42aa</run_address>
         <size>0xe</size>
         <input_file_ref idref="fl-c6"/>
      </object_component>
      <object_component id="oc-64">
         <name>.text</name>
         <load_address>0x42b8</load_address>
         <run_address>0x42b8</run_address>
         <size>0xe</size>
         <input_file_ref idref="fl-4"/>
      </object_component>
      <object_component id="oc-46">
         <name>.text:decompress:ZI:__TI_zero_init</name>
         <load_address>0x42c6</load_address>
         <run_address>0x42c6</run_address>
         <size>0xc</size>
         <input_file_ref idref="fl-c5"/>
      </object_component>
      <object_component id="oc-154">
         <name>.text:_outc</name>
         <load_address>0x42d2</load_address>
         <run_address>0x42d2</run_address>
         <size>0xa</size>
         <input_file_ref idref="fl-cc"/>
      </object_component>
      <object_component id="oc-1fc">
         <name>.text:__aeabi_errno_addr</name>
         <load_address>0x42dc</load_address>
         <run_address>0x42dc</run_address>
         <size>0x8</size>
         <input_file_ref idref="fl-e3"/>
      </object_component>
      <object_component id="oc-90">
         <name>.text:_system_pre_init</name>
         <load_address>0x42e4</load_address>
         <run_address>0x42e4</run_address>
         <size>0x4</size>
         <input_file_ref idref="fl-cf"/>
      </object_component>
      <object_component id="oc-ea">
         <name>.text:abort:abort</name>
         <load_address>0x42e8</load_address>
         <run_address>0x42e8</run_address>
         <size>0x4</size>
         <input_file_ref idref="fl-c9"/>
      </object_component>
      <object_component id="oc-172">
         <name>.const:.string:pixel_logoUB8BPP_UNCOMP</name>
         <load_address>0x42ec</load_address>
         <run_address>0x42ec</run_address>
         <size>0xed3</size>
         <input_file_ref idref="fl-3"/>
      </object_component>
      <object_component id="oc-1a6">
         <name>.const:font_11x16</name>
         <load_address>0x51c0</load_address>
         <run_address>0x51c0</run_address>
         <size>0x82a</size>
         <input_file_ref idref="fl-e"/>
      </object_component>
      <object_component id="oc-1a9">
         <name>.const:font_8x12</name>
         <load_address>0x59ea</load_address>
         <run_address>0x59ea</run_address>
         <size>0x474</size>
         <input_file_ref idref="fl-e"/>
      </object_component>
      <object_component id="oc-16f">
         <name>.const:palette_logoUB8BPP_UNCOMP</name>
         <load_address>0x5e60</load_address>
         <run_address>0x5e60</run_address>
         <size>0x400</size>
         <input_file_ref idref="fl-3"/>
      </object_component>
      <object_component id="oc-1a3">
         <name>.const:font_5x7</name>
         <load_address>0x6260</load_address>
         <run_address>0x6260</run_address>
         <size>0x1e0</size>
         <input_file_ref idref="fl-e"/>
      </object_component>
      <object_component id="oc-248">
         <name>.const:.string:_ctypes_</name>
         <load_address>0x6440</load_address>
         <run_address>0x6440</run_address>
         <size>0x101</size>
         <input_file_ref idref="fl-d3"/>
      </object_component>
      <object_component id="oc-138">
         <name>.const:.string:$P$T0$1</name>
         <load_address>0x6541</load_address>
         <run_address>0x6541</run_address>
         <size>0x10</size>
         <input_file_ref idref="fl-c"/>
      </object_component>
      <object_component id="oc-13b">
         <name>.const:.string:$P$T1$2</name>
         <load_address>0x6551</load_address>
         <run_address>0x6551</run_address>
         <size>0x10</size>
         <input_file_ref idref="fl-c"/>
      </object_component>
      <object_component id="oc-c4">
         <name>.const:logoUB8BPP_UNCOMP</name>
         <load_address>0x6564</load_address>
         <run_address>0x6564</run_address>
         <size>0x10</size>
         <input_file_ref idref="fl-3"/>
      </object_component>
      <object_component id="oc-357">
         <name>.cinit..data.load</name>
         <load_address>0x6578</load_address>
         <run_address>0x6578</run_address>
         <size>0x1a</size>
      </object_component>
      <object_component id="oc-355">
         <name>__TI_handler_table</name>
         <load_address>0x6594</load_address>
         <run_address>0x6594</run_address>
         <size>0xc</size>
      </object_component>
      <object_component id="oc-358">
         <name>.cinit..bss.load</name>
         <load_address>0x65a0</load_address>
         <run_address>0x65a0</run_address>
         <size>0x8</size>
      </object_component>
      <object_component id="oc-356">
         <name>__TI_cinit_table</name>
         <load_address>0x65a8</load_address>
         <run_address>0x65a8</run_address>
         <size>0x10</size>
      </object_component>
      <object_component id="oc-32a">
         <name>.binit</name>
         <load_address>0x0</load_address>
         <run_address>0x0</run_address>
         <size>0x0</size>
      </object_component>
      <object_component id="oc-be">
         <name>.data</name>
         <load_address>0x2000041c</load_address>
         <run_address>0x2000041c</run_address>
         <size>0x3</size>
         <input_file_ref idref="fl-2"/>
      </object_component>
      <object_component id="oc-128">
         <name>.data</name>
         <load_address>0x20000418</load_address>
         <run_address>0x20000418</run_address>
         <size>0x4</size>
         <input_file_ref idref="fl-5"/>
      </object_component>
      <object_component id="oc-af">
         <name>.data</name>
         <load_address>0x20000404</load_address>
         <run_address>0x20000404</run_address>
         <size>0xa</size>
         <input_file_ref idref="fl-c"/>
      </object_component>
      <object_component id="oc-1a0">
         <name>.data</name>
         <load_address>0x2000040e</load_address>
         <run_address>0x2000040e</run_address>
         <size>0x4</size>
         <input_file_ref idref="fl-e"/>
      </object_component>
      <object_component id="oc-2af">
         <name>.data</name>
         <load_address>0x20000414</load_address>
         <run_address>0x20000414</run_address>
         <size>0x4</size>
         <input_file_ref idref="fl-e3"/>
      </object_component>
      <object_component id="oc-1ac">
         <name>.bss:g_pulConvertedPalette</name>
         <uninitialized>true</uninitialized>
         <run_address>0x20000000</run_address>
         <size>0x400</size>
         <input_file_ref idref="fl-e"/>
      </object_component>
      <object_component id="oc-c1">
         <name>.common:x0</name>
         <uninitialized>true</uninitialized>
         <run_address>0x20000400</run_address>
         <size>0x2</size>
      </object_component>
      <object_component id="oc-c7">
         <name>.common:y0</name>
         <uninitialized>true</uninitialized>
         <run_address>0x20000402</run_address>
         <size>0x2</size>
      </object_component>
      <object_component id="oc-26">
         <name>.stack</name>
         <uninitialized>true</uninitialized>
         <run_address>0x2000fe00</run_address>
         <size>0x4</size>
         <input_file_ref idref="fl-c8"/>
      </object_component>
      <object_component id="oc-359">
         <name>.stack</name>
         <uninitialized>true</uninitialized>
         <run_address>0x2000fe00</run_address>
         <size>0x0</size>
      </object_component>
      <object_component id="oc-c2">
         <name>.debug_info</name>
         <load_address>0x0</load_address>
         <run_address>0x0</run_address>
         <size>0x826</size>
         <input_file_ref idref="fl-2"/>
      </object_component>
      <object_component id="oc-bf">
         <name>.debug_info</name>
         <load_address>0x826</load_address>
         <run_address>0x826</run_address>
         <size>0x10f</size>
         <input_file_ref idref="fl-2"/>
      </object_component>
      <object_component id="oc-6b">
         <name>.debug_info</name>
         <load_address>0x935</load_address>
         <run_address>0x935</run_address>
         <size>0x73a</size>
         <input_file_ref idref="fl-2"/>
      </object_component>
      <object_component id="oc-16a">
         <name>.debug_info</name>
         <load_address>0x106f</load_address>
         <run_address>0x106f</run_address>
         <size>0x1055</size>
         <input_file_ref idref="fl-2"/>
      </object_component>
      <object_component id="oc-d5">
         <name>.debug_info</name>
         <load_address>0x20c4</load_address>
         <run_address>0x20c4</run_address>
         <size>0x26b</size>
         <input_file_ref idref="fl-2"/>
      </object_component>
      <object_component id="oc-165">
         <name>.debug_info</name>
         <load_address>0x232f</load_address>
         <run_address>0x232f</run_address>
         <size>0x37e2</size>
         <input_file_ref idref="fl-2"/>
      </object_component>
      <object_component id="oc-ce">
         <name>.debug_info</name>
         <load_address>0x5b11</load_address>
         <run_address>0x5b11</run_address>
         <size>0xb2</size>
         <input_file_ref idref="fl-2"/>
      </object_component>
      <object_component id="oc-2f">
         <name>.debug_info</name>
         <load_address>0x5bc3</load_address>
         <run_address>0x5bc3</run_address>
         <size>0x84</size>
         <input_file_ref idref="fl-2"/>
      </object_component>
      <object_component id="oc-178">
         <name>.debug_info</name>
         <load_address>0x5c47</load_address>
         <run_address>0x5c47</run_address>
         <size>0x297</size>
         <input_file_ref idref="fl-2"/>
      </object_component>
      <object_component id="oc-c9">
         <name>.debug_info</name>
         <load_address>0x5ede</load_address>
         <run_address>0x5ede</run_address>
         <size>0xbb</size>
         <input_file_ref idref="fl-2"/>
      </object_component>
      <object_component id="oc-15c">
         <name>.debug_info</name>
         <load_address>0x5f99</load_address>
         <run_address>0x5f99</run_address>
         <size>0x2c</size>
         <input_file_ref idref="fl-2"/>
      </object_component>
      <object_component id="oc-177">
         <name>.debug_info</name>
         <load_address>0x5fc5</load_address>
         <run_address>0x5fc5</run_address>
         <size>0xec</size>
         <input_file_ref idref="fl-3"/>
      </object_component>
      <object_component id="oc-173">
         <name>.debug_info</name>
         <load_address>0x60b1</load_address>
         <run_address>0x60b1</run_address>
         <size>0xde</size>
         <input_file_ref idref="fl-3"/>
      </object_component>
      <object_component id="oc-170">
         <name>.debug_info</name>
         <load_address>0x618f</load_address>
         <run_address>0x618f</run_address>
         <size>0xe2</size>
         <input_file_ref idref="fl-3"/>
      </object_component>
      <object_component id="oc-c5">
         <name>.debug_info</name>
         <load_address>0x6271</load_address>
         <run_address>0x6271</run_address>
         <size>0xd3</size>
         <input_file_ref idref="fl-3"/>
      </object_component>
      <object_component id="oc-72">
         <name>.debug_info</name>
         <load_address>0x6344</load_address>
         <run_address>0x6344</run_address>
         <size>0x2b2</size>
         <input_file_ref idref="fl-4"/>
      </object_component>
      <object_component id="oc-24">
         <name>.debug_info</name>
         <load_address>0x65f6</load_address>
         <run_address>0x65f6</run_address>
         <size>0xde</size>
         <input_file_ref idref="fl-4"/>
      </object_component>
      <object_component id="oc-65">
         <name>.debug_info</name>
         <load_address>0x66d4</load_address>
         <run_address>0x66d4</run_address>
         <size>0x1a5</size>
         <input_file_ref idref="fl-4"/>
      </object_component>
      <object_component id="oc-129">
         <name>.debug_info</name>
         <load_address>0x6879</load_address>
         <run_address>0x6879</run_address>
         <size>0xd7</size>
         <input_file_ref idref="fl-5"/>
      </object_component>
      <object_component id="oc-a3">
         <name>.debug_info</name>
         <load_address>0x6950</load_address>
         <run_address>0x6950</run_address>
         <size>0x249</size>
         <input_file_ref idref="fl-5"/>
      </object_component>
      <object_component id="oc-245">
         <name>.debug_info</name>
         <load_address>0x6b99</load_address>
         <run_address>0x6b99</run_address>
         <size>0x395</size>
         <input_file_ref idref="fl-b"/>
      </object_component>
      <object_component id="oc-b5">
         <name>.debug_info</name>
         <load_address>0x6f2e</load_address>
         <run_address>0x6f2e</run_address>
         <size>0x181</size>
         <input_file_ref idref="fl-b"/>
      </object_component>
      <object_component id="oc-2d6">
         <name>.debug_info</name>
         <load_address>0x70af</load_address>
         <run_address>0x70af</run_address>
         <size>0x37cd</size>
         <input_file_ref idref="fl-b"/>
      </object_component>
      <object_component id="oc-1bc">
         <name>.debug_info</name>
         <load_address>0xa87c</load_address>
         <run_address>0xa87c</run_address>
         <size>0x1055</size>
         <input_file_ref idref="fl-b"/>
      </object_component>
      <object_component id="oc-13f">
         <name>.debug_info</name>
         <load_address>0xb8d1</load_address>
         <run_address>0xb8d1</run_address>
         <size>0x18b</size>
         <input_file_ref idref="fl-b"/>
      </object_component>
      <object_component id="oc-144">
         <name>.debug_info</name>
         <load_address>0xba5c</load_address>
         <run_address>0xba5c</run_address>
         <size>0x689</size>
         <input_file_ref idref="fl-c"/>
      </object_component>
      <object_component id="oc-b0">
         <name>.debug_info</name>
         <load_address>0xc0e5</load_address>
         <run_address>0xc0e5</run_address>
         <size>0x19a</size>
         <input_file_ref idref="fl-c"/>
      </object_component>
      <object_component id="oc-139">
         <name>.debug_info</name>
         <load_address>0xc27f</load_address>
         <run_address>0xc27f</run_address>
         <size>0xc6</size>
         <input_file_ref idref="fl-c"/>
      </object_component>
      <object_component id="oc-13c">
         <name>.debug_info</name>
         <load_address>0xc345</load_address>
         <run_address>0xc345</run_address>
         <size>0xc6</size>
         <input_file_ref idref="fl-c"/>
      </object_component>
      <object_component id="oc-ad">
         <name>.debug_info</name>
         <load_address>0xc40b</load_address>
         <run_address>0xc40b</run_address>
         <size>0x1818</size>
         <input_file_ref idref="fl-c"/>
      </object_component>
      <object_component id="oc-1b7">
         <name>.debug_info</name>
         <load_address>0xdc23</load_address>
         <run_address>0xdc23</run_address>
         <size>0x37cd</size>
         <input_file_ref idref="fl-c"/>
      </object_component>
      <object_component id="oc-12d">
         <name>.debug_info</name>
         <load_address>0x113f0</load_address>
         <run_address>0x113f0</run_address>
         <size>0x28b</size>
         <input_file_ref idref="fl-d"/>
      </object_component>
      <object_component id="oc-1b0">
         <name>.debug_info</name>
         <load_address>0x1167b</load_address>
         <run_address>0x1167b</run_address>
         <size>0x1f1</size>
         <input_file_ref idref="fl-e"/>
      </object_component>
      <object_component id="oc-1a4">
         <name>.debug_info</name>
         <load_address>0x1186c</load_address>
         <run_address>0x1186c</run_address>
         <size>0xce</size>
         <input_file_ref idref="fl-e"/>
      </object_component>
      <object_component id="oc-1aa">
         <name>.debug_info</name>
         <load_address>0x1193a</load_address>
         <run_address>0x1193a</run_address>
         <size>0xd0</size>
         <input_file_ref idref="fl-e"/>
      </object_component>
      <object_component id="oc-1a7">
         <name>.debug_info</name>
         <load_address>0x11a0a</load_address>
         <run_address>0x11a0a</run_address>
         <size>0xd2</size>
         <input_file_ref idref="fl-e"/>
      </object_component>
      <object_component id="oc-1a1">
         <name>.debug_info</name>
         <load_address>0x11adc</load_address>
         <run_address>0x11adc</run_address>
         <size>0x15d</size>
         <input_file_ref idref="fl-e"/>
      </object_component>
      <object_component id="oc-1ad">
         <name>.debug_info</name>
         <load_address>0x11c39</load_address>
         <run_address>0x11c39</run_address>
         <size>0xe7</size>
         <input_file_ref idref="fl-e"/>
      </object_component>
      <object_component id="oc-134">
         <name>.debug_info</name>
         <load_address>0x11d20</load_address>
         <run_address>0x11d20</run_address>
         <size>0x1a6f</size>
         <input_file_ref idref="fl-e"/>
      </object_component>
      <object_component id="oc-37">
         <name>.debug_info</name>
         <load_address>0x1378f</load_address>
         <run_address>0x1378f</run_address>
         <size>0x111</size>
         <input_file_ref idref="fl-c4"/>
      </object_component>
      <object_component id="oc-89">
         <name>.debug_info</name>
         <load_address>0x138a0</load_address>
         <run_address>0x138a0</run_address>
         <size>0x313</size>
         <input_file_ref idref="fl-c5"/>
      </object_component>
      <object_component id="oc-47">
         <name>.debug_info</name>
         <load_address>0x13bb3</load_address>
         <run_address>0x13bb3</run_address>
         <size>0x1aa</size>
         <input_file_ref idref="fl-c5"/>
      </object_component>
      <object_component id="oc-84">
         <name>.debug_info</name>
         <load_address>0x13d5d</load_address>
         <run_address>0x13d5d</run_address>
         <size>0x46</size>
         <input_file_ref idref="fl-c5"/>
      </object_component>
      <object_component id="oc-e1">
         <name>.debug_info</name>
         <load_address>0x13da3</load_address>
         <run_address>0x13da3</run_address>
         <size>0x2c</size>
         <input_file_ref idref="fl-c5"/>
      </object_component>
      <object_component id="oc-3f">
         <name>.debug_info</name>
         <load_address>0x13dcf</load_address>
         <run_address>0x13dcf</run_address>
         <size>0x29d</size>
         <input_file_ref idref="fl-c6"/>
      </object_component>
      <object_component id="oc-1b">
         <name>.debug_info</name>
         <load_address>0x1406c</load_address>
         <run_address>0x1406c</run_address>
         <size>0x1df</size>
         <input_file_ref idref="fl-c6"/>
      </object_component>
      <object_component id="oc-3a">
         <name>.debug_info</name>
         <load_address>0x1424b</load_address>
         <run_address>0x1424b</run_address>
         <size>0x46</size>
         <input_file_ref idref="fl-c6"/>
      </object_component>
      <object_component id="oc-7c">
         <name>.debug_info</name>
         <load_address>0x14291</load_address>
         <run_address>0x14291</run_address>
         <size>0x2c</size>
         <input_file_ref idref="fl-c6"/>
      </object_component>
      <object_component id="oc-7a">
         <name>.debug_info</name>
         <load_address>0x142bd</load_address>
         <run_address>0x142bd</run_address>
         <size>0x293</size>
         <input_file_ref idref="fl-c7"/>
      </object_component>
      <object_component id="oc-16">
         <name>.debug_info</name>
         <load_address>0x14550</load_address>
         <run_address>0x14550</run_address>
         <size>0x245</size>
         <input_file_ref idref="fl-c7"/>
      </object_component>
      <object_component id="oc-2a">
         <name>.debug_info</name>
         <load_address>0x14795</load_address>
         <run_address>0x14795</run_address>
         <size>0x60</size>
         <input_file_ref idref="fl-c7"/>
      </object_component>
      <object_component id="oc-da">
         <name>.debug_info</name>
         <load_address>0x147f5</load_address>
         <run_address>0x147f5</run_address>
         <size>0x46</size>
         <input_file_ref idref="fl-c7"/>
      </object_component>
      <object_component id="oc-75">
         <name>.debug_info</name>
         <load_address>0x1483b</load_address>
         <run_address>0x1483b</run_address>
         <size>0x39</size>
         <input_file_ref idref="fl-c7"/>
      </object_component>
      <object_component id="oc-27">
         <name>.debug_info</name>
         <load_address>0x14874</load_address>
         <run_address>0x14874</run_address>
         <size>0x100</size>
         <input_file_ref idref="fl-c8"/>
      </object_component>
      <object_component id="oc-54">
         <name>.debug_info</name>
         <load_address>0x14974</load_address>
         <run_address>0x14974</run_address>
         <size>0x1a4</size>
         <input_file_ref idref="fl-c8"/>
      </object_component>
      <object_component id="oc-eb">
         <name>.debug_info</name>
         <load_address>0x14b18</load_address>
         <run_address>0x14b18</run_address>
         <size>0x117</size>
         <input_file_ref idref="fl-c9"/>
      </object_component>
      <object_component id="oc-15b">
         <name>.debug_info</name>
         <load_address>0x14c2f</load_address>
         <run_address>0x14c2f</run_address>
         <size>0x328</size>
         <input_file_ref idref="fl-cc"/>
      </object_component>
      <object_component id="oc-b9">
         <name>.debug_info</name>
         <load_address>0x14f57</load_address>
         <run_address>0x14f57</run_address>
         <size>0x1c6</size>
         <input_file_ref idref="fl-cc"/>
      </object_component>
      <object_component id="oc-14f">
         <name>.debug_info</name>
         <load_address>0x1511d</load_address>
         <run_address>0x1511d</run_address>
         <size>0x182</size>
         <input_file_ref idref="fl-cc"/>
      </object_component>
      <object_component id="oc-155">
         <name>.debug_info</name>
         <load_address>0x1529f</load_address>
         <run_address>0x1529f</run_address>
         <size>0x162</size>
         <input_file_ref idref="fl-cc"/>
      </object_component>
      <object_component id="oc-2b6">
         <name>.debug_info</name>
         <load_address>0x15401</load_address>
         <run_address>0x15401</run_address>
         <size>0x2c</size>
         <input_file_ref idref="fl-cc"/>
      </object_component>
      <object_component id="oc-8c">
         <name>.debug_info</name>
         <load_address>0x1542d</load_address>
         <run_address>0x1542d</run_address>
         <size>0x13f</size>
         <input_file_ref idref="fl-cd"/>
      </object_component>
      <object_component id="oc-188">
         <name>.debug_info</name>
         <load_address>0x1556c</load_address>
         <run_address>0x1556c</run_address>
         <size>0x547</size>
         <input_file_ref idref="fl-ce"/>
      </object_component>
      <object_component id="oc-f7">
         <name>.debug_info</name>
         <load_address>0x15ab3</load_address>
         <run_address>0x15ab3</run_address>
         <size>0x19b</size>
         <input_file_ref idref="fl-ce"/>
      </object_component>
      <object_component id="oc-228">
         <name>.debug_info</name>
         <load_address>0x15c4e</load_address>
         <run_address>0x15c4e</run_address>
         <size>0x39</size>
         <input_file_ref idref="fl-ce"/>
      </object_component>
      <object_component id="oc-2c8">
         <name>.debug_info</name>
         <load_address>0x15c87</load_address>
         <run_address>0x15c87</run_address>
         <size>0x39</size>
         <input_file_ref idref="fl-ce"/>
      </object_component>
      <object_component id="oc-22d">
         <name>.debug_info</name>
         <load_address>0x15cc0</load_address>
         <run_address>0x15cc0</run_address>
         <size>0x39</size>
         <input_file_ref idref="fl-ce"/>
      </object_component>
      <object_component id="oc-232">
         <name>.debug_info</name>
         <load_address>0x15cf9</load_address>
         <run_address>0x15cf9</run_address>
         <size>0xcd</size>
         <input_file_ref idref="fl-ce"/>
      </object_component>
      <object_component id="oc-91">
         <name>.debug_info</name>
         <load_address>0x15dc6</load_address>
         <run_address>0x15dc6</run_address>
         <size>0x148</size>
         <input_file_ref idref="fl-cf"/>
      </object_component>
      <object_component id="oc-203">
         <name>.debug_info</name>
         <load_address>0x15f0e</load_address>
         <run_address>0x15f0e</run_address>
         <size>0x8a6</size>
         <input_file_ref idref="fl-d1"/>
      </object_component>
      <object_component id="oc-1ce">
         <name>.debug_info</name>
         <load_address>0x167b4</load_address>
         <run_address>0x167b4</run_address>
         <size>0x213</size>
         <input_file_ref idref="fl-d1"/>
      </object_component>
      <object_component id="oc-279">
         <name>.debug_info</name>
         <load_address>0x169c7</load_address>
         <run_address>0x169c7</run_address>
         <size>0x1a8</size>
         <input_file_ref idref="fl-d1"/>
      </object_component>
      <object_component id="oc-27f">
         <name>.debug_info</name>
         <load_address>0x16b6f</load_address>
         <run_address>0x16b6f</run_address>
         <size>0x210</size>
         <input_file_ref idref="fl-d1"/>
      </object_component>
      <object_component id="oc-1d9">
         <name>.debug_info</name>
         <load_address>0x16d7f</load_address>
         <run_address>0x16d7f</run_address>
         <size>0x3b0</size>
         <input_file_ref idref="fl-d1"/>
      </object_component>
      <object_component id="oc-286">
         <name>.debug_info</name>
         <load_address>0x1712f</load_address>
         <run_address>0x1712f</run_address>
         <size>0x2fa</size>
         <input_file_ref idref="fl-d1"/>
      </object_component>
      <object_component id="oc-28c">
         <name>.debug_info</name>
         <load_address>0x17429</load_address>
         <run_address>0x17429</run_address>
         <size>0x20a</size>
         <input_file_ref idref="fl-d1"/>
      </object_component>
      <object_component id="oc-1df">
         <name>.debug_info</name>
         <load_address>0x17633</load_address>
         <run_address>0x17633</run_address>
         <size>0x20a</size>
         <input_file_ref idref="fl-d1"/>
      </object_component>
      <object_component id="oc-1e5">
         <name>.debug_info</name>
         <load_address>0x1783d</load_address>
         <run_address>0x1783d</run_address>
         <size>0x2f9</size>
         <input_file_ref idref="fl-d1"/>
      </object_component>
      <object_component id="oc-1eb">
         <name>.debug_info</name>
         <load_address>0x17b36</load_address>
         <run_address>0x17b36</run_address>
         <size>0x4a5</size>
         <input_file_ref idref="fl-d1"/>
      </object_component>
      <object_component id="oc-149">
         <name>.debug_info</name>
         <load_address>0x17fdb</load_address>
         <run_address>0x17fdb</run_address>
         <size>0x5cd</size>
         <input_file_ref idref="fl-d1"/>
      </object_component>
      <object_component id="oc-204">
         <name>.debug_info</name>
         <load_address>0x185a8</load_address>
         <run_address>0x185a8</run_address>
         <size>0x86</size>
         <input_file_ref idref="fl-d1"/>
      </object_component>
      <object_component id="oc-2bb">
         <name>.debug_info</name>
         <load_address>0x1862e</load_address>
         <run_address>0x1862e</run_address>
         <size>0x39</size>
         <input_file_ref idref="fl-d1"/>
      </object_component>
      <object_component id="oc-312">
         <name>.debug_info</name>
         <load_address>0x18667</load_address>
         <run_address>0x18667</run_address>
         <size>0xb6</size>
         <input_file_ref idref="fl-d1"/>
      </object_component>
      <object_component id="oc-2c0">
         <name>.debug_info</name>
         <load_address>0x1871d</load_address>
         <run_address>0x1871d</run_address>
         <size>0x46</size>
         <input_file_ref idref="fl-d1"/>
      </object_component>
      <object_component id="oc-209">
         <name>.debug_info</name>
         <load_address>0x18763</load_address>
         <run_address>0x18763</run_address>
         <size>0x46</size>
         <input_file_ref idref="fl-d1"/>
      </object_component>
      <object_component id="oc-24c">
         <name>.debug_info</name>
         <load_address>0x187a9</load_address>
         <run_address>0x187a9</run_address>
         <size>0x2ae</size>
         <input_file_ref idref="fl-d2"/>
      </object_component>
      <object_component id="oc-1c8">
         <name>.debug_info</name>
         <load_address>0x18a57</load_address>
         <run_address>0x18a57</run_address>
         <size>0x171</size>
         <input_file_ref idref="fl-d2"/>
      </object_component>
      <object_component id="oc-2df">
         <name>.debug_info</name>
         <load_address>0x18bc8</load_address>
         <run_address>0x18bc8</run_address>
         <size>0xee</size>
         <input_file_ref idref="fl-d3"/>
      </object_component>
      <object_component id="oc-249">
         <name>.debug_info</name>
         <load_address>0x18cb6</load_address>
         <run_address>0x18cb6</run_address>
         <size>0xfa</size>
         <input_file_ref idref="fl-d3"/>
      </object_component>
      <object_component id="oc-2ed">
         <name>.debug_info</name>
         <load_address>0x18db0</load_address>
         <run_address>0x18db0</run_address>
         <size>0x290</size>
         <input_file_ref idref="fl-d4"/>
      </object_component>
      <object_component id="oc-26a">
         <name>.debug_info</name>
         <load_address>0x19040</load_address>
         <run_address>0x19040</run_address>
         <size>0x1c2</size>
         <input_file_ref idref="fl-d4"/>
      </object_component>
      <object_component id="oc-2a7">
         <name>.debug_info</name>
         <load_address>0x19202</load_address>
         <run_address>0x19202</run_address>
         <size>0x28b</size>
         <input_file_ref idref="fl-d5"/>
      </object_component>
      <object_component id="oc-1f1">
         <name>.debug_info</name>
         <load_address>0x1948d</load_address>
         <run_address>0x1948d</run_address>
         <size>0x1ab</size>
         <input_file_ref idref="fl-d5"/>
      </object_component>
      <object_component id="oc-304">
         <name>.debug_info</name>
         <load_address>0x19638</load_address>
         <run_address>0x19638</run_address>
         <size>0x28f</size>
         <input_file_ref idref="fl-d6"/>
      </object_component>
      <object_component id="oc-2a0">
         <name>.debug_info</name>
         <load_address>0x198c7</load_address>
         <run_address>0x198c7</run_address>
         <size>0x247</size>
         <input_file_ref idref="fl-d6"/>
      </object_component>
      <object_component id="oc-247">
         <name>.debug_info</name>
         <load_address>0x19b0e</load_address>
         <run_address>0x19b0e</run_address>
         <size>0x284</size>
         <input_file_ref idref="fl-d7"/>
      </object_component>
      <object_component id="oc-1c2">
         <name>.debug_info</name>
         <load_address>0x19d92</load_address>
         <run_address>0x19d92</run_address>
         <size>0x22a</size>
         <input_file_ref idref="fl-d7"/>
      </object_component>
      <object_component id="oc-2f5">
         <name>.debug_info</name>
         <load_address>0x19fbc</load_address>
         <run_address>0x19fbc</run_address>
         <size>0x28f</size>
         <input_file_ref idref="fl-d8"/>
      </object_component>
      <object_component id="oc-294">
         <name>.debug_info</name>
         <load_address>0x1a24b</load_address>
         <run_address>0x1a24b</run_address>
         <size>0x18a</size>
         <input_file_ref idref="fl-d8"/>
      </object_component>
      <object_component id="oc-31e">
         <name>.debug_info</name>
         <load_address>0x1a3d5</load_address>
         <run_address>0x1a3d5</run_address>
         <size>0x39</size>
         <input_file_ref idref="fl-d8"/>
      </object_component>
      <object_component id="oc-2f6">
         <name>.debug_info</name>
         <load_address>0x1a40e</load_address>
         <run_address>0x1a40e</run_address>
         <size>0x2c</size>
         <input_file_ref idref="fl-d8"/>
      </object_component>
      <object_component id="oc-302">
         <name>.debug_info</name>
         <load_address>0x1a43a</load_address>
         <run_address>0x1a43a</run_address>
         <size>0x2f2</size>
         <input_file_ref idref="fl-d9"/>
      </object_component>
      <object_component id="oc-29a">
         <name>.debug_info</name>
         <load_address>0x1a72c</load_address>
         <run_address>0x1a72c</run_address>
         <size>0x21a</size>
         <input_file_ref idref="fl-d9"/>
      </object_component>
      <object_component id="oc-2fc">
         <name>.debug_info</name>
         <load_address>0x1a946</load_address>
         <run_address>0x1a946</run_address>
         <size>0x156</size>
         <input_file_ref idref="fl-da"/>
      </object_component>
      <object_component id="oc-2ae">
         <name>.debug_info</name>
         <load_address>0x1aa9c</load_address>
         <run_address>0x1aa9c</run_address>
         <size>0x284</size>
         <input_file_ref idref="fl-db"/>
      </object_component>
      <object_component id="oc-1f9">
         <name>.debug_info</name>
         <load_address>0x1ad20</load_address>
         <run_address>0x1ad20</run_address>
         <size>0x14f</size>
         <input_file_ref idref="fl-db"/>
      </object_component>
      <object_component id="oc-307">
         <name>.debug_info</name>
         <load_address>0x1ae6f</load_address>
         <run_address>0x1ae6f</run_address>
         <size>0x46</size>
         <input_file_ref idref="fl-db"/>
      </object_component>
      <object_component id="oc-2a9">
         <name>.debug_info</name>
         <load_address>0x1aeb5</load_address>
         <run_address>0x1aeb5</run_address>
         <size>0x39</size>
         <input_file_ref idref="fl-db"/>
      </object_component>
      <object_component id="oc-274">
         <name>.debug_info</name>
         <load_address>0x1aeee</load_address>
         <run_address>0x1aeee</run_address>
         <size>0x144</size>
         <input_file_ref idref="fl-dc"/>
      </object_component>
      <object_component id="oc-1d5">
         <name>.debug_info</name>
         <load_address>0x1b032</load_address>
         <run_address>0x1b032</run_address>
         <size>0x120</size>
         <input_file_ref idref="fl-dd"/>
      </object_component>
      <object_component id="oc-25f">
         <name>.debug_info</name>
         <load_address>0x1b152</load_address>
         <run_address>0x1b152</run_address>
         <size>0x122</size>
         <input_file_ref idref="fl-dd"/>
      </object_component>
      <object_component id="oc-25a">
         <name>.debug_info</name>
         <load_address>0x1b274</load_address>
         <run_address>0x1b274</run_address>
         <size>0x132</size>
         <input_file_ref idref="fl-de"/>
      </object_component>
      <object_component id="oc-257">
         <name>.debug_info</name>
         <load_address>0x1b3a6</load_address>
         <run_address>0x1b3a6</run_address>
         <size>0x132</size>
         <input_file_ref idref="fl-df"/>
      </object_component>
      <object_component id="oc-266">
         <name>.debug_info</name>
         <load_address>0x1b4d8</load_address>
         <run_address>0x1b4d8</run_address>
         <size>0x126</size>
         <input_file_ref idref="fl-e0"/>
      </object_component>
      <object_component id="oc-271">
         <name>.debug_info</name>
         <load_address>0x1b5fe</load_address>
         <run_address>0x1b5fe</run_address>
         <size>0x124</size>
         <input_file_ref idref="fl-e1"/>
      </object_component>
      <object_component id="oc-250">
         <name>.debug_info</name>
         <load_address>0x1b722</load_address>
         <run_address>0x1b722</run_address>
         <size>0x12c</size>
         <input_file_ref idref="fl-e2"/>
      </object_component>
      <object_component id="oc-2b3">
         <name>.debug_info</name>
         <load_address>0x1b84e</load_address>
         <run_address>0x1b84e</run_address>
         <size>0x27e</size>
         <input_file_ref idref="fl-e3"/>
      </object_component>
      <object_component id="oc-2b0">
         <name>.debug_info</name>
         <load_address>0x1bacc</load_address>
         <run_address>0x1bacc</run_address>
         <size>0x103</size>
         <input_file_ref idref="fl-e3"/>
      </object_component>
      <object_component id="oc-200">
         <name>.debug_info</name>
         <load_address>0x1bbcf</load_address>
         <run_address>0x1bbcf</run_address>
         <size>0x143</size>
         <input_file_ref idref="fl-e3"/>
      </object_component>
      <object_component id="oc-2e5">
         <name>.debug_info</name>
         <load_address>0x1bd12</load_address>
         <run_address>0x1bd12</run_address>
         <size>0x10d</size>
         <input_file_ref idref="fl-e4"/>
      </object_component>
      <object_component id="oc-35a">
         <name>.debug_info</name>
         <load_address>0x1be1f</load_address>
         <run_address>0x1be1f</run_address>
         <size>0x8d</size>
      </object_component>
      <object_component id="oc-164">
         <name>.debug_line</name>
         <load_address>0x0</load_address>
         <run_address>0x0</run_address>
         <size>0x90</size>
         <input_file_ref idref="fl-2"/>
      </object_component>
      <object_component id="oc-162">
         <name>.debug_line</name>
         <load_address>0x90</load_address>
         <run_address>0x90</run_address>
         <size>0x3b</size>
         <input_file_ref idref="fl-2"/>
      </object_component>
      <object_component id="oc-6e">
         <name>.debug_line</name>
         <load_address>0xcb</load_address>
         <run_address>0xcb</run_address>
         <size>0x1c4</size>
         <input_file_ref idref="fl-2"/>
      </object_component>
      <object_component id="oc-16d">
         <name>.debug_line</name>
         <load_address>0x28f</load_address>
         <run_address>0x28f</run_address>
         <size>0x55</size>
         <input_file_ref idref="fl-2"/>
      </object_component>
      <object_component id="oc-d8">
         <name>.debug_line</name>
         <load_address>0x2e4</load_address>
         <run_address>0x2e4</run_address>
         <size>0x69</size>
         <input_file_ref idref="fl-2"/>
      </object_component>
      <object_component id="oc-168">
         <name>.debug_line</name>
         <load_address>0x34d</load_address>
         <run_address>0x34d</run_address>
         <size>0x52</size>
         <input_file_ref idref="fl-2"/>
      </object_component>
      <object_component id="oc-d1">
         <name>.debug_line</name>
         <load_address>0x39f</load_address>
         <run_address>0x39f</run_address>
         <size>0x31</size>
         <input_file_ref idref="fl-2"/>
      </object_component>
      <object_component id="oc-32">
         <name>.debug_line</name>
         <load_address>0x3d0</load_address>
         <run_address>0x3d0</run_address>
         <size>0x20</size>
         <input_file_ref idref="fl-2"/>
      </object_component>
      <object_component id="oc-17b">
         <name>.debug_line</name>
         <load_address>0x3f0</load_address>
         <run_address>0x3f0</run_address>
         <size>0x6d</size>
         <input_file_ref idref="fl-2"/>
      </object_component>
      <object_component id="oc-cc">
         <name>.debug_line</name>
         <load_address>0x45d</load_address>
         <run_address>0x45d</run_address>
         <size>0x6a</size>
         <input_file_ref idref="fl-2"/>
      </object_component>
      <object_component id="oc-15f">
         <name>.debug_line</name>
         <load_address>0x4c7</load_address>
         <run_address>0x4c7</run_address>
         <size>0x65</size>
         <input_file_ref idref="fl-2"/>
      </object_component>
      <object_component id="oc-217">
         <name>.debug_line</name>
         <load_address>0x52c</load_address>
         <run_address>0x52c</run_address>
         <size>0x20</size>
         <input_file_ref idref="fl-3"/>
      </object_component>
      <object_component id="oc-215">
         <name>.debug_line</name>
         <load_address>0x54c</load_address>
         <run_address>0x54c</run_address>
         <size>0x33</size>
         <input_file_ref idref="fl-3"/>
      </object_component>
      <object_component id="oc-213">
         <name>.debug_line</name>
         <load_address>0x57f</load_address>
         <run_address>0x57f</run_address>
         <size>0x33</size>
         <input_file_ref idref="fl-3"/>
      </object_component>
      <object_component id="oc-176">
         <name>.debug_line</name>
         <load_address>0x5b2</load_address>
         <run_address>0x5b2</run_address>
         <size>0x33</size>
         <input_file_ref idref="fl-3"/>
      </object_component>
      <object_component id="oc-d4">
         <name>.debug_line</name>
         <load_address>0x5e5</load_address>
         <run_address>0x5e5</run_address>
         <size>0x40</size>
         <input_file_ref idref="fl-4"/>
      </object_component>
      <object_component id="oc-71">
         <name>.debug_line</name>
         <load_address>0x625</load_address>
         <run_address>0x625</run_address>
         <size>0x40</size>
         <input_file_ref idref="fl-4"/>
      </object_component>
      <object_component id="oc-68">
         <name>.debug_line</name>
         <load_address>0x665</load_address>
         <run_address>0x665</run_address>
         <size>0x71</size>
         <input_file_ref idref="fl-4"/>
      </object_component>
      <object_component id="oc-19e">
         <name>.debug_line</name>
         <load_address>0x6d6</load_address>
         <run_address>0x6d6</run_address>
         <size>0x3b</size>
         <input_file_ref idref="fl-5"/>
      </object_component>
      <object_component id="oc-a6">
         <name>.debug_line</name>
         <load_address>0x711</load_address>
         <run_address>0x711</run_address>
         <size>0x159</size>
         <input_file_ref idref="fl-5"/>
      </object_component>
      <object_component id="oc-2d5">
         <name>.debug_line</name>
         <load_address>0x86a</load_address>
         <run_address>0x86a</run_address>
         <size>0x20</size>
         <input_file_ref idref="fl-b"/>
      </object_component>
      <object_component id="oc-b3">
         <name>.debug_line</name>
         <load_address>0x88a</load_address>
         <run_address>0x88a</run_address>
         <size>0x75</size>
         <input_file_ref idref="fl-b"/>
      </object_component>
      <object_component id="oc-2d9">
         <name>.debug_line</name>
         <load_address>0x8ff</load_address>
         <run_address>0x8ff</run_address>
         <size>0x52</size>
         <input_file_ref idref="fl-b"/>
      </object_component>
      <object_component id="oc-1bf">
         <name>.debug_line</name>
         <load_address>0x951</load_address>
         <run_address>0x951</run_address>
         <size>0x55</size>
         <input_file_ref idref="fl-b"/>
      </object_component>
      <object_component id="oc-142">
         <name>.debug_line</name>
         <load_address>0x9a6</load_address>
         <run_address>0x9a6</run_address>
         <size>0x65</size>
         <input_file_ref idref="fl-b"/>
      </object_component>
      <object_component id="oc-1b6">
         <name>.debug_line</name>
         <load_address>0xa0b</load_address>
         <run_address>0xa0b</run_address>
         <size>0x41</size>
         <input_file_ref idref="fl-c"/>
      </object_component>
      <object_component id="oc-146">
         <name>.debug_line</name>
         <load_address>0xa4c</load_address>
         <run_address>0xa4c</run_address>
         <size>0x2c</size>
         <input_file_ref idref="fl-c"/>
      </object_component>
      <object_component id="oc-1b2">
         <name>.debug_line</name>
         <load_address>0xa78</load_address>
         <run_address>0xa78</run_address>
         <size>0x2c</size>
         <input_file_ref idref="fl-c"/>
      </object_component>
      <object_component id="oc-1b4">
         <name>.debug_line</name>
         <load_address>0xaa4</load_address>
         <run_address>0xaa4</run_address>
         <size>0x2c</size>
         <input_file_ref idref="fl-c"/>
      </object_component>
      <object_component id="oc-ac">
         <name>.debug_line</name>
         <load_address>0xad0</load_address>
         <run_address>0xad0</run_address>
         <size>0x3fd</size>
         <input_file_ref idref="fl-c"/>
      </object_component>
      <object_component id="oc-1ba">
         <name>.debug_line</name>
         <load_address>0xecd</load_address>
         <run_address>0xecd</run_address>
         <size>0x52</size>
         <input_file_ref idref="fl-c"/>
      </object_component>
      <object_component id="oc-130">
         <name>.debug_line</name>
         <load_address>0xf1f</load_address>
         <run_address>0xf1f</run_address>
         <size>0xb5</size>
         <input_file_ref idref="fl-d"/>
      </object_component>
      <object_component id="oc-244">
         <name>.debug_line</name>
         <load_address>0xfd4</load_address>
         <run_address>0xfd4</run_address>
         <size>0x41</size>
         <input_file_ref idref="fl-e"/>
      </object_component>
      <object_component id="oc-23c">
         <name>.debug_line</name>
         <load_address>0x1015</load_address>
         <run_address>0x1015</run_address>
         <size>0x2e</size>
         <input_file_ref idref="fl-e"/>
      </object_component>
      <object_component id="oc-240">
         <name>.debug_line</name>
         <load_address>0x1043</load_address>
         <run_address>0x1043</run_address>
         <size>0x2e</size>
         <input_file_ref idref="fl-e"/>
      </object_component>
      <object_component id="oc-23e">
         <name>.debug_line</name>
         <load_address>0x1071</load_address>
         <run_address>0x1071</run_address>
         <size>0x2e</size>
         <input_file_ref idref="fl-e"/>
      </object_component>
      <object_component id="oc-23a">
         <name>.debug_line</name>
         <load_address>0x109f</load_address>
         <run_address>0x109f</run_address>
         <size>0x31</size>
         <input_file_ref idref="fl-e"/>
      </object_component>
      <object_component id="oc-242">
         <name>.debug_line</name>
         <load_address>0x10d0</load_address>
         <run_address>0x10d0</run_address>
         <size>0x31</size>
         <input_file_ref idref="fl-e"/>
      </object_component>
      <object_component id="oc-137">
         <name>.debug_line</name>
         <load_address>0x1101</load_address>
         <run_address>0x1101</run_address>
         <size>0x629</size>
         <input_file_ref idref="fl-e"/>
      </object_component>
      <object_component id="oc-36">
         <name>.debug_line</name>
         <load_address>0x172a</load_address>
         <run_address>0x172a</run_address>
         <size>0x88</size>
         <input_file_ref idref="fl-c4"/>
      </object_component>
      <object_component id="oc-e7">
         <name>.debug_line</name>
         <load_address>0x17b2</load_address>
         <run_address>0x17b2</run_address>
         <size>0x9e</size>
         <input_file_ref idref="fl-c5"/>
      </object_component>
      <object_component id="oc-4a">
         <name>.debug_line</name>
         <load_address>0x1850</load_address>
         <run_address>0x1850</run_address>
         <size>0x4f</size>
         <input_file_ref idref="fl-c5"/>
      </object_component>
      <object_component id="oc-87">
         <name>.debug_line</name>
         <load_address>0x189f</load_address>
         <run_address>0x189f</run_address>
         <size>0x34</size>
         <input_file_ref idref="fl-c5"/>
      </object_component>
      <object_component id="oc-e4">
         <name>.debug_line</name>
         <load_address>0x18d3</load_address>
         <run_address>0x18d3</run_address>
         <size>0x8a</size>
         <input_file_ref idref="fl-c5"/>
      </object_component>
      <object_component id="oc-82">
         <name>.debug_line</name>
         <load_address>0x195d</load_address>
         <run_address>0x195d</run_address>
         <size>0x20</size>
         <input_file_ref idref="fl-c6"/>
      </object_component>
      <object_component id="oc-1e">
         <name>.debug_line</name>
         <load_address>0x197d</load_address>
         <run_address>0x197d</run_address>
         <size>0x55</size>
         <input_file_ref idref="fl-c6"/>
      </object_component>
      <object_component id="oc-3d">
         <name>.debug_line</name>
         <load_address>0x19d2</load_address>
         <run_address>0x19d2</run_address>
         <size>0x3a</size>
         <input_file_ref idref="fl-c6"/>
      </object_component>
      <object_component id="oc-7f">
         <name>.debug_line</name>
         <load_address>0x1a0c</load_address>
         <run_address>0x1a0c</run_address>
         <size>0x8a</size>
         <input_file_ref idref="fl-c6"/>
      </object_component>
      <object_component id="oc-e0">
         <name>.debug_line</name>
         <load_address>0x1a96</load_address>
         <run_address>0x1a96</run_address>
         <size>0x20</size>
         <input_file_ref idref="fl-c7"/>
      </object_component>
      <object_component id="oc-18">
         <name>.debug_line</name>
         <load_address>0x1ab6</load_address>
         <run_address>0x1ab6</run_address>
         <size>0xa9</size>
         <input_file_ref idref="fl-c7"/>
      </object_component>
      <object_component id="oc-2d">
         <name>.debug_line</name>
         <load_address>0x1b5f</load_address>
         <run_address>0x1b5f</run_address>
         <size>0x3a</size>
         <input_file_ref idref="fl-c7"/>
      </object_component>
      <object_component id="oc-dd">
         <name>.debug_line</name>
         <load_address>0x1b99</load_address>
         <run_address>0x1b99</run_address>
         <size>0x92</size>
         <input_file_ref idref="fl-c7"/>
      </object_component>
      <object_component id="oc-78">
         <name>.debug_line</name>
         <load_address>0x1c2b</load_address>
         <run_address>0x1c2b</run_address>
         <size>0x8e</size>
         <input_file_ref idref="fl-c7"/>
      </object_component>
      <object_component id="oc-74">
         <name>.debug_line</name>
         <load_address>0x1cb9</load_address>
         <run_address>0x1cb9</run_address>
         <size>0x33</size>
         <input_file_ref idref="fl-c8"/>
      </object_component>
      <object_component id="oc-56">
         <name>.debug_line</name>
         <load_address>0x1cec</load_address>
         <run_address>0x1cec</run_address>
         <size>0x56</size>
         <input_file_ref idref="fl-c8"/>
      </object_component>
      <object_component id="oc-ee">
         <name>.debug_line</name>
         <load_address>0x1d42</load_address>
         <run_address>0x1d42</run_address>
         <size>0x3c</size>
         <input_file_ref idref="fl-c9"/>
      </object_component>
      <object_component id="oc-211">
         <name>.debug_line</name>
         <load_address>0x1d7e</load_address>
         <run_address>0x1d7e</run_address>
         <size>0x2d</size>
         <input_file_ref idref="fl-cc"/>
      </object_component>
      <object_component id="oc-bc">
         <name>.debug_line</name>
         <load_address>0x1dab</load_address>
         <run_address>0x1dab</run_address>
         <size>0x4b</size>
         <input_file_ref idref="fl-cc"/>
      </object_component>
      <object_component id="oc-152">
         <name>.debug_line</name>
         <load_address>0x1df6</load_address>
         <run_address>0x1df6</run_address>
         <size>0x4b</size>
         <input_file_ref idref="fl-cc"/>
      </object_component>
      <object_component id="oc-158">
         <name>.debug_line</name>
         <load_address>0x1e41</load_address>
         <run_address>0x1e41</run_address>
         <size>0x3f</size>
         <input_file_ref idref="fl-cc"/>
      </object_component>
      <object_component id="oc-2b9">
         <name>.debug_line</name>
         <load_address>0x1e80</load_address>
         <run_address>0x1e80</run_address>
         <size>0x89</size>
         <input_file_ref idref="fl-cc"/>
      </object_component>
      <object_component id="oc-8e">
         <name>.debug_line</name>
         <load_address>0x1f09</load_address>
         <run_address>0x1f09</run_address>
         <size>0x79</size>
         <input_file_ref idref="fl-cd"/>
      </object_component>
      <object_component id="oc-227">
         <name>.debug_line</name>
         <load_address>0x1f82</load_address>
         <run_address>0x1f82</run_address>
         <size>0xb7</size>
         <input_file_ref idref="fl-ce"/>
      </object_component>
      <object_component id="oc-fa">
         <name>.debug_line</name>
         <load_address>0x2039</load_address>
         <run_address>0x2039</run_address>
         <size>0x6c</size>
         <input_file_ref idref="fl-ce"/>
      </object_component>
      <object_component id="oc-22b">
         <name>.debug_line</name>
         <load_address>0x20a5</load_address>
         <run_address>0x20a5</run_address>
         <size>0x2e</size>
         <input_file_ref idref="fl-ce"/>
      </object_component>
      <object_component id="oc-2cb">
         <name>.debug_line</name>
         <load_address>0x20d3</load_address>
         <run_address>0x20d3</run_address>
         <size>0x92</size>
         <input_file_ref idref="fl-ce"/>
      </object_component>
      <object_component id="oc-230">
         <name>.debug_line</name>
         <load_address>0x2165</load_address>
         <run_address>0x2165</run_address>
         <size>0x8f</size>
         <input_file_ref idref="fl-ce"/>
      </object_component>
      <object_component id="oc-235">
         <name>.debug_line</name>
         <load_address>0x21f4</load_address>
         <run_address>0x21f4</run_address>
         <size>0x8b</size>
         <input_file_ref idref="fl-ce"/>
      </object_component>
      <object_component id="oc-94">
         <name>.debug_line</name>
         <load_address>0x227f</load_address>
         <run_address>0x227f</run_address>
         <size>0x40</size>
         <input_file_ref idref="fl-cf"/>
      </object_component>
      <object_component id="oc-2b5">
         <name>.debug_line</name>
         <load_address>0x22bf</load_address>
         <run_address>0x22bf</run_address>
         <size>0x30e</size>
         <input_file_ref idref="fl-d1"/>
      </object_component>
      <object_component id="oc-1d1">
         <name>.debug_line</name>
         <load_address>0x25cd</load_address>
         <run_address>0x25cd</run_address>
         <size>0x7a</size>
         <input_file_ref idref="fl-d1"/>
      </object_component>
      <object_component id="oc-27c">
         <name>.debug_line</name>
         <load_address>0x2647</load_address>
         <run_address>0x2647</run_address>
         <size>0x51</size>
         <input_file_ref idref="fl-d1"/>
      </object_component>
      <object_component id="oc-282">
         <name>.debug_line</name>
         <load_address>0x2698</load_address>
         <run_address>0x2698</run_address>
         <size>0x88</size>
         <input_file_ref idref="fl-d1"/>
      </object_component>
      <object_component id="oc-1dc">
         <name>.debug_line</name>
         <load_address>0x2720</load_address>
         <run_address>0x2720</run_address>
         <size>0x14d</size>
         <input_file_ref idref="fl-d1"/>
      </object_component>
      <object_component id="oc-289">
         <name>.debug_line</name>
         <load_address>0x286d</load_address>
         <run_address>0x286d</run_address>
         <size>0xe9</size>
         <input_file_ref idref="fl-d1"/>
      </object_component>
      <object_component id="oc-28f">
         <name>.debug_line</name>
         <load_address>0x2956</load_address>
         <run_address>0x2956</run_address>
         <size>0x5d</size>
         <input_file_ref idref="fl-d1"/>
      </object_component>
      <object_component id="oc-1e2">
         <name>.debug_line</name>
         <load_address>0x29b3</load_address>
         <run_address>0x29b3</run_address>
         <size>0x5c</size>
         <input_file_ref idref="fl-d1"/>
      </object_component>
      <object_component id="oc-1e8">
         <name>.debug_line</name>
         <load_address>0x2a0f</load_address>
         <run_address>0x2a0f</run_address>
         <size>0xae</size>
         <input_file_ref idref="fl-d1"/>
      </object_component>
      <object_component id="oc-1ee">
         <name>.debug_line</name>
         <load_address>0x2abd</load_address>
         <run_address>0x2abd</run_address>
         <size>0x1b0</size>
         <input_file_ref idref="fl-d1"/>
      </object_component>
      <object_component id="oc-14c">
         <name>.debug_line</name>
         <load_address>0x2c6d</load_address>
         <run_address>0x2c6d</run_address>
         <size>0x6dd</size>
         <input_file_ref idref="fl-d1"/>
      </object_component>
      <object_component id="oc-207">
         <name>.debug_line</name>
         <load_address>0x334a</load_address>
         <run_address>0x334a</run_address>
         <size>0x8a</size>
         <input_file_ref idref="fl-d1"/>
      </object_component>
      <object_component id="oc-2be">
         <name>.debug_line</name>
         <load_address>0x33d4</load_address>
         <run_address>0x33d4</run_address>
         <size>0x8a</size>
         <input_file_ref idref="fl-d1"/>
      </object_component>
[...]
      </symbol>
      <symbol id="sm-1f4">
         <name>halLcdDrawImageLut</name>
         <value>0x23cd</value>
         <object_component_ref idref="oc-a9"/>
      </symbol>
      <symbol id="sm-1f5">
         <name>Color_Texto_Inv</name>
         <value>0x2000040c</value>
         <object_component_ref idref="oc-af"/>
      </symbol>
      <symbol id="sm-1f6">
         <name>setArea</name>
         <value>0x1cad</value>
         <object_component_ref idref="oc-a9"/>
      </symbol>
      <symbol id="sm-1f7">
         <name>Color_Fondo</name>
         <value>0x20000406</value>
         <object_component_ref idref="oc-af"/>
      </symbol>
      <symbol id="sm-1f8">
         <name>getLinea</name>
         <value>0x1b97</value>
         <object_component_ref idref="oc-a9"/>
      </symbol>
      <symbol id="sm-1f9">
         <name>initLCD</name>
         <value>0x1e0d</value>
         <object_component_ref idref="oc-a9"/>
      </symbol>
      <symbol id="sm-218">
         <name>writeData</name>
         <value>0x33fd</value>
         <object_component_ref idref="oc-12c"/>
      </symbol>
      <symbol id="sm-219">
         <name>writeCommand</name>
         <value>0x3423</value>
         <object_component_ref idref="oc-12c"/>
      </symbol>
      <symbol id="sm-21a">
         <name>delay</name>
         <value>0x3449</value>
         <object_component_ref idref="oc-12c"/>
      </symbol>
      <symbol id="sm-21b">
         <name>init_spi_lcd_tactil</name>
         <value>0x3325</value>
         <object_component_ref idref="oc-12c"/>
      </symbol>
      <symbol id="sm-2e6">
         <name>drawCharLgBkg</name>
         <value>0x5c9</value>
         <object_component_ref idref="oc-132"/>
      </symbol>
      <symbol id="sm-2e7">
         <name>drawPixel</name>
         <value>0x237</value>
         <object_component_ref idref="oc-132"/>
      </symbol>
      <symbol id="sm-2e8">
         <name>drawImageMono</name>
         <value>0x9e3</value>
         <object_component_ref idref="oc-132"/>
      </symbol>
      <symbol id="sm-2e9">
         <name>setColor</name>
         <value>0xe5</value>
         <object_component_ref idref="oc-132"/>
      </symbol>
      <symbol id="sm-2ea">
         <name>bgColorHighByte</name>
         <value>0x20000411</value>
         <object_component_ref idref="oc-1a0"/>
      </symbol>
      <symbol id="sm-2eb">
         <name>drawCircle</name>
         <value>0xd9b</value>
         <object_component_ref idref="oc-132"/>
      </symbol>
      <symbol id="sm-2ec">
         <name>drawImageLut</name>
         <value>0x8d5</value>
         <object_component_ref idref="oc-132"/>
      </symbol>
      <symbol id="sm-2ed">
         <name>drawImage</name>
         <value>0x8bd</value>
         <object_component_ref idref="oc-132"/>
      </symbol>
      <symbol id="sm-2ee">
         <name>font_11x16</name>
         <value>0x51c0</value>
         <object_component_ref idref="oc-1a6"/>
      </symbol>
      <symbol id="sm-2ef">
         <name>drawLine</name>
         <value>0xb41</value>
         <object_component_ref idref="oc-132"/>
      </symbol>
      <symbol id="sm-2f0">
         <name>font_8x12</name>
         <value>0x59ea</value>
         <object_component_ref idref="oc-1a9"/>
      </symbol>
      <symbol id="sm-2f1">
         <name>drawCharMd</name>
         <value>0x6ad</value>
         <object_component_ref idref="oc-132"/>
      </symbol>
      <symbol id="sm-2f2">
         <name>drawCharSmBkg</name>
         <value>0x447</value>
         <object_component_ref idref="oc-132"/>
      </symbol>
      <symbol id="sm-2f3">
         <name>drawCharLg</name>
         <value>0x521</value>
         <object_component_ref idref="oc-132"/>
      </symbol>
      <symbol id="sm-2f4">
         <name>drawCharSm</name>
         <value>0x3a1</value>
         <object_component_ref idref="oc-132"/>
      </symbol>
      <symbol id="sm-2f5">
         <name>drawLogicLine</name>
         <value>0xa01</value>
         <object_component_ref idref="oc-132"/>
      </symbol>
      <symbol id="sm-2f6">
         <name>setBackgroundColor</name>
         <value>0x103</value>
         <object_component_ref idref="oc-132"/>
      </symbol>
      <symbol id="sm-2f7">
         <name>clearScreenBkg</name>
         <value>0x1af</value>
         <object_component_ref idref="oc-132"/>
      </symbol>
      <symbol id="sm-2f8">
         <name>fillCircle</name>
         <value>0xfb9</value>
         <object_component_ref idref="oc-132"/>
      </symbol>
      <symbol id="sm-2f9">
         <name>fillRect</name>
         <value>0xf1b</value>
         <object_component_ref idref="oc-132"/>
      </symbol>
      <symbol id="sm-2fa">
         <name>drawString</name>
         <value>0x267</value>
         <object_component_ref idref="oc-132"/>
      </symbol>
      <symbol id="sm-2fb">
         <name>clearScreen</name>
         <value>0x121</value>
         <object_component_ref idref="oc-132"/>
      </symbol>
      <symbol id="sm-2fc">
         <name>colorLowByte</name>
         <value>0x2000040e</value>
         <object_component_ref idref="oc-1a0"/>
      </symbol>
      <symbol id="sm-2fd">
         <name>drawCharMdBkg</name>
         <value>0x75b</value>
         <object_component_ref idref="oc-132"/>
      </symbol>
      <symbol id="sm-2fe">
         <name>font_5x7</name>
         <value>0x6260</value>
         <object_component_ref idref="oc-1a3"/>
      </symbol>
      <symbol id="sm-2ff">
         <name>drawRect</name>
         <value>0xd37</value>
         <object_component_ref idref="oc-132"/>
      </symbol>
      <symbol id="sm-300">
         <name>colorHighByte</name>
         <value>0x2000040f</value>
         <object_component_ref idref="oc-1a0"/>
      </symbol>
      <symbol id="sm-301">
         <name>bgColorLowByte</name>
         <value>0x20000410</value>
         <object_component_ref idref="oc-1a0"/>
      </symbol>
      <symbol id="sm-31c">
         <name>memcpy</name>
         <value>0x3aff</value>
         <object_component_ref idref="oc-34"/>
      </symbol>
      <symbol id="sm-31d">
         <name>__aeabi_memcpy</name>
         <value>0x3aff</value>
         <object_component_ref idref="oc-34"/>
      </symbol>
      <symbol id="sm-31e">
         <name>__aeabi_memcpy8</name>
         <value>0x3aff</value>
         <object_component_ref idref="oc-34"/>
      </symbol>
      <symbol id="sm-31f">
         <name>__aeabi_memcpy4</name>
         <value>0x3aff</value>
         <object_component_ref idref="oc-34"/>
      </symbol>
      <symbol id="sm-336">
         <name>__TI_zero_init</name>
         <value>0x42c7</value>
         <object_component_ref idref="oc-46"/>
      </symbol>
      <symbol id="sm-34d">
         <name>__TI_decompress_none</name>
         <value>0x42ab</value>
         <object_component_ref idref="oc-1a"/>
      </symbol>
      <symbol id="sm-370">
         <name>__TI_decompress_lzss</name>
         <value>0x3e9f</value>
         <object_component_ref idref="oc-14"/>
      </symbol>
      <symbol id="sm-383">
         <name>__stack</name>
         <value>0x2000fe00</value>
         <object_component_ref idref="oc-26"/>
      </symbol>
      <symbol id="sm-384">
         <name>_c_int00_noargs</name>
         <value>0x41c1</value>
         <object_component_ref idref="oc-52"/>
      </symbol>
      <symbol id="sm-38f">
         <name>C$$EXIT</name>
         <value>0x42e9</value>
         <object_component_ref idref="oc-ea"/>
      </symbol>
      <symbol id="sm-390">
         <name>abort</name>
         <value>0x42e9</value>
         <object_component_ref idref="oc-ea"/>
      </symbol>
      <symbol id="sm-3b9">
         <name>sprintf</name>
         <value>0x4141</value>
         <object_component_ref idref="oc-b8"/>
      </symbol>
      <symbol id="sm-3c8">
         <name>__aeabi_memset</name>
         <value>0x3d3f</value>
         <object_component_ref idref="oc-8a"/>
      </symbol>
      <symbol id="sm-3c9">
         <name>memset</name>
         <value>0x3d45</value>
         <object_component_ref idref="oc-8a"/>
      </symbol>
      <symbol id="sm-3ca">
         <name>__aeabi_memset8</name>
         <value>0x3d3f</value>
         <object_component_ref idref="oc-8a"/>
      </symbol>
      <symbol id="sm-3cb">
         <name>__aeabi_memset4</name>
         <value>0x3d3f</value>
         <object_component_ref idref="oc-8a"/>
      </symbol>
      <symbol id="sm-3cc">
         <name>__aeabi_memclr8</name>
         <value>0x3d3d</value>
         <object_component_ref idref="oc-8a"/>
      </symbol>
      <symbol id="sm-3cd">
         <name>__aeabi_memclr4</name>
         <value>0x3d3d</value>
         <object_component_ref idref="oc-8a"/>
      </symbol>
      <symbol id="sm-3ce">
         <name>__aeabi_memclr</name>
         <value>0x3d3d</value>
         <object_component_ref idref="oc-8a"/>
      </symbol>
      <symbol id="sm-3f6">
         <name>__TI_auto_init_nobinit_nopinit</name>
         <value>0x40fd</value>
         <object_component_ref idref="oc-f6"/>
      </symbol>
      <symbol id="sm-400">
         <name>_system_pre_init</name>
         <value>0x42e5</value>
         <object_component_ref idref="oc-90"/>
      </symbol>
      <symbol id="sm-566">
         <name>__TI_printfi</name>
         <value>0x1131</value>
         <object_component_ref idref="oc-148"/>
      </symbol>
      <symbol id="sm-57c">
         <name>atoi</name>
         <value>0x4069</value>
         <object_component_ref idref="oc-1c7"/>
      </symbol>
      <symbol id="sm-587">
         <name>_ctypes_</name>
         <value>0x6440</value>
         <object_component_ref idref="oc-248"/>
      </symbol>
      <symbol id="sm-596">
         <name>ltoa</name>
         <value>0x3fc3</value>
         <object_component_ref idref="oc-268"/>
      </symbol>
      <symbol id="sm-5a6">
         <name>memccpy</name>
         <value>0x4227</value>
         <object_component_ref idref="oc-1f0"/>
      </symbol>
      <symbol id="sm-5b6">
         <name>strchr</name>
         <value>0x425b</value>
         <object_component_ref idref="oc-29f"/>
      </symbol>
      <symbol id="sm-5c4">
         <name>strlen</name>
         <value>0x4285</value>
         <object_component_ref idref="oc-1c1"/>
      </symbol>
      <symbol id="sm-5e4">
         <name>frexpl</name>
         <value>0x3f09</value>
         <object_component_ref idref="oc-293"/>
      </symbol>
      <symbol id="sm-5e5">
         <name>frexp</name>
         <value>0x3f09</value>
         <object_component_ref idref="oc-293"/>
      </symbol>
      <symbol id="sm-602">
         <name>scalbn</name>
         <value>0x3841</value>
         <object_component_ref idref="oc-299"/>
      </symbol>
      <symbol id="sm-603">
         <name>scalbnl</name>
         <value>0x3841</value>
         <object_component_ref idref="oc-299"/>
      </symbol>
      <symbol id="sm-604">
         <name>ldexpl</name>
         <value>0x3841</value>
         <object_component_ref idref="oc-299"/>
      </symbol>
      <symbol id="sm-605">
         <name>ldexp</name>
         <value>0x3841</value>
         <object_component_ref idref="oc-299"/>
      </symbol>
      <symbol id="sm-60f">
         <name>copysign</name>
         <value>0x4271</value>
         <object_component_ref idref="oc-2fb"/>
      </symbol>
      <symbol id="sm-610">
         <name>copysignl</name>
         <value>0x4271</value>
         <object_component_ref idref="oc-2fb"/>
      </symbol>
      <symbol id="sm-629">
         <name>wcslen</name>
         <value>0x4299</value>
         <object_component_ref idref="oc-1f6"/>
      </symbol>
      <symbol id="sm-640">
         <name>__aeabi_dsub</name>
         <value>0x316d</value>
         <object_component_ref idref="oc-273"/>
      </symbol>
      <symbol id="sm-641">
         <name>__aeabi_dadd</name>
         <value>0x3177</value>
         <object_component_ref idref="oc-273"/>
      </symbol>
      <symbol id="sm-663">
         <name>__aeabi_cdcmpeq</name>
         <value>0x3c31</value>
         <object_component_ref idref="oc-1d3"/>
      </symbol>
      <symbol id="sm-664">
         <name>__aeabi_cdcmple</name>
         <value>0x3c31</value>
         <object_component_ref idref="oc-1d3"/>
      </symbol>
      <symbol id="sm-665">
         <name>__aeabi_cdrcmple</name>
         <value>0x3cb7</value>
         <object_component_ref idref="oc-25e"/>
      </symbol>
      <symbol id="sm-679">
         <name>__aeabi_ddiv</name>
         <value>0x35e9</value>
         <object_component_ref idref="oc-259"/>
      </symbol>
      <symbol id="sm-684">
         <name>__aeabi_dmul</name>
         <value>0x3951</value>
         <object_component_ref idref="oc-254"/>
      </symbol>
      <symbol id="sm-68e">
         <name>__aeabi_d2iz</name>
         <value>0x40b5</value>
         <object_component_ref idref="oc-263"/>
      </symbol>
      <symbol id="sm-698">
         <name>__aeabi_i2d</name>
         <value>0x41f9</value>
         <object_component_ref idref="oc-26e"/>
      </symbol>
      <symbol id="sm-6a5">
         <name>__aeabi_uldivmod</name>
         <value>0x3b9b</value>
         <object_component_ref idref="oc-24d"/>
      </symbol>
      <symbol id="sm-6bb">
         <name>__aeabi_errno_addr</name>
         <value>0x42dd</value>
         <object_component_ref idref="oc-1fc"/>
      </symbol>
      <symbol id="sm-6bc">
         <name>errno</name>
         <value>0x20000414</value>
         <object_component_ref idref="oc-2af"/>
      </symbol>
      <symbol id="sm-6c6">
         <name>__aeabi_idiv0</name>
         <value>0x1b8f</value>
         <object_component_ref idref="oc-2e2"/>
      </symbol>
      <symbol id="sm-6c7">
         <name>__aeabi_ldiv0</name>
         <value>0x1b8f</value>
         <object_component_ref idref="oc-2e2"/>
      </symbol>
      <symbol id="sm-6c8">
         <name>__TI_static_base__</name>
         <value>0x0</value>
      </symbol>
      <symbol id="sm-6cb">
         <name>__mpu_init</name>
         <value>0x0</value>
      </symbol>
      <symbol id="sm-6cc">
         <name>_system_post_cinit</name>
         <value>0x0</value>
      </symbol>
      <symbol id="sm-6cd">
         <name>NMI_Handler</name>
         <value>0x42c5</value>
      </symbol>
      <symbol id="sm-6ce">
         <name>HardFault_Handler</name>
         <value>0x42c5</value>
      </symbol>
      <symbol id="sm-6cf">
         <name>MemManage_Handler</name>
         <value>0x42c5</value>
      </symbol>
      <symbol id="sm-6d0">
         <name>BusFault_Handler</name>
         <value>0x42c5</value>
      </symbol>
      <symbol id="sm-6d1">
         <name>UsageFault_Handler</name>
         <value>0x42c5</value>
      </symbol>
      <symbol id="sm-6d2">
         <name>SVC_Handler</name>
         <value>0x42c5</value>
      </symbol>
      <symbol id="sm-6d3">
         <name>DebugMon_Handler</name>
         <value>0x42c5</value>
      </symbol>
      <symbol id="sm-6d4">
         <name>PendSV_Handler</name>
         <value>0x42c5</value>
      </symbol>
      <symbol id="sm-6d5">
         <name>SysTick_Handler</name>
         <value>0x42c5</value>
      </symbol>
      <symbol id="sm-6d6">
         <name>PSS_IRQHandler</name>
         <value>0x42c5</value>
      </symbol>
      <symbol id="sm-6d7">
         <name>CS_IRQHandler</name>
         <value>0x42c5</value>
      </symbol>
      <symbol id="sm-6d8">
         <name>PCM_IRQHandler</name>
         <value>0x42c5</value>
      </symbol>
      <symbol id="sm-6d9">
         <name>WDT_A_IRQHandler</name>
         <value>0x42c5</value>
      </symbol>
      <symbol id="sm-6da">
         <name>FPU_IRQHandler</name>
         <value>0x42c5</value>
      </symbol>
      <symbol id="sm-6db">
         <name>FLCTL_IRQHandler</name>
         <value>0x42c5</value>
      </symbol>
      <symbol id="sm-6dc">
         <name>COMP_E0_IRQHandler</name>
         <value>0x42c5</value>
      </symbol>
      <symbol id="sm-6dd">
         <name>COMP_E1_IRQHandler</name>
         <value>0x42c5</value>
      </symbol>
      <symbol id="sm-6de">
         <name>TA0_0_IRQHandler</name>
         <value>0x42c5</value>
      </symbol>
      <symbol id="sm-6df">
         <name>TA0_N_IRQHandler</name>
         <value>0x42c5</value>
      </symbol>
      <symbol id="sm-6e0">
         <name>TA1_0_IRQHandler</name>
         <value>0x42c5</value>
      </symbol>
      <symbol id="sm-6e1">
         <name>TA1_N_IRQHandler</name>
         <value>0x42c5</value>
      </symbol>
      <symbol id="sm-6e2">
         <name>TA2_0_IRQHandler</name>
         <value>0x42c5</value>
      </symbol>
      <symbol id="sm-6e3">
         <name>TA2_N_IRQHandler</name>
         <value>0x42c5</value>
      </symbol>
      <symbol id="sm-6e4">
         <name>TA3_0_IRQHandler</name>
         <value>0x42c5</value>
      </symbol>
      <symbol id="sm-6e5">
         <name>TA3_N_IRQHandler</name>
         <value>0x42c5</value>
      </symbol>
      <symbol id="sm-6e6">
         <name>EUSCIA0_IRQHandler</name>
         <value>0x42c5</value>
      </symbol>
      <symbol id="sm-6e7">
         <name>EUSCIA1_IRQHandler</name>
         <value>0x42c5</value>
      </symbol>
      <symbol id="sm-6e8">
         <name>EUSCIA2_IRQHandler</name>
         <value>0x42c5</value>
      </symbol>
      <symbol id="sm-6e9">
         <name>EUSCIA3_IRQHandler</name>
         <value>0x42c5</value>
      </symbol>
      <symbol id="sm-6ea">
         <name>EUSCIB0_IRQHandler</name>
         <value>0x42c5</value>
      </symbol>
      <symbol id="sm-6eb">
         <name>EUSCIB1_IRQHandler</name>
         <value>0x42c5</value>
      </symbol>
      <symbol id="sm-6ec">
         <name>EUSCIB2_IRQHandler</name>
         <value>0x42c5</value>
      </symbol>
      <symbol id="sm-6ed">
         <name>EUSCIB3_IRQHandler</name>
         <value>0x42c5</value>
      </symbol>
      <symbol id="sm-6ee">
         <name>ADC14_IRQHandler</name>
         <value>0x42c5</value>
      </symbol>
      <symbol id="sm-6ef">
         <name>T32_INT1_IRQHandler</name>
         <value>0x42c5</value>
      </symbol>
      <symbol id="sm-6f0">
         <name>T32_INT2_IRQHandler</name>
         <value>0x42c5</value>
      </symbol>
      <symbol id="sm-6f1">
         <name>T32_INTC_IRQHandler</name>
         <value>0x42c5</value>
      </symbol>
      <symbol id="sm-6f2">
         <name>AES256_IRQHandler</name>
         <value>0x42c5</value>
      </symbol>
      <symbol id="sm-6f3">
         <name>RTC_C_IRQHandler</name>
         <value>0x42c5</value>
      </symbol>
      <symbol id="sm-6f4">
         <name>DMA_ERR_IRQHandler</name>
         <value>0x42c5</value>
      </symbol>
      <symbol id="sm-6f5">
         <name>DMA_INT3_IRQHandler</name>
         <value>0x42c5</value>
      </symbol>
      <symbol id="sm-6f6">
         <name>DMA_INT2_IRQHandler</name>
         <value>0x42c5</value>
      </symbol>
      <symbol id="sm-6f7">
         <name>DMA_INT1_IRQHandler</name>
         <value>0x42c5</value>
      </symbol>
      <symbol id="sm-6f8">
         <name>DMA_INT0_IRQHandler</name>
         <value>0x42c5</value>
      </symbol>
      <symbol id="sm-6f9">
         <name>PORT1_IRQHandler</name>
         <value>0x42c5</value>
      </symbol>
      <symbol id="sm-6fa">
         <name>PORT2_IRQHandler</name>
         <value>0x42c5</value>
      </symbol>
      <symbol id="sm-6fb">
         <name>PORT3_IRQHandler</name>
         <value>0x42c5</value>
      </symbol>
      <symbol id="sm-6fc">
         <name>PORT4_IRQHandler</name>
         <value>0x2845</value>
      </symbol>
      <symbol id="sm-6fd">
         <name>PORT5_IRQHandler</name>
         <value>0x2981</value>
      </symbol>
      <symbol id="sm-6fe">
         <name>PORT6_IRQHandler</name>
         <value>0x42c5</value>
      </symbol>
   </symbol_table>
   <title>Link successful</title>
</link_info>
