******************************************************************************
                  TI ARM Linker Unix v18.1.2                   
******************************************************************************
>> Linked Tue Mar 19 09:59:14 2019

OUTPUT FILE NAME:   <P2-PORTS.out>
ENTRY POINT SYMBOL: "_c_int00_noargs"  address: 00004795


MEMORY CONFIGURATION

         name            origin    length      used     unused   attr    fill
----------------------  --------  ---------  --------  --------  ----  --------
  MAIN                  00000000   00040000  000058c7  0003a739  R  X
  INFO                  00200000   00004000  00000000  00004000  R  X
  SRAM_CODE             01000000   00010000  00000668  0000f998  RW X
  SRAM_DATA             20000000   00010000  00000668  0000f998  RW  


SEGMENT ALLOCATION MAP

run origin  load origin   length   init length attrs members
----------  ----------- ---------- ----------- ----- -------
00000000    00000000    000058c8   000058c8    r-x
  00000000    00000000    000000e4   000000e4    r-- .intvecs
  000000e4    000000e4    000047dc   000047dc    r-x .text
  000048c0    000048c0    00000f9f   00000f9f    r-- .const
  00005860    00005860    00000068   00000068    r-- .cinit
20000000    20000000    00000468   00000000    rw-
  20000000    20000000    00000410   00000000    rw- .bss
  20000410    20000410    00000058   00000000    rw- .data
2000fe00    2000fe00    00000200   00000000    rw-
  2000fe00    2000fe00    00000200   00000000    rw- .stack


SECTION ALLOCATION MAP

 output                                  attributes/
section   page    origin      length       input sections
--------  ----  ----------  ----------   ----------------
.intvecs   0    00000000    000000e4     
                  00000000    000000e4     startup_msp432p401r_ccs.obj (.intvecs:retain)

.text      0    000000e4    000047dc     
                  000000e4    0000104c     lib_PAE2.lib : graphics.obj (.text)
                  00001130    00000b94     Practica_02 PAE_Alumnes.obj (.text)
                  00001cc4    00000a5e     rtsv7M4_T_le_v4SPD16_eabi.lib : _printfi.c.obj (.text:__TI_printfi)
                  00002722    00000002                                   : div0.asm.obj (.text)
                  00002724    000008a8     lib_PAE2.lib : lcd.obj (.text)
                  00002fcc    00000334     system_msp432p401r.obj (.text)
                  00003300    00000270     rtsv7M4_T_le_v4SPD16_eabi.lib : _printfi.c.obj (.text:_pconv_a)
                  00003570    000001d0                                   : _printfi.c.obj (.text:_pconv_g)
                  00003740    000001b6                                   : fd_add_t2.asm.obj (.text)
                  000038f6    00000002     --HOLE-- [fill = 0]
                  000038f8    00000188     lib_PAE2.lib : msp_LCD.obj (.text)
                  00003a80    0000013c     rtsv7M4_T_le_v4SPD16_eabi.lib : _printfi.c.obj (.text:_pconv_e)
                  00003bbc    00000136                                   : fd_div_t2.asm.obj (.text)
                  00003cf2    00000002     --HOLE-- [fill = 0]
                  00003cf4    00000120                                   : _printfi.c.obj (.text:fcvt)
                  00003e14    00000110                                   : s_scalbn.c.obj (.text:scalbn)
                  00003f24    000000fc                                   : fd_mul_t2.asm.obj (.text)
                  00004020    000000b1                                   : _printfi.c.obj (.text:_ltostr)
                  000040d1    00000001     --HOLE-- [fill = 0]
                  000040d2    0000009c                                   : memcpy_t2.asm.obj (.text)
                  0000416e    00000096                                   : ull_div_t2.asm.obj (.text)
                  00004204    00000086                                   : fd_cmp_t2.asm.obj (.text:__aeabi_cdcmple)
                  0000428a    00000086                                   : fd_cmp_t2.asm.obj (.text:__aeabi_cdrcmple)
                  00004310    0000007a                                   : memset_t2.asm.obj (.text)
                  0000438a    00000002     --HOLE-- [fill = 0]
                  0000438c    00000078     lib_PAE2.lib : Inicializacion.obj (.text)
                  00004404    0000006e     rtsv7M4_T_le_v4SPD16_eabi.lib : _printfi.c.obj (.text:_mcpy)
                  00004472    00000068                                   : copy_decompress_lzss.c.obj (.text:decompress:lzss:__TI_decompress_lzss)
                  000044da    00000002     --HOLE-- [fill = 0]
                  000044dc    00000064                                   : s_frexp.c.obj (.text:frexp)
                  00004540    00000056                                   : _printfi.c.obj (.text:_pconv_f)
                  00004596    00000054                                   : ltoa.c.obj (.text:ltoa)
                  000045ea    00000052                                   : _printfi.c.obj (.text:_ecpy)
                  0000463c    0000004c                                   : atoi.c.obj (.text:atoi)
                  00004688    00000048                                   : fd_toi_t2.asm.obj (.text)
                  000046d0    00000044                                   : autoinit.c.obj (.text:__TI_auto_init_nobinit_nopinit:__TI_auto_init_nobinit_nopinit)
                  00004714    00000040                                   : sprintf.c.obj (.text:sprintf)
                  00004754    0000003e                                   : _printfi.c.obj (.text:_fcpy)
                  00004792    00000002     --HOLE-- [fill = 0]
                  00004794    00000038                                   : boot_cortex_m.c.obj (.text:_c_int00_noargs:_c_int00_noargs)
                  000047cc    0000002e                                   : i_tofd_t2.asm.obj (.text)
                  000047fa    0000001c                                   : memccpy.c.obj (.text:memccpy)
                  00004816    00000018                                   : sprintf.c.obj (.text:_outs)
                  0000482e    00000016                                   : strchr.c.obj (.text:strchr)
                  00004844    00000014                                   : s_copysign.c.obj (.text:copysign)
                  00004858    00000014                                   : strlen.c.obj (.text:strlen)
                  0000486c    00000012                                   : wcslen.c.obj (.text:wcslen)
                  0000487e    0000000e                                   : copy_decompress_none.c.obj (.text:decompress:none:__TI_decompress_none)
                  0000488c    0000000e     startup_msp432p401r_ccs.obj (.text)
                  0000489a    0000000c     rtsv7M4_T_le_v4SPD16_eabi.lib : copy_zero_init.c.obj (.text:decompress:ZI:__TI_zero_init)
                  000048a6    0000000a                                   : sprintf.c.obj (.text:_outc)
                  000048b0    00000008                                   : errno.c.obj (.text:__aeabi_errno_addr)
                  000048b8    00000004                                   : pre_init.c.obj (.text:_system_pre_init)
                  000048bc    00000004                                   : exit.c.obj (.text:abort:abort)

.const     0    000048c0    00000f9f     
                  000048c0    0000082a     lib_PAE2.lib : graphics.obj (.const:font_11x16)
                  000050ea    00000474                  : graphics.obj (.const:font_8x12)
                  0000555e    000001e0                  : graphics.obj (.const:font_5x7)
                  0000573e    00000101     rtsv7M4_T_le_v4SPD16_eabi.lib : ctype.c.obj (.const:.string:_ctypes_)
                  0000583f    00000010     lib_PAE2.lib : lcd.obj (.const:.string:$P$T0$1)
                  0000584f    00000010                  : lcd.obj (.const:.string:$P$T1$2)

.cinit     0    00005860    00000068     
                  00005860    00000044     (.cinit..data.load) [load image, compression = lzss]
                  000058a4    0000000c     (__TI_handler_table)
                  000058b0    00000008     (.cinit..bss.load) [load image, compression = zero_init]
                  000058b8    00000010     (__TI_cinit_table)

.init_array 
*          0    00000000    00000000     UNINITIALIZED

.binit     0    00000000    00000000     

.bss       0    20000000    00000410     UNINITIALIZED
                  20000000    00000400     lib_PAE2.lib : graphics.obj (.bss:g_pulConvertedPalette)
                  20000400    00000010     (.common:cadena)

.data      0    20000410    00000058     UNINITIALIZED
                  20000410    0000001f     Practica_02 PAE_Alumnes.obj (.data)
                  2000042f    00000010     Practica_02 PAE_Alumnes.obj (.data:borrado)
                  2000043f    00000010     Practica_02 PAE_Alumnes.obj (.data:saludo)
                  2000044f    00000001     --HOLE--
                  20000450    0000000a     lib_PAE2.lib : lcd.obj (.data)
                  2000045a    00000004                  : graphics.obj (.data)
                  2000045e    00000002     --HOLE--
                  20000460    00000004     rtsv7M4_T_le_v4SPD16_eabi.lib : errno.c.obj (.data)
                  20000464    00000004     system_msp432p401r.obj (.data)

.stack     0    2000fe00    00000200     UNINITIALIZED
                  2000fe00    00000004     rtsv7M4_T_le_v4SPD16_eabi.lib : boot_cortex_m.c.obj (.stack)
                  2000fe04    000001fc     --HOLE--

MODULE SUMMARY

       Module                        code    ro data   rw data
       ------                        ----    -------   -------
    ./
       Practica_02 PAE_Alumnes.obj   2964    0         158    
       system_msp432p401r.obj        820     0         8      
       startup_msp432p401r_ccs.obj   14      228       0      
    +--+-----------------------------+-------+---------+---------+
       Total:                        3798    228       166    
                                                              
    ../lib_PAE2.lib
       graphics.obj                  4172    3710      2056   
       lcd.obj                       2216    32        20     
       msp_LCD.obj                   392     0         0      
       Inicializacion.obj            120     0         0      
    +--+-----------------------------+-------+---------+---------+
       Total:                        6900    3742      2076   
                                                              
    /home/ricard/ti/ccsv8/tools/compiler/ti-cgt-arm_18.1.2.LTS/lib/rtsv7M4_T_le_v4SPD16_eabi.lib
       _printfi.c.obj                4863    0         0      
       fd_add_t2.asm.obj             438     0         0      
       fd_div_t2.asm.obj             310     0         0      
       s_scalbn.c.obj                272     0         0      
       fd_cmp_t2.asm.obj             268     0         0      
       ctype.c.obj                   0       257       0      
       fd_mul_t2.asm.obj             252     0         0      
       memcpy_t2.asm.obj             156     0         0      
       ull_div_t2.asm.obj            150     0         0      
       memset_t2.asm.obj             122     0         0      
       copy_decompress_lzss.c.obj    104     0         0      
       s_frexp.c.obj                 100     0         0      
       sprintf.c.obj                 98      0         0      
       ltoa.c.obj                    84      0         0      
       atoi.c.obj                    76      0         0      
       fd_toi_t2.asm.obj             72      0         0      
       autoinit.c.obj                68      0         0      
       boot_cortex_m.c.obj           56      0         0      
       i_tofd_t2.asm.obj             46      0         0      
       memccpy.c.obj                 28      0         0      
       strchr.c.obj                  22      0         0      
       s_copysign.c.obj              20      0         0      
       strlen.c.obj                  20      0         0      
       wcslen.c.obj                  18      0         0      
       errno.c.obj                   8       0         8      
       copy_decompress_none.c.obj    14      0         0      
       copy_zero_init.c.obj          12      0         0      
       exit.c.obj                    4       0         0      
       pre_init.c.obj                4       0         0      
       div0.asm.obj                  2       0         0      
    +--+-----------------------------+-------+---------+---------+
       Total:                        7687    257       8      
                                                              
       Stack:                        0       0         1024   
       Linker Generated:             0       104       0      
    +--+-----------------------------+-------+---------+---------+
       Grand Total:                  18385   4331      3274   


LINKER GENERATED COPY TABLES

__TI_cinit_table @ 000058b8 records: 2, size/record: 8, table size: 16
	.data: load addr=00005860, load size=00000044 bytes, run addr=20000410, run size=00000058 bytes, compression=lzss
	.bss: load addr=000058b0, load size=00000008 bytes, run addr=20000000, run size=00000410 bytes, compression=zero_init


LINKER GENERATED HANDLER TABLE

__TI_handler_table @ 000058a4 records: 3, size/record: 4, table size: 12
	index: 0, handler: __TI_decompress_lzss
	index: 1, handler: __TI_decompress_none
	index: 2, handler: __TI_zero_init


GLOBAL SYMBOLS: SORTED ALPHABETICALLY BY Name 

address   name                          
-------   ----                          
00004899  ADC14_IRQHandler              
00004899  AES256_IRQHandler             
00004899  BusFault_Handler              
000048bd  C$$EXIT                       
00004899  COMP_E0_IRQHandler            
00004899  COMP_E1_IRQHandler            
00004899  CS_IRQHandler                 
20000452  Color_Fondo                   
20000456  Color_Fondo_Inv               
20000454  Color_Texto                   
20000458  Color_Texto_Inv               
00004899  DMA_ERR_IRQHandler            
00004899  DMA_INT0_IRQHandler           
00004899  DMA_INT1_IRQHandler           
00004899  DMA_INT2_IRQHandler           
00004899  DMA_INT3_IRQHandler           
00004899  DebugMon_Handler              
00004899  Default_Handler               
00004899  EUSCIA0_IRQHandler            
00004899  EUSCIA1_IRQHandler            
00004899  EUSCIA2_IRQHandler            
00004899  EUSCIA3_IRQHandler            
00004899  EUSCIB0_IRQHandler            
00004899  EUSCIB1_IRQHandler            
00004899  EUSCIB2_IRQHandler            
00004899  EUSCIB3_IRQHandler            
00004899  FLCTL_IRQHandler              
00004899  FPU_IRQHandler                
20000451  Fuente                        
00004899  HardFault_Handler             
00004899  MemManage_Handler             
00004899  NMI_Handler                   
00004899  PCM_IRQHandler                
00004899  PORT1_IRQHandler              
00004899  PORT2_IRQHandler              
00001ae1  PORT3_IRQHandler              
00001ae1  PORT3_IRQHandler              
00001b91  PORT4_IRQHandler              
00001b91  PORT4_IRQHandler              
00001c2d  PORT5_IRQHandler              
00001c2d  PORT5_IRQHandler              
00004899  PORT6_IRQHandler              
00004899  PSS_IRQHandler                
00004899  PendSV_Handler                
00004899  RTC_C_IRQHandler              
0000488d  Reset_Handler                 
00004899  SVC_Handler                   
00004899  SysTick_Handler               
20000464  SystemCoreClock               
00002fcd  SystemCoreClockUpdate         
00003245  SystemInit                    
00004899  T32_INT1_IRQHandler           
00004899  T32_INT2_IRQHandler           
00004899  T32_INTC_IRQHandler           
00001931  TA0_0_IRQHandler              
00001931  TA0_0_IRQHandler              
00004899  TA0_N_IRQHandler              
000019b5  TA1_0_IRQHandler              
000019b5  TA1_0_IRQHandler              
00004899  TA1_N_IRQHandler              
00004899  TA2_0_IRQHandler              
00004899  TA2_N_IRQHandler              
00004899  TA3_0_IRQHandler              
00004899  TA3_N_IRQHandler              
00004899  UsageFault_Handler            
4000480c  WDTCTL_SYM                    
00004899  WDT_A_IRQHandler              
20010000  __STACK_END                   
00000200  __STACK_SIZE                  
000058b8  __TI_CINIT_Base               
000058c8  __TI_CINIT_Limit              
000058a4  __TI_Handler_Table_Base       
000058b0  __TI_Handler_Table_Limit      
000046d1  __TI_auto_init_nobinit_nopinit
00004473  __TI_decompress_lzss          
0000487f  __TI_decompress_none          
ffffffff  __TI_pprof_out_hndl           
00001cc5  __TI_printfi                  
ffffffff  __TI_prof_data_size           
ffffffff  __TI_prof_data_start          
00000000  __TI_static_base__            
0000489b  __TI_zero_init                
00004205  __aeabi_cdcmpeq               
00004205  __aeabi_cdcmple               
0000428b  __aeabi_cdrcmple              
00004689  __aeabi_d2iz                  
0000374b  __aeabi_dadd                  
00003bbd  __aeabi_ddiv                  
00003f25  __aeabi_dmul                  
00003741  __aeabi_dsub                  
000048b1  __aeabi_errno_addr            
000047cd  __aeabi_i2d                   
00002723  __aeabi_idiv0                 
00002723  __aeabi_ldiv0                 
00004311  __aeabi_memclr                
00004311  __aeabi_memclr4               
00004311  __aeabi_memclr8               
000040d3  __aeabi_memcpy                
000040d3  __aeabi_memcpy4               
000040d3  __aeabi_memcpy8               
00004313  __aeabi_memset                
00004313  __aeabi_memset4               
00004313  __aeabi_memset8               
0000416f  __aeabi_uldivmod              
ffffffff  __binit__                     
ffffffff  __c_args__                    
UNDEFED   __mpu_init                    
2000fe00  __stack                       
00004795  _c_int00_noargs               
0000573e  _ctypes_                      
20000450  _orientation                  
UNDEFED   _system_post_cinit            
000048b9  _system_pre_init              
000048bd  abort                         
20000428  alarma                        
2000042c  alarma_horas                  
2000042d  alarma_minutos                
2000042e  alarma_segundos               
0000463d  atoi                          
2000045d  bgColorHighByte               
2000045c  bgColorLowByte                
ffffffff  binit                         
2000042f  borrado                       
000011a5  borrar                        
20000400  cadena                        
00002b55  cambiar_orientacion           
20000419  change                        
00000121  clearScreen                   
000001af  clearScreenBkg                
2000045b  colorHighByte                 
2000045a  colorLowByte                  
00001309  config_P7_LEDS                
00004845  copysign                      
00004845  copysignl                     
00003a1d  delay                         
000012ed  delay_t                       
20000418  direccion                     
00000521  drawCharLg                    
000005c9  drawCharLgBkg                 
000006ad  drawCharMd                    
0000075b  drawCharMdBkg                 
000003a1  drawCharSm                    
00000447  drawCharSmBkg                 
00000d9b  drawCircle                    
000008bd  drawImage                     
000008d5  drawImageLut                  
000009e3  drawImageMono                 
00000b41  drawLine                      
00000a01  drawLogicLine                 
00000237  drawPixel                     
00000d37  drawRect                      
00000267  drawString                    
20000460  errno                         
000011b9  escribir                      
20000411  estado                        
20000412  estado_anterior               
00000fb9  fillCircle                    
00000f1b  fillRect                      
000048c0  font_11x16                    
0000555e  font_5x7                      
000050ea  font_8x12                     
000044dd  frexp                         
000044dd  frexpl                        
000027cf  getAltura                     
0000277d  getColumna                    
0000272b  getLinea                      
00002725  getOrientacion                
0000282b  getScreenHeight               
00002815  getScreenWidth                
00002ce5  halLcdClearLine               
00002b83  halLcdClearScreen             
00002ba7  halLcdClearScreenBkg          
00002e59  halLcdDrawCircle              
00002f61  halLcdDrawImageLut            
00002dad  halLcdDrawLine                
00002d5b  halLcdDrawPixel               
00002e01  halLcdDrawRect                
00002f05  halLcdFillCircle              
00002ea9  halLcdFillRect                
00002b77  halLcdInit                    
00002bc7  halLcdPrintLine               
00002c47  halLcdPrintLineCol            
20000429  horas                         
20000414  index                         
000029a1  initLCD                       
00001199  init_LCD                      
0000132f  init_TA0                      
00001355  init_TA1                      
000011cf  init_botons                   
00001131  init_interrupciones           
000038f9  init_spi_lcd_tactil           
0000438d  init_ucs_16MHz                
000043c5  init_ucs_24MHz                
00000000  interruptVectors              
00003e15  ldexp                         
00003e15  ldexpl                        
20000410  linea                         
00004597  ltoa                          
0000146d  main                          
20000420  max_led_speed                 
000047fb  memccpy                       
000040d3  memcpy                        
00004319  memset                        
20000422  min_led_speed                 
2000042a  minutos                       
20000425  modificar                     
0000137b  on_off_RGB_LED                
20000427  parpadeo                      
20000426  posicion                      
2000041c  retraso                       
2000043f  saludo                        
00003e15  scalbn                        
00003e15  scalbnl                       
2000042b  segundos                      
20000424  seleccion                     
00002841  setArea                       
00000103  setBackgroundColor            
000000e5  setColor                      
00002ae7  setOrientation                
00004715  sprintf                       
0000482f  strchr                        
00004859  strlen                        
0000486d  wcslen                        
000039f7  writeCommand                  
000039d1  writeData                     


GLOBAL SYMBOLS: SORTED BY Symbol Address 

address   name                          
-------   ----                          
00000000  __TI_static_base__            
00000000  interruptVectors              
000000e5  setColor                      
00000103  setBackgroundColor            
00000121  clearScreen                   
000001af  clearScreenBkg                
00000200  __STACK_SIZE                  
00000237  drawPixel                     
00000267  drawString                    
000003a1  drawCharSm                    
00000447  drawCharSmBkg                 
00000521  drawCharLg                    
000005c9  drawCharLgBkg                 
000006ad  drawCharMd                    
0000075b  drawCharMdBkg                 
000008bd  drawImage                     
000008d5  drawImageLut                  
000009e3  drawImageMono                 
00000a01  drawLogicLine                 
00000b41  drawLine                      
00000d37  drawRect                      
00000d9b  drawCircle                    
00000f1b  fillRect                      
00000fb9  fillCircle                    
00001131  init_interrupciones           
00001199  init_LCD                      
000011a5  borrar                        
000011b9  escribir                      
000011cf  init_botons                   
000012ed  delay_t                       
00001309  config_P7_LEDS                
0000132f  init_TA0                      
00001355  init_TA1                      
0000137b  on_off_RGB_LED                
0000146d  main                          
00001931  TA0_0_IRQHandler              
00001931  TA0_0_IRQHandler              
000019b5  TA1_0_IRQHandler              
000019b5  TA1_0_IRQHandler              
00001ae1  PORT3_IRQHandler              
00001ae1  PORT3_IRQHandler              
00001b91  PORT4_IRQHandler              
00001b91  PORT4_IRQHandler              
00001c2d  PORT5_IRQHandler              
00001c2d  PORT5_IRQHandler              
00001cc5  __TI_printfi                  
00002723  __aeabi_idiv0                 
00002723  __aeabi_ldiv0                 
00002725  getOrientacion                
0000272b  getLinea                      
0000277d  getColumna                    
000027cf  getAltura                     
00002815  getScreenWidth                
0000282b  getScreenHeight               
00002841  setArea                       
000029a1  initLCD                       
00002ae7  setOrientation                
00002b55  cambiar_orientacion           
00002b77  halLcdInit                    
00002b83  halLcdClearScreen             
00002ba7  halLcdClearScreenBkg          
00002bc7  halLcdPrintLine               
00002c47  halLcdPrintLineCol            
00002ce5  halLcdClearLine               
00002d5b  halLcdDrawPixel               
00002dad  halLcdDrawLine                
00002e01  halLcdDrawRect                
00002e59  halLcdDrawCircle              
00002ea9  halLcdFillRect                
00002f05  halLcdFillCircle              
00002f61  halLcdDrawImageLut            
00002fcd  SystemCoreClockUpdate         
00003245  SystemInit                    
00003741  __aeabi_dsub                  
0000374b  __aeabi_dadd                  
000038f9  init_spi_lcd_tactil           
000039d1  writeData                     
000039f7  writeCommand                  
00003a1d  delay                         
00003bbd  __aeabi_ddiv                  
00003e15  ldexp                         
00003e15  ldexpl                        
00003e15  scalbn                        
00003e15  scalbnl                       
00003f25  __aeabi_dmul                  
000040d3  __aeabi_memcpy                
000040d3  __aeabi_memcpy4               
000040d3  __aeabi_memcpy8               
000040d3  memcpy                        
0000416f  __aeabi_uldivmod              
00004205  __aeabi_cdcmpeq               
00004205  __aeabi_cdcmple               
0000428b  __aeabi_cdrcmple              
00004311  __aeabi_memclr                
00004311  __aeabi_memclr4               
00004311  __aeabi_memclr8               
00004313  __aeabi_memset                
00004313  __aeabi_memset4               
00004313  __aeabi_memset8               
00004319  memset                        
0000438d  init_ucs_16MHz                
000043c5  init_ucs_24MHz                
00004473  __TI_decompress_lzss          
000044dd  frexp                         
000044dd  frexpl                        
00004597  ltoa                          
0000463d  atoi                          
00004689  __aeabi_d2iz                  
000046d1  __TI_auto_init_nobinit_nopinit
00004715  sprintf                       
00004795  _c_int00_noargs               
000047cd  __aeabi_i2d                   
000047fb  memccpy                       
0000482f  strchr                        
00004845  copysign                      
00004845  copysignl                     
00004859  strlen                        
0000486d  wcslen                        
0000487f  __TI_decompress_none          
0000488d  Reset_Handler                 
00004899  ADC14_IRQHandler              
00004899  AES256_IRQHandler             
00004899  BusFault_Handler              
00004899  COMP_E0_IRQHandler            
00004899  COMP_E1_IRQHandler            
00004899  CS_IRQHandler                 
00004899  DMA_ERR_IRQHandler            
00004899  DMA_INT0_IRQHandler           
00004899  DMA_INT1_IRQHandler           
00004899  DMA_INT2_IRQHandler           
00004899  DMA_INT3_IRQHandler           
00004899  DebugMon_Handler              
00004899  Default_Handler               
00004899  EUSCIA0_IRQHandler            
00004899  EUSCIA1_IRQHandler            
00004899  EUSCIA2_IRQHandler            
00004899  EUSCIA3_IRQHandler            
00004899  EUSCIB0_IRQHandler            
00004899  EUSCIB1_IRQHandler            
00004899  EUSCIB2_IRQHandler            
00004899  EUSCIB3_IRQHandler            
00004899  FLCTL_IRQHandler              
00004899  FPU_IRQHandler                
00004899  HardFault_Handler             
00004899  MemManage_Handler             
00004899  NMI_Handler                   
00004899  PCM_IRQHandler                
00004899  PORT1_IRQHandler              
00004899  PORT2_IRQHandler              
00004899  PORT6_IRQHandler              
00004899  PSS_IRQHandler                
00004899  PendSV_Handler                
00004899  RTC_C_IRQHandler              
00004899  SVC_Handler                   
00004899  SysTick_Handler               
00004899  T32_INT1_IRQHandler           
00004899  T32_INT2_IRQHandler           
00004899  T32_INTC_IRQHandler           
00004899  TA0_N_IRQHandler              
00004899  TA1_N_IRQHandler              
00004899  TA2_0_IRQHandler              
00004899  TA2_N_IRQHandler              
00004899  TA3_0_IRQHandler              
00004899  TA3_N_IRQHandler              
00004899  UsageFault_Handler            
00004899  WDT_A_IRQHandler              
0000489b  __TI_zero_init                
000048b1  __aeabi_errno_addr            
000048b9  _system_pre_init              
000048bd  C$$EXIT                       
000048bd  abort                         
000048c0  font_11x16                    
000050ea  font_8x12                     
0000555e  font_5x7                      
0000573e  _ctypes_                      
000058a4  __TI_Handler_Table_Base       
000058b0  __TI_Handler_Table_Limit      
000058b8  __TI_CINIT_Base               
000058c8  __TI_CINIT_Limit              
20000400  cadena                        
20000410  linea                         
20000411  estado                        
20000412  estado_anterior               
20000414  index                         
20000418  direccion                     
20000419  change                        
2000041c  retraso                       
20000420  max_led_speed                 
20000422  min_led_speed                 
20000424  seleccion                     
20000425  modificar                     
20000426  posicion                      
20000427  parpadeo                      
20000428  alarma                        
20000429  horas                         
2000042a  minutos                       
2000042b  segundos                      
2000042c  alarma_horas                  
2000042d  alarma_minutos                
2000042e  alarma_segundos               
2000042f  borrado                       
2000043f  saludo                        
20000450  _orientation                  
20000451  Fuente                        
20000452  Color_Fondo                   
20000454  Color_Texto                   
20000456  Color_Fondo_Inv               
20000458  Color_Texto_Inv               
2000045a  colorLowByte                  
2000045b  colorHighByte                 
2000045c  bgColorLowByte                
2000045d  bgColorHighByte               
20000460  errno                         
20000464  SystemCoreClock               
2000fe00  __stack                       
20010000  __STACK_END                   
4000480c  WDTCTL_SYM                    
ffffffff  __TI_pprof_out_hndl           
ffffffff  __TI_prof_data_size           
ffffffff  __TI_prof_data_start          
ffffffff  __binit__                     
ffffffff  __c_args__                    
ffffffff  binit                         
UNDEFED   __mpu_init                    
UNDEFED   _system_post_cinit            

[225 symbols]
