******************************************************************************
                  TI ARM Linker Unix v18.1.2                   
******************************************************************************
>> Linked Thu Feb 28 11:21:45 2019

OUTPUT FILE NAME:   <P2-PORTS.out>
ENTRY POINT SYMBOL: "_c_int00_noargs"  address: 00004195


MEMORY CONFIGURATION

         name            origin    length      used     unused   attr    fill
----------------------  --------  ---------  --------  --------  ----  --------
  MAIN                  00000000   00040000  000052c7  0003ad39  R  X
  INFO                  00200000   00004000  00000000  00004000  R  X
  SRAM_CODE             01000000   00010000  00000658  0000f9a8  RW X
  SRAM_DATA             20000000   00010000  00000658  0000f9a8  RW  


SEGMENT ALLOCATION MAP

run origin  load origin   length   init length attrs members
----------  ----------- ---------- ----------- ----- -------
00000000    00000000    000052c8   000052c8    r-x
  00000000    00000000    000000e4   000000e4    r-- .intvecs
  000000e4    000000e4    000041dc   000041dc    r-x .text
  000042c0    000042c0    00000f9f   00000f9f    r-- .const
  00005260    00005260    00000068   00000068    r-- .cinit
20000000    20000000    00000458   00000000    rw-
  20000000    20000000    00000410   00000000    rw- .bss
  20000410    20000410    00000048   00000000    rw- .data
2000fe00    2000fe00    00000200   00000000    rw-
  2000fe00    2000fe00    00000200   00000000    rw- .stack


SECTION ALLOCATION MAP

 output                                  attributes/
section   page    origin      length       input sections
--------  ----  ----------  ----------   ----------------
.intvecs   0    00000000    000000e4     
                  00000000    000000e4     startup_msp432p401r_ccs.obj (.intvecs:retain)

.text      0    000000e4    000041dc     
                  000000e4    0000104c     lib_PAE2.lib : graphics.obj (.text)
                  00001130    00000a5e     rtsv7M4_T_le_v4SPD16_eabi.lib : _printfi.c.obj (.text:__TI_printfi)
                  00001b8e    00000002                                   : div0.asm.obj (.text)
                  00001b90    000008a8     lib_PAE2.lib : lcd.obj (.text)
                  00002438    00000594     Practica_02 PAE_Alumnes.obj (.text)
                  000029cc    00000334     system_msp432p401r.obj (.text)
                  00002d00    00000270     rtsv7M4_T_le_v4SPD16_eabi.lib : _printfi.c.obj (.text:_pconv_a)
                  00002f70    000001d0                                   : _printfi.c.obj (.text:_pconv_g)
                  00003140    000001b6                                   : fd_add_t2.asm.obj (.text)
                  000032f6    00000002     --HOLE-- [fill = 0]
                  000032f8    00000188     lib_PAE2.lib : msp_LCD.obj (.text)
                  00003480    0000013c     rtsv7M4_T_le_v4SPD16_eabi.lib : _printfi.c.obj (.text:_pconv_e)
                  000035bc    00000136                                   : fd_div_t2.asm.obj (.text)
                  000036f2    00000002     --HOLE-- [fill = 0]
                  000036f4    00000120                                   : _printfi.c.obj (.text:fcvt)
                  00003814    00000110                                   : s_scalbn.c.obj (.text:scalbn)
                  00003924    000000fc                                   : fd_mul_t2.asm.obj (.text)
                  00003a20    000000b1                                   : _printfi.c.obj (.text:_ltostr)
                  00003ad1    00000001     --HOLE-- [fill = 0]
                  00003ad2    0000009c                                   : memcpy_t2.asm.obj (.text)
                  00003b6e    00000096                                   : ull_div_t2.asm.obj (.text)
                  00003c04    00000086                                   : fd_cmp_t2.asm.obj (.text:__aeabi_cdcmple)
                  00003c8a    00000086                                   : fd_cmp_t2.asm.obj (.text:__aeabi_cdrcmple)
                  00003d10    0000007a                                   : memset_t2.asm.obj (.text)
                  00003d8a    00000002     --HOLE-- [fill = 0]
                  00003d8c    00000078     lib_PAE2.lib : Inicializacion.obj (.text)
                  00003e04    0000006e     rtsv7M4_T_le_v4SPD16_eabi.lib : _printfi.c.obj (.text:_mcpy)
                  00003e72    00000068                                   : copy_decompress_lzss.c.obj (.text:decompress:lzss:__TI_decompress_lzss)
                  00003eda    00000002     --HOLE-- [fill = 0]
                  00003edc    00000064                                   : s_frexp.c.obj (.text:frexp)
                  00003f40    00000056                                   : _printfi.c.obj (.text:_pconv_f)
                  00003f96    00000054                                   : ltoa.c.obj (.text:ltoa)
                  00003fea    00000052                                   : _printfi.c.obj (.text:_ecpy)
                  0000403c    0000004c                                   : atoi.c.obj (.text:atoi)
                  00004088    00000048                                   : fd_toi_t2.asm.obj (.text)
                  000040d0    00000044                                   : autoinit.c.obj (.text:__TI_auto_init_nobinit_nopinit:__TI_auto_init_nobinit_nopinit)
                  00004114    00000040                                   : sprintf.c.obj (.text:sprintf)
                  00004154    0000003e                                   : _printfi.c.obj (.text:_fcpy)
                  00004192    00000002     --HOLE-- [fill = 0]
                  00004194    00000038                                   : boot_cortex_m.c.obj (.text:_c_int00_noargs:_c_int00_noargs)
                  000041cc    0000002e                                   : i_tofd_t2.asm.obj (.text)
                  000041fa    0000001c                                   : memccpy.c.obj (.text:memccpy)
                  00004216    00000018                                   : sprintf.c.obj (.text:_outs)
                  0000422e    00000016                                   : strchr.c.obj (.text:strchr)
                  00004244    00000014                                   : s_copysign.c.obj (.text:copysign)
                  00004258    00000014                                   : strlen.c.obj (.text:strlen)
                  0000426c    00000012                                   : wcslen.c.obj (.text:wcslen)
                  0000427e    0000000e                                   : copy_decompress_none.c.obj (.text:decompress:none:__TI_decompress_none)
                  0000428c    0000000e     startup_msp432p401r_ccs.obj (.text)
                  0000429a    0000000c     rtsv7M4_T_le_v4SPD16_eabi.lib : copy_zero_init.c.obj (.text:decompress:ZI:__TI_zero_init)
                  000042a6    0000000a                                   : sprintf.c.obj (.text:_outc)
                  000042b0    00000008                                   : errno.c.obj (.text:__aeabi_errno_addr)
                  000042b8    00000004                                   : pre_init.c.obj (.text:_system_pre_init)
                  000042bc    00000004                                   : exit.c.obj (.text:abort:abort)

.const     0    000042c0    00000f9f     
                  000042c0    0000082a     lib_PAE2.lib : graphics.obj (.const:font_11x16)
                  00004aea    00000474                  : graphics.obj (.const:font_8x12)
                  00004f5e    000001e0                  : graphics.obj (.const:font_5x7)
                  0000513e    00000101     rtsv7M4_T_le_v4SPD16_eabi.lib : ctype.c.obj (.const:.string:_ctypes_)
                  0000523f    00000010     lib_PAE2.lib : lcd.obj (.const:.string:$P$T0$1)
                  0000524f    00000010                  : lcd.obj (.const:.string:$P$T1$2)

.cinit     0    00005260    00000068     
                  00005260    0000003f     (.cinit..data.load) [load image, compression = lzss]
                  0000529f    00000001     --HOLE-- [fill = 0]
                  000052a0    0000000c     (__TI_handler_table)
                  000052ac    00000004     --HOLE-- [fill = 0]
                  000052b0    00000008     (.cinit..bss.load) [load image, compression = zero_init]
                  000052b8    00000010     (__TI_cinit_table)

.init_array 
*          0    00000000    00000000     UNINITIALIZED

.binit     0    00000000    00000000     

.bss       0    20000000    00000410     UNINITIALIZED
                  20000000    00000400     lib_PAE2.lib : graphics.obj (.bss:g_pulConvertedPalette)
                  20000400    00000010     (.common:cadena)

.data      0    20000410    00000048     UNINITIALIZED
                  20000410    00000010     Practica_02 PAE_Alumnes.obj (.data)
                  20000420    00000010     Practica_02 PAE_Alumnes.obj (.data:borrado)
                  20000430    00000010     Practica_02 PAE_Alumnes.obj (.data:saludo)
                  20000440    0000000a     lib_PAE2.lib : lcd.obj (.data)
                  2000044a    00000004                  : graphics.obj (.data)
                  2000044e    00000002     --HOLE--
                  20000450    00000004     rtsv7M4_T_le_v4SPD16_eabi.lib : errno.c.obj (.data)
                  20000454    00000004     system_msp432p401r.obj (.data)

.stack     0    2000fe00    00000200     UNINITIALIZED
                  2000fe00    00000004     rtsv7M4_T_le_v4SPD16_eabi.lib : boot_cortex_m.c.obj (.stack)
                  2000fe04    000001fc     --HOLE--

MODULE SUMMARY

       Module                        code    ro data   rw data
       ------                        ----    -------   -------
    ./
       Practica_02 PAE_Alumnes.obj   1428    0         128    
       system_msp432p401r.obj        820     0         8      
       startup_msp432p401r_ccs.obj   14      228       0      
    +--+-----------------------------+-------+---------+---------+
       Total:                        2262    228       136    
                                                              
    ../lib_PAE2.lib
       graphics.obj                  4172    3710      2056   
       lcd.obj                       2216    32        20     
       msp_LCD.obj                   392     0         0      
       Inicializacion.obj            120     0         0      
    +--+-----------------------------+-------+---------+---------+
       Total:                        6900    3742      2076   
                                                              
    /home/ricard/ti/ccsv8/tools/compiler/ti-cgt-arm_18.1.2.LTS/lib/rtsv7M4_T_le_v4SPD16_eabi.lib
       _printfi.c.obj                4863    0         0      
       fd_add_t2.asm.obj             438     0         0      
       fd_div_t2.asm.obj             310     0         0      
       s_scalbn.c.obj                272     0         0      
       fd_cmp_t2.asm.obj             268     0         0      
       ctype.c.obj                   0       257       0      
       fd_mul_t2.asm.obj             252     0         0      
       memcpy_t2.asm.obj             156     0         0      
       ull_div_t2.asm.obj            150     0         0      
       memset_t2.asm.obj             122     0         0      
       copy_decompress_lzss.c.obj    104     0         0      
       s_frexp.c.obj                 100     0         0      
       sprintf.c.obj                 98      0         0      
       ltoa.c.obj                    84      0         0      
       atoi.c.obj                    76      0         0      
       fd_toi_t2.asm.obj             72      0         0      
       autoinit.c.obj                68      0         0      
       boot_cortex_m.c.obj           56      0         0      
       i_tofd_t2.asm.obj             46      0         0      
       memccpy.c.obj                 28      0         0      
       strchr.c.obj                  22      0         0      
       s_copysign.c.obj              20      0         0      
       strlen.c.obj                  20      0         0      
       wcslen.c.obj                  18      0         0      
       errno.c.obj                   8       0         8      
       copy_decompress_none.c.obj    14      0         0      
       copy_zero_init.c.obj          12      0         0      
       exit.c.obj                    4       0         0      
       pre_init.c.obj                4       0         0      
       div0.asm.obj                  2       0         0      
    +--+-----------------------------+-------+---------+---------+
       Total:                        7687    257       8      
                                                              
       Stack:                        0       0         1024   
       Linker Generated:             0       99        0      
    +--+-----------------------------+-------+---------+---------+
       Grand Total:                  16849   4326      3244   


LINKER GENERATED COPY TABLES

__TI_cinit_table @ 000052b8 records: 2, size/record: 8, table size: 16
	.data: load addr=00005260, load size=0000003f bytes, run addr=20000410, run size=00000048 bytes, compression=lzss
	.bss: load addr=000052b0, load size=00000008 bytes, run addr=20000000, run size=00000410 bytes, compression=zero_init


LINKER GENERATED HANDLER TABLE

__TI_handler_table @ 000052a0 records: 3, size/record: 4, table size: 12
	index: 0, handler: __TI_decompress_lzss
	index: 1, handler: __TI_decompress_none
	index: 2, handler: __TI_zero_init


GLOBAL SYMBOLS: SORTED ALPHABETICALLY BY Name 

address   name                          
-------   ----                          
00004299  ADC14_IRQHandler              
00004299  AES256_IRQHandler             
00004299  BusFault_Handler              
000042bd  C$$EXIT                       
00004299  COMP_E0_IRQHandler            
00004299  COMP_E1_IRQHandler            
00004299  CS_IRQHandler                 
20000442  Color_Fondo                   
20000446  Color_Fondo_Inv               
20000444  Color_Texto                   
20000448  Color_Texto_Inv               
00004299  DMA_ERR_IRQHandler            
00004299  DMA_INT0_IRQHandler           
00004299  DMA_INT1_IRQHandler           
00004299  DMA_INT2_IRQHandler           
00004299  DMA_INT3_IRQHandler           
00004299  DebugMon_Handler              
00004299  Default_Handler               
00004299  EUSCIA0_IRQHandler            
00004299  EUSCIA1_IRQHandler            
00004299  EUSCIA2_IRQHandler            
00004299  EUSCIA3_IRQHandler            
00004299  EUSCIB0_IRQHandler            
00004299  EUSCIB1_IRQHandler            
00004299  EUSCIB2_IRQHandler            
00004299  EUSCIB3_IRQHandler            
00004299  FLCTL_IRQHandler              
00004299  FPU_IRQHandler                
20000441  Fuente                        
00004299  HardFault_Handler             
00004299  MemManage_Handler             
00004299  NMI_Handler                   
00004299  PCM_IRQHandler                
00004299  PORT1_IRQHandler              
00004299  PORT2_IRQHandler              
00002891  PORT3_IRQHandler              
00002891  PORT3_IRQHandler              
000028d9  PORT4_IRQHandler              
000028d9  PORT4_IRQHandler              
00002931  PORT5_IRQHandler              
00002931  PORT5_IRQHandler              
00004299  PORT6_IRQHandler              
00004299  PSS_IRQHandler                
00004299  PendSV_Handler                
00004299  RTC_C_IRQHandler              
0000428d  Reset_Handler                 
00004299  SVC_Handler                   
00004299  SysTick_Handler               
20000454  SystemCoreClock               
000029cd  SystemCoreClockUpdate         
00002c45  SystemInit                    
00004299  T32_INT1_IRQHandler           
00004299  T32_INT2_IRQHandler           
00004299  T32_INTC_IRQHandler           
00004299  TA0_0_IRQHandler              
00004299  TA0_N_IRQHandler              
00004299  TA1_0_IRQHandler              
00004299  TA1_N_IRQHandler              
00004299  TA2_0_IRQHandler              
00004299  TA2_N_IRQHandler              
00004299  TA3_0_IRQHandler              
00004299  TA3_N_IRQHandler              
00004299  UsageFault_Handler            
4000480c  WDTCTL_SYM                    
00004299  WDT_A_IRQHandler              
20010000  __STACK_END                   
00000200  __STACK_SIZE                  
000052b8  __TI_CINIT_Base               
000052c8  __TI_CINIT_Limit              
000052a0  __TI_Handler_Table_Base       
000052ac  __TI_Handler_Table_Limit      
000040d1  __TI_auto_init_nobinit_nopinit
00003e73  __TI_decompress_lzss          
0000427f  __TI_decompress_none          
ffffffff  __TI_pprof_out_hndl           
00001131  __TI_printfi                  
ffffffff  __TI_prof_data_size           
ffffffff  __TI_prof_data_start          
00000000  __TI_static_base__            
0000429b  __TI_zero_init                
00003c05  __aeabi_cdcmpeq               
00003c05  __aeabi_cdcmple               
00003c8b  __aeabi_cdrcmple              
00004089  __aeabi_d2iz                  
0000314b  __aeabi_dadd                  
000035bd  __aeabi_ddiv                  
00003925  __aeabi_dmul                  
00003141  __aeabi_dsub                  
000042b1  __aeabi_errno_addr            
000041cd  __aeabi_i2d                   
00001b8f  __aeabi_idiv0                 
00001b8f  __aeabi_ldiv0                 
00003d11  __aeabi_memclr                
00003d11  __aeabi_memclr4               
00003d11  __aeabi_memclr8               
00003ad3  __aeabi_memcpy                
00003ad3  __aeabi_memcpy4               
00003ad3  __aeabi_memcpy8               
00003d13  __aeabi_memset                
00003d13  __aeabi_memset4               
00003d13  __aeabi_memset8               
00003b6f  __aeabi_uldivmod              
ffffffff  __binit__                     
ffffffff  __c_args__                    
UNDEFED   __mpu_init                    
2000fe00  __stack                       
00004195  _c_int00_noargs               
0000513e  _ctypes_                      
20000440  _orientation                  
UNDEFED   _system_post_cinit            
000042b9  _system_pre_init              
000042bd  abort                         
0000403d  atoi                          
2000044d  bgColorHighByte               
2000044c  bgColorLowByte                
ffffffff  binit                         
20000420  borrado                       
00002485  borrar                        
20000400  cadena                        
00001fc1  cambiar_orientacion           
00000121  clearScreen                   
000001af  clearScreenBkg                
2000044b  colorHighByte                 
2000044a  colorLowByte                  
000025e9  config_P7_LEDS                
00004245  copysign                      
00004245  copysignl                     
0000341d  delay                         
000025cd  delay_t                       
20000419  direccion                     
00000521  drawCharLg                    
000005c9  drawCharLgBkg                 
000006ad  drawCharMd                    
0000075b  drawCharMdBkg                 
000003a1  drawCharSm                    
00000447  drawCharSmBkg                 
00000d9b  drawCircle                    
000008bd  drawImage                     
000008d5  drawImageLut                  
000009e3  drawImageMono                 
00000b41  drawLine                      
00000a01  drawLogicLine                 
00000237  drawPixel                     
00000d37  drawRect                      
00000267  drawString                    
20000450  errno                         
00002499  escribir                      
20000411  estado                        
20000412  estado_anterior               
00000fb9  fillCircle                    
00000f1b  fillRect                      
000042c0  font_11x16                    
00004f5e  font_5x7                      
00004aea  font_8x12                     
00003edd  frexp                         
00003edd  frexpl                        
00001c3b  getAltura                     
00001be9  getColumna                    
00001b97  getLinea                      
00001b91  getOrientacion                
00001c97  getScreenHeight               
00001c81  getScreenWidth                
00002151  halLcdClearLine               
00001fef  halLcdClearScreen             
00002013  halLcdClearScreenBkg          
000022c5  halLcdDrawCircle              
000023cd  halLcdDrawImageLut            
00002219  halLcdDrawLine                
000021c7  halLcdDrawPixel               
0000226d  halLcdDrawRect                
00002371  halLcdFillCircle              
00002315  halLcdFillRect                
00001fe3  halLcdInit                    
00002033  halLcdPrintLine               
000020b3  halLcdPrintLineCol            
20000414  index                         
00001e0d  initLCD                       
00002479  init_LCD                      
000024af  init_botons                   
00002439  init_interrupciones           
000032f9  init_spi_lcd_tactil           
00003d8d  init_ucs_16MHz                
00003dc5  init_ucs_24MHz                
00000000  interruptVectors              
00003815  ldexp                         
00003815  ldexpl                        
20000410  linea                         
00003f97  ltoa                          
000026ad  main                          
000041fb  memccpy                       
00003ad3  memcpy                        
00003d19  memset                        
0000260d  on_off_RGB_LED                
2000041c  retraso                       
20000430  saludo                        
00003815  scalbn                        
00003815  scalbnl                       
00001cad  setArea                       
00000103  setBackgroundColor            
000000e5  setColor                      
00001f53  setOrientation                
00004115  sprintf                       
0000422f  strchr                        
00004259  strlen                        
20000418  velocidad                     
0000426d  wcslen                        
000033f7  writeCommand                  
000033d1  writeData                     


GLOBAL SYMBOLS: SORTED BY Symbol Address 

address   name                          
-------   ----                          
00000000  __TI_static_base__            
00000000  interruptVectors              
000000e5  setColor                      
00000103  setBackgroundColor            
00000121  clearScreen                   
000001af  clearScreenBkg                
00000200  __STACK_SIZE                  
00000237  drawPixel                     
00000267  drawString                    
000003a1  drawCharSm                    
00000447  drawCharSmBkg                 
00000521  drawCharLg                    
000005c9  drawCharLgBkg                 
000006ad  drawCharMd                    
0000075b  drawCharMdBkg                 
000008bd  drawImage                     
000008d5  drawImageLut                  
000009e3  drawImageMono                 
00000a01  drawLogicLine                 
00000b41  drawLine                      
00000d37  drawRect                      
00000d9b  drawCircle                    
00000f1b  fillRect                      
00000fb9  fillCircle                    
00001131  __TI_printfi                  
00001b8f  __aeabi_idiv0                 
00001b8f  __aeabi_ldiv0                 
00001b91  getOrientacion                
00001b97  getLinea                      
00001be9  getColumna                    
00001c3b  getAltura                     
00001c81  getScreenWidth                
00001c97  getScreenHeight               
00001cad  setArea                       
00001e0d  initLCD                       
00001f53  setOrientation                
00001fc1  cambiar_orientacion           
00001fe3  halLcdInit                    
00001fef  halLcdClearScreen             
00002013  halLcdClearScreenBkg          
00002033  halLcdPrintLine               
000020b3  halLcdPrintLineCol            
00002151  halLcdClearLine               
000021c7  halLcdDrawPixel               
00002219  halLcdDrawLine                
0000226d  halLcdDrawRect                
000022c5  halLcdDrawCircle              
00002315  halLcdFillRect                
00002371  halLcdFillCircle              
000023cd  halLcdDrawImageLut            
00002439  init_interrupciones           
00002479  init_LCD                      
00002485  borrar                        
00002499  escribir                      
000024af  init_botons                   
000025cd  delay_t                       
000025e9  config_P7_LEDS                
0000260d  on_off_RGB_LED                
000026ad  main                          
00002891  PORT3_IRQHandler              
00002891  PORT3_IRQHandler              
000028d9  PORT4_IRQHandler              
000028d9  PORT4_IRQHandler              
00002931  PORT5_IRQHandler              
00002931  PORT5_IRQHandler              
000029cd  SystemCoreClockUpdate         
00002c45  SystemInit                    
00003141  __aeabi_dsub                  
0000314b  __aeabi_dadd                  
000032f9  init_spi_lcd_tactil           
000033d1  writeData                     
000033f7  writeCommand                  
0000341d  delay                         
000035bd  __aeabi_ddiv                  
00003815  ldexp                         
00003815  ldexpl                        
00003815  scalbn                        
00003815  scalbnl                       
00003925  __aeabi_dmul                  
00003ad3  __aeabi_memcpy                
00003ad3  __aeabi_memcpy4               
00003ad3  __aeabi_memcpy8               
00003ad3  memcpy                        
00003b6f  __aeabi_uldivmod              
00003c05  __aeabi_cdcmpeq               
00003c05  __aeabi_cdcmple               
00003c8b  __aeabi_cdrcmple              
00003d11  __aeabi_memclr                
00003d11  __aeabi_memclr4               
00003d11  __aeabi_memclr8               
00003d13  __aeabi_memset                
00003d13  __aeabi_memset4               
00003d13  __aeabi_memset8               
00003d19  memset                        
00003d8d  init_ucs_16MHz                
00003dc5  init_ucs_24MHz                
00003e73  __TI_decompress_lzss          
00003edd  frexp                         
00003edd  frexpl                        
00003f97  ltoa                          
0000403d  atoi                          
00004089  __aeabi_d2iz                  
000040d1  __TI_auto_init_nobinit_nopinit
00004115  sprintf                       
00004195  _c_int00_noargs               
000041cd  __aeabi_i2d                   
000041fb  memccpy                       
0000422f  strchr                        
00004245  copysign                      
00004245  copysignl                     
00004259  strlen                        
0000426d  wcslen                        
0000427f  __TI_decompress_none          
0000428d  Reset_Handler                 
00004299  ADC14_IRQHandler              
00004299  AES256_IRQHandler             
00004299  BusFault_Handler              
00004299  COMP_E0_IRQHandler            
00004299  COMP_E1_IRQHandler            
00004299  CS_IRQHandler                 
00004299  DMA_ERR_IRQHandler            
00004299  DMA_INT0_IRQHandler           
00004299  DMA_INT1_IRQHandler           
00004299  DMA_INT2_IRQHandler           
00004299  DMA_INT3_IRQHandler           
00004299  DebugMon_Handler              
00004299  Default_Handler               
00004299  EUSCIA0_IRQHandler            
00004299  EUSCIA1_IRQHandler            
00004299  EUSCIA2_IRQHandler            
00004299  EUSCIA3_IRQHandler            
00004299  EUSCIB0_IRQHandler            
00004299  EUSCIB1_IRQHandler            
00004299  EUSCIB2_IRQHandler            
00004299  EUSCIB3_IRQHandler            
00004299  FLCTL_IRQHandler              
00004299  FPU_IRQHandler                
00004299  HardFault_Handler             
00004299  MemManage_Handler             
00004299  NMI_Handler                   
00004299  PCM_IRQHandler                
00004299  PORT1_IRQHandler              
00004299  PORT2_IRQHandler              
00004299  PORT6_IRQHandler              
00004299  PSS_IRQHandler                
00004299  PendSV_Handler                
00004299  RTC_C_IRQHandler              
00004299  SVC_Handler                   
00004299  SysTick_Handler               
00004299  T32_INT1_IRQHandler           
00004299  T32_INT2_IRQHandler           
00004299  T32_INTC_IRQHandler           
00004299  TA0_0_IRQHandler              
00004299  TA0_N_IRQHandler              
00004299  TA1_0_IRQHandler              
00004299  TA1_N_IRQHandler              
00004299  TA2_0_IRQHandler              
00004299  TA2_N_IRQHandler              
00004299  TA3_0_IRQHandler              
00004299  TA3_N_IRQHandler              
00004299  UsageFault_Handler            
00004299  WDT_A_IRQHandler              
0000429b  __TI_zero_init                
000042b1  __aeabi_errno_addr            
000042b9  _system_pre_init              
000042bd  C$$EXIT                       
000042bd  abort                         
000042c0  font_11x16                    
00004aea  font_8x12                     
00004f5e  font_5x7                      
0000513e  _ctypes_                      
000052a0  __TI_Handler_Table_Base       
000052ac  __TI_Handler_Table_Limit      
000052b8  __TI_CINIT_Base               
000052c8  __TI_CINIT_Limit              
20000400  cadena                        
20000410  linea                         
20000411  estado                        
20000412  estado_anterior               
20000414  index                         
20000418  velocidad                     
20000419  direccion                     
2000041c  retraso                       
20000420  borrado                       
20000430  saludo                        
20000440  _orientation                  
20000441  Fuente                        
20000442  Color_Fondo                   
20000444  Color_Texto                   
20000446  Color_Fondo_Inv               
20000448  Color_Texto_Inv               
2000044a  colorLowByte                  
2000044b  colorHighByte                 
2000044c  bgColorLowByte                
2000044d  bgColorHighByte               
20000450  errno                         
20000454  SystemCoreClock               
2000fe00  __stack                       
20010000  __STACK_END                   
4000480c  WDTCTL_SYM                    
ffffffff  __TI_pprof_out_hndl           
ffffffff  __TI_prof_data_size           
ffffffff  __TI_prof_data_start          
ffffffff  __binit__                     
ffffffff  __c_args__                    
ffffffff  binit                         
UNDEFED   __mpu_init                    
UNDEFED   _system_post_cinit            

[208 symbols]
