******************************************************************************
                  TI ARM Linker PC v18.1.2                     
******************************************************************************
>> Linked Tue Feb 19 09:15:26 2019

OUTPUT FILE NAME:   <EXERCICI PROPOSAT.out>
ENTRY POINT SYMBOL: "_c_int00_noargs"  address: 000041c1


MEMORY CONFIGURATION

         name            origin    length      used     unused   attr    fill
----------------------  --------  ---------  --------  --------  ----  --------
  MAIN                  00000000   00040000  000065b4  00039a4c  R  X
  INFO                  00200000   00004000  00000000  00004000  R  X
  SRAM_CODE             01000000   00010000  0000061f  0000f9e1  RW X
  SRAM_DATA             20000000   00010000  0000061f  0000f9e1  RW  


SEGMENT ALLOCATION MAP

run origin  load origin   length   init length attrs members
----------  ----------- ---------- ----------- ----- -------
00000000    00000000    000065b8   000065b8    r-x
  00000000    00000000    000000e4   000000e4    r-- .intvecs
  000000e4    000000e4    00004208   00004208    r-x .text
  000042ec    000042ec    00002288   00002288    r-- .const
  00006578    00006578    00000040   00000040    r-- .cinit
20000000    20000000    0000041f   00000000    rw-
  20000000    20000000    00000404   00000000    rw- .bss
  20000404    20000404    0000001b   00000000    rw- .data
2000fe00    2000fe00    00000200   00000000    rw-
  2000fe00    2000fe00    00000200   00000000    rw- .stack


SECTION ALLOCATION MAP

 output                                  attributes/
section   page    origin      length       input sections
--------  ----  ----------  ----------   ----------------
.intvecs   0    00000000    000000e4     
                  00000000    000000e4     startup_msp432p401r_ccs.obj (.intvecs:retain)

.text      0    000000e4    00004208     
                  000000e4    0000104c     lib_PAE2.lib : graphics.obj (.text)
                  00001130    00000a5e     rtsv7M4_T_le_v4SPD16_eabi.lib : _printfi.c.obj (.text:__TI_printfi)
                  00001b8e    00000002                                   : div0.asm.obj (.text)
                  00001b90    000008a8     lib_PAE2.lib : lcd.obj (.text)
                  00002438    000005c0     Practica1_PAE_main.obj (.text)
                  000029f8    00000334     system_msp432p401r.obj (.text)
                  00002d2c    00000270     rtsv7M4_T_le_v4SPD16_eabi.lib : _printfi.c.obj (.text:_pconv_a)
                  00002f9c    000001d0                                   : _printfi.c.obj (.text:_pconv_g)
                  0000316c    000001b6                                   : fd_add_t2.asm.obj (.text)
                  00003322    00000002     --HOLE-- [fill = 0]
                  00003324    00000188     lib_PAE2.lib : msp_LCD.obj (.text)
                  000034ac    0000013c     rtsv7M4_T_le_v4SPD16_eabi.lib : _printfi.c.obj (.text:_pconv_e)
                  000035e8    00000136                                   : fd_div_t2.asm.obj (.text)
                  0000371e    00000002     --HOLE-- [fill = 0]
                  00003720    00000120                                   : _printfi.c.obj (.text:fcvt)
                  00003840    00000110                                   : s_scalbn.c.obj (.text:scalbn)
                  00003950    000000fc                                   : fd_mul_t2.asm.obj (.text)
                  00003a4c    000000b1                                   : _printfi.c.obj (.text:_ltostr)
                  00003afd    00000001     --HOLE-- [fill = 0]
                  00003afe    0000009c                                   : memcpy_t2.asm.obj (.text)
                  00003b9a    00000096                                   : ull_div_t2.asm.obj (.text)
                  00003c30    00000086                                   : fd_cmp_t2.asm.obj (.text:__aeabi_cdcmple)
                  00003cb6    00000086                                   : fd_cmp_t2.asm.obj (.text:__aeabi_cdrcmple)
                  00003d3c    0000007a                                   : memset_t2.asm.obj (.text)
                  00003db6    00000002     --HOLE-- [fill = 0]
                  00003db8    00000078     lib_PAE2.lib : Inicializacion.obj (.text)
                  00003e30    0000006e     rtsv7M4_T_le_v4SPD16_eabi.lib : _printfi.c.obj (.text:_mcpy)
                  00003e9e    00000068                                   : copy_decompress_lzss.c.obj (.text:decompress:lzss:__TI_decompress_lzss)
                  00003f06    00000002     --HOLE-- [fill = 0]
                  00003f08    00000064                                   : s_frexp.c.obj (.text:frexp)
                  00003f6c    00000056                                   : _printfi.c.obj (.text:_pconv_f)
                  00003fc2    00000054                                   : ltoa.c.obj (.text:ltoa)
                  00004016    00000052                                   : _printfi.c.obj (.text:_ecpy)
                  00004068    0000004c                                   : atoi.c.obj (.text:atoi)
                  000040b4    00000048                                   : fd_toi_t2.asm.obj (.text)
                  000040fc    00000044                                   : autoinit.c.obj (.text:__TI_auto_init_nobinit_nopinit:__TI_auto_init_nobinit_nopinit)
                  00004140    00000040                                   : sprintf.c.obj (.text:sprintf)
                  00004180    0000003e                                   : _printfi.c.obj (.text:_fcpy)
                  000041be    00000002     --HOLE-- [fill = 0]
                  000041c0    00000038                                   : boot_cortex_m.c.obj (.text:_c_int00_noargs:_c_int00_noargs)
                  000041f8    0000002e                                   : i_tofd_t2.asm.obj (.text)
                  00004226    0000001c                                   : memccpy.c.obj (.text:memccpy)
                  00004242    00000018                                   : sprintf.c.obj (.text:_outs)
                  0000425a    00000016                                   : strchr.c.obj (.text:strchr)
                  00004270    00000014                                   : s_copysign.c.obj (.text:copysign)
                  00004284    00000014                                   : strlen.c.obj (.text:strlen)
                  00004298    00000012                                   : wcslen.c.obj (.text:wcslen)
                  000042aa    0000000e                                   : copy_decompress_none.c.obj (.text:decompress:none:__TI_decompress_none)
                  000042b8    0000000e     startup_msp432p401r_ccs.obj (.text)
                  000042c6    0000000c     rtsv7M4_T_le_v4SPD16_eabi.lib : copy_zero_init.c.obj (.text:decompress:ZI:__TI_zero_init)
                  000042d2    0000000a                                   : sprintf.c.obj (.text:_outc)
                  000042dc    00000008                                   : errno.c.obj (.text:__aeabi_errno_addr)
                  000042e4    00000004                                   : pre_init.c.obj (.text:_system_pre_init)
                  000042e8    00000004                                   : exit.c.obj (.text:abort:abort)

.const     0    000042ec    00002288     
                  000042ec    00000ed3     logoUB_256.obj (.const:.string:pixel_logoUB8BPP_UNCOMP)
                  000051bf    00000001     --HOLE-- [fill = 0]
                  000051c0    0000082a     lib_PAE2.lib : graphics.obj (.const:font_11x16)
                  000059ea    00000474                  : graphics.obj (.const:font_8x12)
                  00005e5e    00000002     --HOLE-- [fill = 0]
                  00005e60    00000400     logoUB_256.obj (.const:palette_logoUB8BPP_UNCOMP)
                  00006260    000001e0     lib_PAE2.lib : graphics.obj (.const:font_5x7)
                  00006440    00000101     rtsv7M4_T_le_v4SPD16_eabi.lib : ctype.c.obj (.const:.string:_ctypes_)
                  00006541    00000010     lib_PAE2.lib : lcd.obj (.const:.string:$P$T0$1)
                  00006551    00000010                  : lcd.obj (.const:.string:$P$T1$2)
                  00006561    00000003     --HOLE-- [fill = 0]
                  00006564    00000010     logoUB_256.obj (.const:logoUB8BPP_UNCOMP)

.cinit     0    00006578    00000040     
                  00006578    0000001a     (.cinit..data.load) [load image, compression = lzss]
                  00006592    00000002     --HOLE-- [fill = 0]
                  00006594    0000000c     (__TI_handler_table)
                  000065a0    00000008     (.cinit..bss.load) [load image, compression = zero_init]
                  000065a8    00000010     (__TI_cinit_table)

.init_array 
*          0    00000000    00000000     UNINITIALIZED

.binit     0    00000000    00000000     

.bss       0    20000000    00000404     UNINITIALIZED
                  20000000    00000400     lib_PAE2.lib : graphics.obj (.bss:g_pulConvertedPalette)
                  20000400    00000002     (.common:x0)
                  20000402    00000002     (.common:y0)

.data      0    20000404    0000001b     UNINITIALIZED
                  20000404    0000000a     lib_PAE2.lib : lcd.obj (.data)
                  2000040e    00000004                  : graphics.obj (.data)
                  20000412    00000002     --HOLE--
                  20000414    00000004     rtsv7M4_T_le_v4SPD16_eabi.lib : errno.c.obj (.data)
                  20000418    00000004     system_msp432p401r.obj (.data)
                  2000041c    00000003     Practica1_PAE_main.obj (.data)

.stack     0    2000fe00    00000200     UNINITIALIZED
                  2000fe00    00000004     rtsv7M4_T_le_v4SPD16_eabi.lib : boot_cortex_m.c.obj (.stack)
                  2000fe04    000001fc     --HOLE--

MODULE SUMMARY

       Module                        code    ro data   rw data
       ------                        ----    -------   -------
    .\
       logoUB_256.obj                0       4835      0      
       Practica1_PAE_main.obj        1472    0         14     
       system_msp432p401r.obj        820     0         8      
       startup_msp432p401r_ccs.obj   14      228       0      
    +--+-----------------------------+-------+---------+---------+
       Total:                        2306    5063      22     
                                                              
    ../lib_PAE2.lib
       graphics.obj                  4172    3710      2056   
       lcd.obj                       2216    32        20     
       msp_LCD.obj                   392     0         0      
       Inicializacion.obj            120     0         0      
    +--+-----------------------------+-------+---------+---------+
       Total:                        6900    3742      2076   
                                                              
    C:\ti\ccsv8\tools\compiler\ti-cgt-arm_18.1.2.LTS\lib\rtsv7M4_T_le_v4SPD16_eabi.lib
       _printfi.c.obj                4863    0         0      
       fd_add_t2.asm.obj             438     0         0      
       fd_div_t2.asm.obj             310     0         0      
       s_scalbn.c.obj                272     0         0      
       fd_cmp_t2.asm.obj             268     0         0      
       ctype.c.obj                   0       257       0      
       fd_mul_t2.asm.obj             252     0         0      
       memcpy_t2.asm.obj             156     0         0      
       ull_div_t2.asm.obj            150     0         0      
       memset_t2.asm.obj             122     0         0      
       copy_decompress_lzss.c.obj    104     0         0      
       s_frexp.c.obj                 100     0         0      
       sprintf.c.obj                 98      0         0      
       ltoa.c.obj                    84      0         0      
       atoi.c.obj                    76      0         0      
       fd_toi_t2.asm.obj             72      0         0      
       autoinit.c.obj                68      0         0      
       boot_cortex_m.c.obj           56      0         0      
       i_tofd_t2.asm.obj             46      0         0      
       memccpy.c.obj                 28      0         0      
       strchr.c.obj                  22      0         0      
       s_copysign.c.obj              20      0         0      
       strlen.c.obj                  20      0         0      
       wcslen.c.obj                  18      0         0      
       errno.c.obj                   8       0         8      
       copy_decompress_none.c.obj    14      0         0      
       copy_zero_init.c.obj          12      0         0      
       exit.c.obj                    4       0         0      
       pre_init.c.obj                4       0         0      
       div0.asm.obj                  2       0         0      
    +--+-----------------------------+-------+---------+---------+
       Total:                        7687    257       8      
                                                              
       Stack:                        0       0         1024   
       Linker Generated:             0       62        0      
    +--+-----------------------------+-------+---------+---------+
       Grand Total:                  16893   9124      3130   


LINKER GENERATED COPY TABLES

__TI_cinit_table @ 000065a8 records: 2, size/record: 8, table size: 16
	.data: load addr=00006578, load size=0000001a bytes, run addr=20000404, run size=0000001b bytes, compression=lzss
	.bss: load addr=000065a0, load size=00000008 bytes, run addr=20000000, run size=00000404 bytes, compression=zero_init


LINKER GENERATED HANDLER TABLE

__TI_handler_table @ 00006594 records: 3, size/record: 4, table size: 12
	index: 0, handler: __TI_decompress_lzss
	index: 1, handler: __TI_decompress_none
	index: 2, handler: __TI_zero_init


GLOBAL SYMBOLS: SORTED ALPHABETICALLY BY Name 

address   name                          
-------   ----                          
000042c5  ADC14_IRQHandler              
000042c5  AES256_IRQHandler             
000042c5  BusFault_Handler              
000042e9  C$$EXIT                       
000042c5  COMP_E0_IRQHandler            
000042c5  COMP_E1_IRQHandler            
000042c5  CS_IRQHandler                 
20000406  Color_Fondo                   
2000040a  Color_Fondo_Inv               
20000408  Color_Texto                   
2000040c  Color_Texto_Inv               
000042c5  DMA_ERR_IRQHandler            
000042c5  DMA_INT0_IRQHandler           
000042c5  DMA_INT1_IRQHandler           
000042c5  DMA_INT2_IRQHandler           
000042c5  DMA_INT3_IRQHandler           
000042c5  DebugMon_Handler              
000042c5  Default_Handler               
000042c5  EUSCIA0_IRQHandler            
000042c5  EUSCIA1_IRQHandler            
000042c5  EUSCIA2_IRQHandler            
000042c5  EUSCIA3_IRQHandler            
000042c5  EUSCIB0_IRQHandler            
000042c5  EUSCIB1_IRQHandler            
000042c5  EUSCIB2_IRQHandler            
000042c5  EUSCIB3_IRQHandler            
000024ff  EncenderRGB_Launchpad         
000042c5  FLCTL_IRQHandler              
000042c5  FPU_IRQHandler                
20000405  Fuente                        
000042c5  HardFault_Handler             
000042c5  MemManage_Handler             
000042c5  NMI_Handler                   
000042c5  PCM_IRQHandler                
000042c5  PORT1_IRQHandler              
000042c5  PORT2_IRQHandler              
000042c5  PORT3_IRQHandler              
00002845  PORT4_IRQHandler              
00002845  PORT4_IRQHandler              
00002981  PORT5_IRQHandler              
00002981  PORT5_IRQHandler              
000042c5  PORT6_IRQHandler              
000042c5  PSS_IRQHandler                
000042c5  PendSV_Handler                
000042c5  RTC_C_IRQHandler              
000042b9  Reset_Handler                 
000042c5  SVC_Handler                   
000042c5  SysTick_Handler               
20000418  SystemCoreClock               
000029f9  SystemCoreClockUpdate         
00002c71  SystemInit                    
000042c5  T32_INT1_IRQHandler           
000042c5  T32_INT2_IRQHandler           
000042c5  T32_INTC_IRQHandler           
000042c5  TA0_0_IRQHandler              
000042c5  TA0_N_IRQHandler              
000042c5  TA1_0_IRQHandler              
000042c5  TA1_N_IRQHandler              
000042c5  TA2_0_IRQHandler              
000042c5  TA2_N_IRQHandler              
000042c5  TA3_0_IRQHandler              
000042c5  TA3_N_IRQHandler              
000042c5  UsageFault_Handler            
4000480c  WDTCTL_SYM                    
000042c5  WDT_A_IRQHandler              
20010000  __STACK_END                   
00000200  __STACK_SIZE                  
000065a8  __TI_CINIT_Base               
000065b8  __TI_CINIT_Limit              
00006594  __TI_Handler_Table_Base       
000065a0  __TI_Handler_Table_Limit      
000040fd  __TI_auto_init_nobinit_nopinit
00003e9f  __TI_decompress_lzss          
000042ab  __TI_decompress_none          
ffffffff  __TI_pprof_out_hndl           
00001131  __TI_printfi                  
ffffffff  __TI_prof_data_size           
ffffffff  __TI_prof_data_start          
00000000  __TI_static_base__            
000042c7  __TI_zero_init                
00003c31  __aeabi_cdcmpeq               
00003c31  __aeabi_cdcmple               
00003cb7  __aeabi_cdrcmple              
000040b5  __aeabi_d2iz                  
00003177  __aeabi_dadd                  
000035e9  __aeabi_ddiv                  
00003951  __aeabi_dmul                  
0000316d  __aeabi_dsub                  
000042dd  __aeabi_errno_addr            
000041f9  __aeabi_i2d                   
00001b8f  __aeabi_idiv0                 
00001b8f  __aeabi_ldiv0                 
00003d3d  __aeabi_memclr                
00003d3d  __aeabi_memclr4               
00003d3d  __aeabi_memclr8               
00003aff  __aeabi_memcpy                
00003aff  __aeabi_memcpy4               
00003aff  __aeabi_memcpy8               
00003d3f  __aeabi_memset                
00003d3f  __aeabi_memset4               
00003d3f  __aeabi_memset8               
00003b9b  __aeabi_uldivmod              
ffffffff  __binit__                     
ffffffff  __c_args__                    
UNDEFED   __mpu_init                    
2000fe00  __stack                       
000041c1  _c_int00_noargs               
00006440  _ctypes_                      
20000404  _orientation                  
UNDEFED   _system_post_cinit            
000042e5  _system_pre_init              
000042e9  abort                         
00004069  atoi                          
20000411  bgColorHighByte               
20000410  bgColorLowByte                
ffffffff  binit                         
0000255d  borrar_Logo                   
00001fc1  cambiar_orientacion           
00000121  clearScreen                   
000001af  clearScreenBkg                
2000040f  colorHighByte                 
2000040e  colorLowByte                  
00004271  copysign                      
00004271  copysignl                     
00003449  delay                         
00000521  drawCharLg                    
000005c9  drawCharLgBkg                 
000006ad  drawCharMd                    
0000075b  drawCharMdBkg                 
000003a1  drawCharSm                    
00000447  drawCharSmBkg                 
00000d9b  drawCircle                    
000008bd  drawImage                     
000008d5  drawImageLut                  
000009e3  drawImageMono                 
00000b41  drawLine                      
00000a01  drawLogicLine                 
00000237  drawPixel                     
00000d37  drawRect                      
00000267  drawString                    
20000414  errno                         
2000041c  estado                        
2000041d  estado_anterior               
00000fb9  fillCircle                    
00000f1b  fillRect                      
000051c0  font_11x16                    
00006260  font_5x7                      
000059ea  font_8x12                     
00003f09  frexp                         
00003f09  frexpl                        
00001c3b  getAltura                     
00001be9  getColumna                    
00001b97  getLinea                      
00001b91  getOrientacion                
00001c97  getScreenHeight               
00001c81  getScreenWidth                
00002151  halLcdClearLine               
00001fef  halLcdClearScreen             
00002013  halLcdClearScreenBkg          
000022c5  halLcdDrawCircle              
000023cd  halLcdDrawImageLut            
00002219  halLcdDrawLine                
000021c7  halLcdDrawPixel               
0000226d  halLcdDrawRect                
00002371  halLcdFillCircle              
00002315  halLcdFillRect                
00001fe3  halLcdInit                    
00002033  halLcdPrintLine               
000020b3  halLcdPrintLineCol            
00001e0d  initLCD                       
000024d3  init_interrupciones           
00002439  init_puertos                  
00003325  init_spi_lcd_tactil           
00003db9  init_ucs_16MHz                
00003df1  init_ucs_24MHz                
00000000  interruptVectors              
00003841  ldexp                         
00003841  ldexpl                        
2000041e  linea                         
00006564  logoUB8BPP_UNCOMP             
00003fc3  ltoa                          
000025e9  main                          
00004227  memccpy                       
00003aff  memcpy                        
00003d45  memset                        
00002521  pintaLogo                     
00003841  scalbn                        
00003841  scalbnl                       
00001cad  setArea                       
00000103  setBackgroundColor            
000000e5  setColor                      
00001f53  setOrientation                
00004141  sprintf                       
0000425b  strchr                        
00004285  strlen                        
00004299  wcslen                        
00003423  writeCommand                  
000033fd  writeData                     
20000400  x0                            
20000402  y0                            


GLOBAL SYMBOLS: SORTED BY Symbol Address 

address   name                          
-------   ----                          
00000000  __TI_static_base__            
00000000  interruptVectors              
000000e5  setColor                      
00000103  setBackgroundColor            
00000121  clearScreen                   
000001af  clearScreenBkg                
00000200  __STACK_SIZE                  
00000237  drawPixel                     
00000267  drawString                    
000003a1  drawCharSm                    
00000447  drawCharSmBkg                 
00000521  drawCharLg                    
000005c9  drawCharLgBkg                 
000006ad  drawCharMd                    
0000075b  drawCharMdBkg                 
000008bd  drawImage                     
000008d5  drawImageLut                  
000009e3  drawImageMono                 
00000a01  drawLogicLine                 
00000b41  drawLine                      
00000d37  drawRect                      
00000d9b  drawCircle                    
00000f1b  fillRect                      
00000fb9  fillCircle                    
00001131  __TI_printfi                  
00001b8f  __aeabi_idiv0                 
00001b8f  __aeabi_ldiv0                 
00001b91  getOrientacion                
00001b97  getLinea                      
00001be9  getColumna                    
00001c3b  getAltura                     
00001c81  getScreenWidth                
00001c97  getScreenHeight               
00001cad  setArea                       
00001e0d  initLCD                       
00001f53  setOrientation                
00001fc1  cambiar_orientacion           
00001fe3  halLcdInit                    
00001fef  halLcdClearScreen             
00002013  halLcdClearScreenBkg          
00002033  halLcdPrintLine               
000020b3  halLcdPrintLineCol            
00002151  halLcdClearLine               
000021c7  halLcdDrawPixel               
00002219  halLcdDrawLine                
0000226d  halLcdDrawRect                
000022c5  halLcdDrawCircle              
00002315  halLcdFillRect                
00002371  halLcdFillCircle              
000023cd  halLcdDrawImageLut            
00002439  init_puertos                  
000024d3  init_interrupciones           
000024ff  EncenderRGB_Launchpad         
00002521  pintaLogo                     
0000255d  borrar_Logo                   
000025e9  main                          
00002845  PORT4_IRQHandler              
00002845  PORT4_IRQHandler              
00002981  PORT5_IRQHandler              
00002981  PORT5_IRQHandler              
000029f9  SystemCoreClockUpdate         
00002c71  SystemInit                    
0000316d  __aeabi_dsub                  
00003177  __aeabi_dadd                  
00003325  init_spi_lcd_tactil           
000033fd  writeData                     
00003423  writeCommand                  
00003449  delay                         
000035e9  __aeabi_ddiv                  
00003841  ldexp                         
00003841  ldexpl                        
00003841  scalbn                        
00003841  scalbnl                       
00003951  __aeabi_dmul                  
00003aff  __aeabi_memcpy                
00003aff  __aeabi_memcpy4               
00003aff  __aeabi_memcpy8               
00003aff  memcpy                        
00003b9b  __aeabi_uldivmod              
00003c31  __aeabi_cdcmpeq               
00003c31  __aeabi_cdcmple               
00003cb7  __aeabi_cdrcmple              
00003d3d  __aeabi_memclr                
00003d3d  __aeabi_memclr4               
00003d3d  __aeabi_memclr8               
00003d3f  __aeabi_memset                
00003d3f  __aeabi_memset4               
00003d3f  __aeabi_memset8               
00003d45  memset                        
00003db9  init_ucs_16MHz                
00003df1  init_ucs_24MHz                
00003e9f  __TI_decompress_lzss          
00003f09  frexp                         
00003f09  frexpl                        
00003fc3  ltoa                          
00004069  atoi                          
000040b5  __aeabi_d2iz                  
000040fd  __TI_auto_init_nobinit_nopinit
00004141  sprintf                       
000041c1  _c_int00_noargs               
000041f9  __aeabi_i2d                   
00004227  memccpy                       
0000425b  strchr                        
00004271  copysign                      
00004271  copysignl                     
00004285  strlen                        
00004299  wcslen                        
000042ab  __TI_decompress_none          
000042b9  Reset_Handler                 
000042c5  ADC14_IRQHandler              
000042c5  AES256_IRQHandler             
000042c5  BusFault_Handler              
000042c5  COMP_E0_IRQHandler            
000042c5  COMP_E1_IRQHandler            
000042c5  CS_IRQHandler                 
000042c5  DMA_ERR_IRQHandler            
000042c5  DMA_INT0_IRQHandler           
000042c5  DMA_INT1_IRQHandler           
000042c5  DMA_INT2_IRQHandler           
000042c5  DMA_INT3_IRQHandler           
000042c5  DebugMon_Handler              
000042c5  Default_Handler               
000042c5  EUSCIA0_IRQHandler            
000042c5  EUSCIA1_IRQHandler            
000042c5  EUSCIA2_IRQHandler            
000042c5  EUSCIA3_IRQHandler            
000042c5  EUSCIB0_IRQHandler            
000042c5  EUSCIB1_IRQHandler            
000042c5  EUSCIB2_IRQHandler            
000042c5  EUSCIB3_IRQHandler            
000042c5  FLCTL_IRQHandler              
000042c5  FPU_IRQHandler                
000042c5  HardFault_Handler             
000042c5  MemManage_Handler             
000042c5  NMI_Handler                   
000042c5  PCM_IRQHandler                
000042c5  PORT1_IRQHandler              
000042c5  PORT2_IRQHandler              
000042c5  PORT3_IRQHandler              
000042c5  PORT6_IRQHandler              
000042c5  PSS_IRQHandler                
000042c5  PendSV_Handler                
000042c5  RTC_C_IRQHandler              
000042c5  SVC_Handler                   
000042c5  SysTick_Handler               
000042c5  T32_INT1_IRQHandler           
000042c5  T32_INT2_IRQHandler           
000042c5  T32_INTC_IRQHandler           
000042c5  TA0_0_IRQHandler              
000042c5  TA0_N_IRQHandler              
000042c5  TA1_0_IRQHandler              
000042c5  TA1_N_IRQHandler              
000042c5  TA2_0_IRQHandler              
000042c5  TA2_N_IRQHandler              
000042c5  TA3_0_IRQHandler              
000042c5  TA3_N_IRQHandler              
000042c5  UsageFault_Handler            
000042c5  WDT_A_IRQHandler              
000042c7  __TI_zero_init                
000042dd  __aeabi_errno_addr            
000042e5  _system_pre_init              
000042e9  C$$EXIT                       
000042e9  abort                         
000051c0  font_11x16                    
000059ea  font_8x12                     
00006260  font_5x7                      
00006440  _ctypes_                      
00006564  logoUB8BPP_UNCOMP             
00006594  __TI_Handler_Table_Base       
000065a0  __TI_Handler_Table_Limit      
000065a8  __TI_CINIT_Base               
000065b8  __TI_CINIT_Limit              
20000400  x0                            
20000402  y0                            
20000404  _orientation                  
20000405  Fuente                        
20000406  Color_Fondo                   
20000408  Color_Texto                   
2000040a  Color_Fondo_Inv               
2000040c  Color_Texto_Inv               
2000040e  colorLowByte                  
2000040f  colorHighByte                 
20000410  bgColorLowByte                
20000411  bgColorHighByte               
20000414  errno                         
20000418  SystemCoreClock               
2000041c  estado                        
2000041d  estado_anterior               
2000041e  linea                         
2000fe00  __stack                       
20010000  __STACK_END                   
4000480c  WDTCTL_SYM                    
ffffffff  __TI_pprof_out_hndl           
ffffffff  __TI_prof_data_size           
ffffffff  __TI_prof_data_start          
ffffffff  __binit__                     
ffffffff  __c_args__                    
ffffffff  binit                         
UNDEFED   __mpu_init                    
UNDEFED   _system_post_cinit            

[200 symbols]
