******************************************************************************
                  TI ARM Linker PC v18.1.2                     
******************************************************************************
>> Linked Tue Apr  2 10:43:38 2019

OUTPUT FILE NAME:   <P4-UART.out>
ENTRY POINT SYMBOL: "_c_int00_noargs"  address: 000042d5


MEMORY CONFIGURATION

         name            origin    length      used     unused   attr    fill
----------------------  --------  ---------  --------  --------  ----  --------
  MAIN                  00000000   00040000  000053df  0003ac21  R  X
  INFO                  00200000   00004000  00000000  00004000  R  X
  SRAM_CODE             01000000   00010000  0000062e  0000f9d2  RW X
  SRAM_DATA             20000000   00010000  0000062e  0000f9d2  RW  


SEGMENT ALLOCATION MAP

run origin  load origin   length   init length attrs members
----------  ----------- ---------- ----------- ----- -------
00000000    00000000    000053e0   000053e0    r-x
  00000000    00000000    000000e4   000000e4    r-- .intvecs
  000000e4    000000e4    0000431c   0000431c    r-x .text
  00004400    00004400    00000f9f   00000f9f    r-- .const
  000053a0    000053a0    00000040   00000040    r-- .cinit
20000000    20000000    0000042e   00000000    rw-
  20000000    20000000    00000410   00000000    rw- .bss
  20000410    20000410    0000001e   00000000    rw- .data
2000fe00    2000fe00    00000200   00000000    rw-
  2000fe00    2000fe00    00000200   00000000    rw- .stack


SECTION ALLOCATION MAP

 output                                  attributes/
section   page    origin      length       input sections
--------  ----  ----------  ----------   ----------------
.intvecs   0    00000000    000000e4     
                  00000000    000000e4     startup_msp432p401r_ccs.obj (.intvecs:retain)

.text      0    000000e4    0000431c     
                  000000e4    0000104c     lib_PAE2.lib : graphics.obj (.text)
                  00001130    00000a5e     rtsv7M4_T_le_v4SPD16_eabi.lib : _printfi.c.obj (.text:__TI_printfi)
                  00001b8e    00000002                                   : div0.asm.obj (.text)
                  00001b90    000008a8     lib_PAE2.lib : lcd.obj (.text)
                  00002438    000003a0     main.obj (.text)
                  000027d8    00000334     system_msp432p401r.obj (.text)
                  00002b0c    00000270     UART_S.obj (.text)
                  00002d7c    00000270     rtsv7M4_T_le_v4SPD16_eabi.lib : _printfi.c.obj (.text:_pconv_a)
                  00002fec    000001d0                                   : _printfi.c.obj (.text:_pconv_g)
                  000031bc    000001b6                                   : fd_add_t2.asm.obj (.text)
                  00003372    00000002     --HOLE-- [fill = 0]
                  00003374    00000188     lib_PAE2.lib : msp_LCD.obj (.text)
                  000034fc    0000013c     rtsv7M4_T_le_v4SPD16_eabi.lib : _printfi.c.obj (.text:_pconv_e)
                  00003638    00000136                                   : fd_div_t2.asm.obj (.text)
                  0000376e    00000002     --HOLE-- [fill = 0]
                  00003770    00000120                                   : _printfi.c.obj (.text:fcvt)
                  00003890    00000110                                   : s_scalbn.c.obj (.text:scalbn)
                  000039a0    000000fc                                   : fd_mul_t2.asm.obj (.text)
                  00003a9c    000000c4     TA1_Timer.obj (.text)
                  00003b60    000000b1     rtsv7M4_T_le_v4SPD16_eabi.lib : _printfi.c.obj (.text:_ltostr)
                  00003c11    00000001     --HOLE-- [fill = 0]
                  00003c12    0000009c                                   : memcpy_t2.asm.obj (.text)
                  00003cae    00000096                                   : ull_div_t2.asm.obj (.text)
                  00003d44    00000086                                   : fd_cmp_t2.asm.obj (.text:__aeabi_cdcmple)
                  00003dca    00000086                                   : fd_cmp_t2.asm.obj (.text:__aeabi_cdrcmple)
                  00003e50    0000007a                                   : memset_t2.asm.obj (.text)
                  00003eca    00000002     --HOLE-- [fill = 0]
                  00003ecc    00000078     lib_PAE2.lib : Inicializacion.obj (.text)
                  00003f44    0000006e     rtsv7M4_T_le_v4SPD16_eabi.lib : _printfi.c.obj (.text:_mcpy)
                  00003fb2    00000068                                   : copy_decompress_lzss.c.obj (.text:decompress:lzss:__TI_decompress_lzss)
                  0000401a    00000002     --HOLE-- [fill = 0]
                  0000401c    00000064                                   : s_frexp.c.obj (.text:frexp)
                  00004080    00000056                                   : _printfi.c.obj (.text:_pconv_f)
                  000040d6    00000054                                   : ltoa.c.obj (.text:ltoa)
                  0000412a    00000052                                   : _printfi.c.obj (.text:_ecpy)
                  0000417c    0000004c                                   : atoi.c.obj (.text:atoi)
                  000041c8    00000048                                   : fd_toi_t2.asm.obj (.text)
                  00004210    00000044                                   : autoinit.c.obj (.text:__TI_auto_init_nobinit_nopinit:__TI_auto_init_nobinit_nopinit)
                  00004254    00000040                                   : sprintf.c.obj (.text:sprintf)
                  00004294    0000003e                                   : _printfi.c.obj (.text:_fcpy)
                  000042d2    00000002     --HOLE-- [fill = 0]
                  000042d4    00000038                                   : boot_cortex_m.c.obj (.text:_c_int00_noargs:_c_int00_noargs)
                  0000430c    0000002e                                   : i_tofd_t2.asm.obj (.text)
                  0000433a    0000001c                                   : memccpy.c.obj (.text:memccpy)
                  00004356    00000018                                   : sprintf.c.obj (.text:_outs)
                  0000436e    00000016                                   : strchr.c.obj (.text:strchr)
                  00004384    00000014                                   : s_copysign.c.obj (.text:copysign)
                  00004398    00000014                                   : strlen.c.obj (.text:strlen)
                  000043ac    00000012                                   : wcslen.c.obj (.text:wcslen)
                  000043be    0000000e                                   : copy_decompress_none.c.obj (.text:decompress:none:__TI_decompress_none)
                  000043cc    0000000e     startup_msp432p401r_ccs.obj (.text)
                  000043da    0000000c     rtsv7M4_T_le_v4SPD16_eabi.lib : copy_zero_init.c.obj (.text:decompress:ZI:__TI_zero_init)
                  000043e6    0000000a                                   : sprintf.c.obj (.text:_outc)
                  000043f0    00000008                                   : errno.c.obj (.text:__aeabi_errno_addr)
                  000043f8    00000004                                   : pre_init.c.obj (.text:_system_pre_init)
                  000043fc    00000004                                   : exit.c.obj (.text:abort:abort)

.const     0    00004400    00000f9f     
                  00004400    0000082a     lib_PAE2.lib : graphics.obj (.const:font_11x16)
                  00004c2a    00000474                  : graphics.obj (.const:font_8x12)
                  0000509e    000001e0                  : graphics.obj (.const:font_5x7)
                  0000527e    00000101     rtsv7M4_T_le_v4SPD16_eabi.lib : ctype.c.obj (.const:.string:_ctypes_)
                  0000537f    00000010     lib_PAE2.lib : lcd.obj (.const:.string:$P$T0$1)
                  0000538f    00000010                  : lcd.obj (.const:.string:$P$T1$2)

.cinit     0    000053a0    00000040     
                  000053a0    00000018     (.cinit..data.load) [load image, compression = lzss]
                  000053b8    0000000c     (__TI_handler_table)
                  000053c4    00000004     --HOLE-- [fill = 0]
                  000053c8    00000008     (.cinit..bss.load) [load image, compression = zero_init]
                  000053d0    00000010     (__TI_cinit_table)

.init_array 
*          0    00000000    00000000     UNINITIALIZED

.binit     0    00000000    00000000     

.bss       0    20000000    00000410     UNINITIALIZED
                  20000000    00000400     lib_PAE2.lib : graphics.obj (.bss:g_pulConvertedPalette)
                  20000400    00000010     (.common:str)

.data      0    20000410    0000001e     UNINITIALIZED
                  20000410    0000000a     lib_PAE2.lib : lcd.obj (.data)
                  2000041a    00000004     TA1_Timer.obj (.data)
                  2000041e    00000004     lib_PAE2.lib : graphics.obj (.data)
                  20000422    00000002     UART_S.obj (.data)
                  20000424    00000004     rtsv7M4_T_le_v4SPD16_eabi.lib : errno.c.obj (.data)
                  20000428    00000004     system_msp432p401r.obj (.data)
                  2000042c    00000002     main.obj (.data)

.stack     0    2000fe00    00000200     UNINITIALIZED
                  2000fe00    00000004     rtsv7M4_T_le_v4SPD16_eabi.lib : boot_cortex_m.c.obj (.stack)
                  2000fe04    000001fc     --HOLE--

MODULE SUMMARY

       Module                        code    ro data   rw data
       ------                        ----    -------   -------
    .\
       main.obj                      928     0         36     
       system_msp432p401r.obj        820     0         8      
       UART_S.obj                    624     0         4      
       startup_msp432p401r_ccs.obj   14      228       0      
       TA1_Timer.obj                 196     0         8      
    +--+-----------------------------+-------+---------+---------+
       Total:                        2582    228       56     
                                                              
    ../lib_PAE2.lib
       graphics.obj                  4172    3710      2056   
       lcd.obj                       2216    32        20     
       msp_LCD.obj                   392     0         0      
       Inicializacion.obj            120     0         0      
    +--+-----------------------------+-------+---------+---------+
       Total:                        6900    3742      2076   
                                                              
    C:\ti\ccsv8\tools\compiler\ti-cgt-arm_18.1.2.LTS\lib\rtsv7M4_T_le_v4SPD16_eabi.lib
       _printfi.c.obj                4863    0         0      
       fd_add_t2.asm.obj             438     0         0      
       fd_div_t2.asm.obj             310     0         0      
       s_scalbn.c.obj                272     0         0      
       fd_cmp_t2.asm.obj             268     0         0      
       ctype.c.obj                   0       257       0      
       fd_mul_t2.asm.obj             252     0         0      
       memcpy_t2.asm.obj             156     0         0      
       ull_div_t2.asm.obj            150     0         0      
       memset_t2.asm.obj             122     0         0      
       copy_decompress_lzss.c.obj    104     0         0      
       s_frexp.c.obj                 100     0         0      
       sprintf.c.obj                 98      0         0      
       ltoa.c.obj                    84      0         0      
       atoi.c.obj                    76      0         0      
       fd_toi_t2.asm.obj             72      0         0      
       autoinit.c.obj                68      0         0      
       boot_cortex_m.c.obj           56      0         0      
       i_tofd_t2.asm.obj             46      0         0      
       memccpy.c.obj                 28      0         0      
       strchr.c.obj                  22      0         0      
       s_copysign.c.obj              20      0         0      
       strlen.c.obj                  20      0         0      
       wcslen.c.obj                  18      0         0      
       errno.c.obj                   8       0         8      
       copy_decompress_none.c.obj    14      0         0      
       copy_zero_init.c.obj          12      0         0      
       exit.c.obj                    4       0         0      
       pre_init.c.obj                4       0         0      
       div0.asm.obj                  2       0         0      
    +--+-----------------------------+-------+---------+---------+
       Total:                        7687    257       8      
                                                              
       Stack:                        0       0         1024   
       Linker Generated:             0       60        0      
    +--+-----------------------------+-------+---------+---------+
       Grand Total:                  17169   4287      3164   


LINKER GENERATED COPY TABLES

__TI_cinit_table @ 000053d0 records: 2, size/record: 8, table size: 16
	.data: load addr=000053a0, load size=00000018 bytes, run addr=20000410, run size=0000001e bytes, compression=lzss
	.bss: load addr=000053c8, load size=00000008 bytes, run addr=20000000, run size=00000410 bytes, compression=zero_init


LINKER GENERATED HANDLER TABLE

__TI_handler_table @ 000053b8 records: 3, size/record: 4, table size: 12
	index: 0, handler: __TI_decompress_lzss
	index: 1, handler: __TI_decompress_none
	index: 2, handler: __TI_zero_init


GLOBAL SYMBOLS: SORTED ALPHABETICALLY BY Name 

address   name                          
-------   ----                          
000043d9  ADC14_IRQHandler              
000043d9  AES256_IRQHandler             
000043d9  BusFault_Handler              
20000422  Byte_Recibido                 
000043fd  C$$EXIT                       
000043d9  COMP_E0_IRQHandler            
000043d9  COMP_E1_IRQHandler            
000043d9  CS_IRQHandler                 
20000412  Color_Fondo                   
20000416  Color_Fondo_Inv               
20000414  Color_Texto                   
20000418  Color_Texto_Inv               
000043d9  DMA_ERR_IRQHandler            
000043d9  DMA_INT0_IRQHandler           
000043d9  DMA_INT1_IRQHandler           
000043d9  DMA_INT2_IRQHandler           
000043d9  DMA_INT3_IRQHandler           
20000423  DatoLeido_UART                
000043d9  DebugMon_Handler              
000043d9  Default_Handler               
000043d9  EUSCIA0_IRQHandler            
000043d9  EUSCIA1_IRQHandler            
00002d1f  EUSCIA2_IRQHandler            
00002d1f  EUSCIA2_IRQHandler            
000043d9  EUSCIA3_IRQHandler            
000043d9  EUSCIB0_IRQHandler            
000043d9  EUSCIB1_IRQHandler            
000043d9  EUSCIB2_IRQHandler            
000043d9  EUSCIB3_IRQHandler            
000043d9  FLCTL_IRQHandler              
000043d9  FPU_IRQHandler                
20000411  Fuente                        
000043d9  HardFault_Handler             
000043d9  MemManage_Handler             
000043d9  NMI_Handler                   
000043d9  PCM_IRQHandler                
000043d9  PORT1_IRQHandler              
000043d9  PORT2_IRQHandler              
00002653  PORT3_IRQHandler              
00002653  PORT3_IRQHandler              
0000268f  PORT4_IRQHandler              
0000268f  PORT4_IRQHandler              
000026e3  PORT5_IRQHandler              
000026e3  PORT5_IRQHandler              
000043d9  PORT6_IRQHandler              
000043d9  PSS_IRQHandler                
000043d9  PendSV_Handler                
000043d9  RTC_C_IRQHandler              
000043cd  Reset_Handler                 
00002ca7  RxPacket                      
000043d9  SVC_Handler                   
00002b75  Sentit_Dades_Rx               
00002b81  Sentit_Dades_Tx               
000043d9  SysTick_Handler               
20000428  SystemCoreClock               
000027d9  SystemCoreClockUpdate         
00002a51  SystemInit                    
000043d9  T32_INT1_IRQHandler           
000043d9  T32_INT2_IRQHandler           
000043d9  T32_INTC_IRQHandler           
000043d9  TA0_0_IRQHandler              
000043d9  TA0_N_IRQHandler              
00003b1b  TA1_0_IRQHandler              
00003b1b  TA1_0_IRQHandler              
000043d9  TA1_N_IRQHandler              
000043d9  TA2_0_IRQHandler              
000043d9  TA2_N_IRQHandler              
000043d9  TA3_0_IRQHandler              
000043d9  TA3_N_IRQHandler              
00002ba9  TxPacket                      
00002b8d  TxUAC2                        
000043d9  UsageFault_Handler            
4000480c  WDTCTL_SYM                    
000043d9  WDT_A_IRQHandler              
20010000  __STACK_END                   
00000200  __STACK_SIZE                  
000053d0  __TI_CINIT_Base               
000053e0  __TI_CINIT_Limit              
000053b8  __TI_Handler_Table_Base       
000053c4  __TI_Handler_Table_Limit      
00004211  __TI_auto_init_nobinit_nopinit
00003fb3  __TI_decompress_lzss          
000043bf  __TI_decompress_none          
ffffffff  __TI_pprof_out_hndl           
00001131  __TI_printfi                  
ffffffff  __TI_prof_data_size           
ffffffff  __TI_prof_data_start          
00000000  __TI_static_base__            
000043db  __TI_zero_init                
00003d45  __aeabi_cdcmpeq               
00003d45  __aeabi_cdcmple               
00003dcb  __aeabi_cdrcmple              
000041c9  __aeabi_d2iz                  
000031c7  __aeabi_dadd                  
00003639  __aeabi_ddiv                  
000039a1  __aeabi_dmul                  
000031bd  __aeabi_dsub                  
000043f1  __aeabi_errno_addr            
0000430d  __aeabi_i2d                   
00001b8f  __aeabi_idiv0                 
00001b8f  __aeabi_ldiv0                 
00003e51  __aeabi_memclr                
00003e51  __aeabi_memclr4               
00003e51  __aeabi_memclr8               
00003c13  __aeabi_memcpy                
00003c13  __aeabi_memcpy4               
00003c13  __aeabi_memcpy8               
00003e53  __aeabi_memset                
00003e53  __aeabi_memset4               
00003e53  __aeabi_memset8               
00003caf  __aeabi_uldivmod              
ffffffff  __binit__                     
ffffffff  __c_args__                    
UNDEFED   __mpu_init                    
2000fe00  __stack                       
000042d5  _c_int00_noargs               
0000527e  _ctypes_                      
20000410  _orientation                  
UNDEFED   _system_post_cinit            
000043f9  _system_pre_init              
000043fd  abort                         
0000417d  atoi                          
20000421  bgColorHighByte               
20000420  bgColorLowByte                
ffffffff  binit                         
000024ad  borrar                        
00001fc1  cambiar_orientacion           
00000121  clearScreen                   
000001af  clearScreenBkg                
2000041f  colorHighByte                 
2000041e  colorLowByte                  
00004385  copysign                      
00004385  copysignl                     
00003499  delay                         
00000521  drawCharLg                    
000005c9  drawCharLgBkg                 
000006ad  drawCharMd                    
0000075b  drawCharMdBkg                 
000003a1  drawCharSm                    
00000447  drawCharSmBkg                 
00000d9b  drawCircle                    
000008bd  drawImage                     
000008d5  drawImageLut                  
000009e3  drawImageMono                 
00000b41  drawLine                      
00000a01  drawLogicLine                 
00000237  drawPixel                     
00000d37  drawRect                      
00000267  drawString                    
20000424  errno                         
000024c1  escribir                      
00000fb9  fillCircle                    
00000f1b  fillRect                      
00004400  font_11x16                    
0000509e  font_5x7                      
00004c2a  font_8x12                     
0000401d  frexp                         
0000401d  frexpl                        
00001c3b  getAltura                     
00001be9  getColumna                    
00001b97  getLinea                      
00001b91  getOrientacion                
00001c97  getScreenHeight               
00001c81  getScreenWidth                
00003b15  get_TA1_timout                
00002151  halLcdClearLine               
00001fef  halLcdClearScreen             
00002013  halLcdClearScreenBkg          
000022c5  halLcdDrawCircle              
000023cd  halLcdDrawImageLut            
00002219  halLcdDrawLine                
000021c7  halLcdDrawPixel               
0000226d  halLcdDrawRect                
00002371  halLcdFillCircle              
00002315  halLcdFillRect                
00001fe3  halLcdInit                    
00002033  halLcdPrintLine               
000020b3  halLcdPrintLineCol            
00001e0d  initLCD                       
000024a1  init_LCD                      
00003a9d  init_TA1                      
00002b0d  init_UART                     
000024d7  init_buttons                  
00002439  init_interruptions            
00003375  init_spi_lcd_tactil           
00003ecd  init_ucs_16MHz                
00003f05  init_ucs_24MHz                
00000000  interruptVectors              
00003891  ldexp                         
00003891  ldexpl                        
000040d7  ltoa                          
000025f5  main                          
0000433b  memccpy                       
00003c13  memcpy                        
00003e59  memset                        
2000042d  previous_state                
00003ad9  reset_TA1                     
00003891  scalbn                        
00003891  scalbnl                       
00001cad  setArea                       
00000103  setBackgroundColor            
000000e5  setColor                      
00001f53  setOrientation                
00003ae3  set_TA1_timout                
00004255  sprintf                       
00003ac1  start_TA1                     
2000042c  state                         
00003acd  stop_TA1                      
20000400  str                           
0000436f  strchr                        
00004399  strlen                        
2000041a  time_out                      
2000041c  time_out_timer                
000043ad  wcslen                        
00003473  writeCommand                  
0000344d  writeData                     


GLOBAL SYMBOLS: SORTED BY Symbol Address 

address   name                          
-------   ----                          
00000000  __TI_static_base__            
00000000  interruptVectors              
000000e5  setColor                      
00000103  setBackgroundColor            
00000121  clearScreen                   
000001af  clearScreenBkg                
00000200  __STACK_SIZE                  
00000237  drawPixel                     
00000267  drawString                    
000003a1  drawCharSm                    
00000447  drawCharSmBkg                 
00000521  drawCharLg                    
000005c9  drawCharLgBkg                 
000006ad  drawCharMd                    
0000075b  drawCharMdBkg                 
000008bd  drawImage                     
000008d5  drawImageLut                  
000009e3  drawImageMono                 
00000a01  drawLogicLine                 
00000b41  drawLine                      
00000d37  drawRect                      
00000d9b  drawCircle                    
00000f1b  fillRect                      
00000fb9  fillCircle                    
00001131  __TI_printfi                  
00001b8f  __aeabi_idiv0                 
00001b8f  __aeabi_ldiv0                 
00001b91  getOrientacion                
00001b97  getLinea                      
00001be9  getColumna                    
00001c3b  getAltura                     
00001c81  getScreenWidth                
00001c97  getScreenHeight               
00001cad  setArea                       
00001e0d  initLCD                       
00001f53  setOrientation                
00001fc1  cambiar_orientacion           
00001fe3  halLcdInit                    
00001fef  halLcdClearScreen             
00002013  halLcdClearScreenBkg          
00002033  halLcdPrintLine               
000020b3  halLcdPrintLineCol            
00002151  halLcdClearLine               
000021c7  halLcdDrawPixel               
00002219  halLcdDrawLine                
0000226d  halLcdDrawRect                
000022c5  halLcdDrawCircle              
00002315  halLcdFillRect                
00002371  halLcdFillCircle              
000023cd  halLcdDrawImageLut            
00002439  init_interruptions            
000024a1  init_LCD                      
000024ad  borrar                        
000024c1  escribir                      
000024d7  init_buttons                  
000025f5  main                          
00002653  PORT3_IRQHandler              
00002653  PORT3_IRQHandler              
0000268f  PORT4_IRQHandler              
0000268f  PORT4_IRQHandler              
000026e3  PORT5_IRQHandler              
000026e3  PORT5_IRQHandler              
000027d9  SystemCoreClockUpdate         
00002a51  SystemInit                    
00002b0d  init_UART                     
00002b75  Sentit_Dades_Rx               
00002b81  Sentit_Dades_Tx               
00002b8d  TxUAC2                        
00002ba9  TxPacket                      
00002ca7  RxPacket                      
00002d1f  EUSCIA2_IRQHandler            
00002d1f  EUSCIA2_IRQHandler            
000031bd  __aeabi_dsub                  
000031c7  __aeabi_dadd                  
00003375  init_spi_lcd_tactil           
0000344d  writeData                     
00003473  writeCommand                  
00003499  delay                         
00003639  __aeabi_ddiv                  
00003891  ldexp                         
00003891  ldexpl                        
00003891  scalbn                        
00003891  scalbnl                       
000039a1  __aeabi_dmul                  
00003a9d  init_TA1                      
00003ac1  start_TA1                     
00003acd  stop_TA1                      
00003ad9  reset_TA1                     
00003ae3  set_TA1_timout                
00003b15  get_TA1_timout                
00003b1b  TA1_0_IRQHandler              
00003b1b  TA1_0_IRQHandler              
00003c13  __aeabi_memcpy                
00003c13  __aeabi_memcpy4               
00003c13  __aeabi_memcpy8               
00003c13  memcpy                        
00003caf  __aeabi_uldivmod              
00003d45  __aeabi_cdcmpeq               
00003d45  __aeabi_cdcmple               
00003dcb  __aeabi_cdrcmple              
00003e51  __aeabi_memclr                
00003e51  __aeabi_memclr4               
00003e51  __aeabi_memclr8               
00003e53  __aeabi_memset                
00003e53  __aeabi_memset4               
00003e53  __aeabi_memset8               
00003e59  memset                        
00003ecd  init_ucs_16MHz                
00003f05  init_ucs_24MHz                
00003fb3  __TI_decompress_lzss          
0000401d  frexp                         
0000401d  frexpl                        
000040d7  ltoa                          
0000417d  atoi                          
000041c9  __aeabi_d2iz                  
00004211  __TI_auto_init_nobinit_nopinit
00004255  sprintf                       
000042d5  _c_int00_noargs               
0000430d  __aeabi_i2d                   
0000433b  memccpy                       
0000436f  strchr                        
00004385  copysign                      
00004385  copysignl                     
00004399  strlen                        
000043ad  wcslen                        
000043bf  __TI_decompress_none          
000043cd  Reset_Handler                 
000043d9  ADC14_IRQHandler              
000043d9  AES256_IRQHandler             
000043d9  BusFault_Handler              
000043d9  COMP_E0_IRQHandler            
000043d9  COMP_E1_IRQHandler            
000043d9  CS_IRQHandler                 
000043d9  DMA_ERR_IRQHandler            
000043d9  DMA_INT0_IRQHandler           
000043d9  DMA_INT1_IRQHandler           
000043d9  DMA_INT2_IRQHandler           
000043d9  DMA_INT3_IRQHandler           
000043d9  DebugMon_Handler              
000043d9  Default_Handler               
000043d9  EUSCIA0_IRQHandler            
000043d9  EUSCIA1_IRQHandler            
000043d9  EUSCIA3_IRQHandler            
000043d9  EUSCIB0_IRQHandler            
000043d9  EUSCIB1_IRQHandler            
000043d9  EUSCIB2_IRQHandler            
000043d9  EUSCIB3_IRQHandler            
000043d9  FLCTL_IRQHandler              
000043d9  FPU_IRQHandler                
000043d9  HardFault_Handler             
000043d9  MemManage_Handler             
000043d9  NMI_Handler                   
000043d9  PCM_IRQHandler                
000043d9  PORT1_IRQHandler              
000043d9  PORT2_IRQHandler              
000043d9  PORT6_IRQHandler              
000043d9  PSS_IRQHandler                
000043d9  PendSV_Handler                
000043d9  RTC_C_IRQHandler              
000043d9  SVC_Handler                   
000043d9  SysTick_Handler               
000043d9  T32_INT1_IRQHandler           
000043d9  T32_INT2_IRQHandler           
000043d9  T32_INTC_IRQHandler           
000043d9  TA0_0_IRQHandler              
000043d9  TA0_N_IRQHandler              
000043d9  TA1_N_IRQHandler              
000043d9  TA2_0_IRQHandler              
000043d9  TA2_N_IRQHandler              
000043d9  TA3_0_IRQHandler              
000043d9  TA3_N_IRQHandler              
000043d9  UsageFault_Handler            
000043d9  WDT_A_IRQHandler              
000043db  __TI_zero_init                
000043f1  __aeabi_errno_addr            
000043f9  _system_pre_init              
000043fd  C$$EXIT                       
000043fd  abort                         
00004400  font_11x16                    
00004c2a  font_8x12                     
0000509e  font_5x7                      
0000527e  _ctypes_                      
000053b8  __TI_Handler_Table_Base       
000053c4  __TI_Handler_Table_Limit      
000053d0  __TI_CINIT_Base               
000053e0  __TI_CINIT_Limit              
20000400  str                           
20000410  _orientation                  
20000411  Fuente                        
20000412  Color_Fondo                   
20000414  Color_Texto                   
20000416  Color_Fondo_Inv               
20000418  Color_Texto_Inv               
2000041a  time_out                      
2000041c  time_out_timer                
2000041e  colorLowByte                  
2000041f  colorHighByte                 
20000420  bgColorLowByte                
20000421  bgColorHighByte               
20000422  Byte_Recibido                 
20000423  DatoLeido_UART                
20000424  errno                         
20000428  SystemCoreClock               
2000042c  state                         
2000042d  previous_state                
2000fe00  __stack                       
20010000  __STACK_END                   
4000480c  WDTCTL_SYM                    
ffffffff  __TI_pprof_out_hndl           
ffffffff  __TI_prof_data_size           
ffffffff  __TI_prof_data_start          
ffffffff  __binit__                     
ffffffff  __c_args__                    
ffffffff  binit                         
UNDEFED   __mpu_init                    
UNDEFED   _system_post_cinit            

[216 symbols]
