<?xml version="1.0" encoding="ISO-8859-1" ?>
<link_info>
   <banner>TI ARM Linker PC v18.1.2.LTS</banner>
   <copyright>Copyright (c) 1996-2017 Texas Instruments Incorporated</copyright>
   <link_time>0x5ca320ba</link_time>
   <link_errors>0x0</link_errors>
   <output_file>P4-UART.out</output_file>
   <entry_point>
      <name>_c_int00_noargs</name>
      <address>0x42d5</address>
   </entry_point>
   <input_file_list>
      <input_file id="fl-2">
         <path>.\</path>
         <kind>object</kind>
         <file>TA1_Timer.obj</file>
         <name>TA1_Timer.obj</name>
      </input_file>
      <input_file id="fl-3">
         <path>.\</path>
         <kind>object</kind>
         <file>UART_S.obj</file>
         <name>UART_S.obj</name>
      </input_file>
      <input_file id="fl-4">
         <path>.\</path>
         <kind>object</kind>
         <file>lib_controllers.obj</file>
         <name>lib_controllers.obj</name>
      </input_file>
      <input_file id="fl-5">
         <path>.\</path>
         <kind>object</kind>
         <file>main.obj</file>
         <name>main.obj</name>
      </input_file>
      <input_file id="fl-6">
         <path>.\</path>
         <kind>object</kind>
         <file>startup_msp432p401r_ccs.obj</file>
         <name>startup_msp432p401r_ccs.obj</name>
      </input_file>
      <input_file id="fl-7">
         <path>.\</path>
         <kind>object</kind>
         <file>system_msp432p401r.obj</file>
         <name>system_msp432p401r.obj</name>
      </input_file>
      <input_file id="fl-c">
         <kind>object</kind>
         <file>&lt;internal&gt;</file>
         <name>&lt;internal&gt;</name>
      </input_file>
      <input_file id="fl-d">
         <path>..\</path>
         <kind>archive</kind>
         <file>lib_PAE2.lib</file>
         <name>Inicializacion.obj</name>
      </input_file>
      <input_file id="fl-e">
         <path>..\</path>
         <kind>archive</kind>
         <file>lib_PAE2.lib</file>
         <name>lcd.obj</name>
      </input_file>
      <input_file id="fl-f">
         <path>..\</path>
         <kind>archive</kind>
         <file>lib_PAE2.lib</file>
         <name>msp_LCD.obj</name>
      </input_file>
      <input_file id="fl-10">
         <path>..\</path>
         <kind>archive</kind>
         <file>lib_PAE2.lib</file>
         <name>graphics.obj</name>
      </input_file>
      <input_file id="fl-c6">
         <path>C:\ti\ccsv8\tools\compiler\ti-cgt-arm_18.1.2.LTS\lib\</path>
         <kind>archive</kind>
         <file>rtsv7M4_T_le_v4SPD16_eabi.lib</file>
         <name>memcpy_t2.asm.obj</name>
      </input_file>
      <input_file id="fl-c7">
         <path>C:\ti\ccsv8\tools\compiler\ti-cgt-arm_18.1.2.LTS\lib\</path>
         <kind>archive</kind>
         <file>rtsv7M4_T_le_v4SPD16_eabi.lib</file>
         <name>copy_zero_init.c.obj</name>
      </input_file>
      <input_file id="fl-c8">
         <path>C:\ti\ccsv8\tools\compiler\ti-cgt-arm_18.1.2.LTS\lib\</path>
         <kind>archive</kind>
         <file>rtsv7M4_T_le_v4SPD16_eabi.lib</file>
         <name>copy_decompress_none.c.obj</name>
      </input_file>
      <input_file id="fl-c9">
         <path>C:\ti\ccsv8\tools\compiler\ti-cgt-arm_18.1.2.LTS\lib\</path>
         <kind>archive</kind>
         <file>rtsv7M4_T_le_v4SPD16_eabi.lib</file>
         <name>copy_decompress_lzss.c.obj</name>
      </input_file>
      <input_file id="fl-ca">
         <path>C:\ti\ccsv8\tools\compiler\ti-cgt-arm_18.1.2.LTS\lib\</path>
         <kind>archive</kind>
         <file>rtsv7M4_T_le_v4SPD16_eabi.lib</file>
         <name>boot_cortex_m.c.obj</name>
      </input_file>
      <input_file id="fl-cb">
         <path>C:\ti\ccsv8\tools\compiler\ti-cgt-arm_18.1.2.LTS\lib\</path>
         <kind>archive</kind>
         <file>rtsv7M4_T_le_v4SPD16_eabi.lib</file>
         <name>exit.c.obj</name>
      </input_file>
      <input_file id="fl-cc">
         <path>C:\ti\ccsv8\tools\compiler\ti-cgt-arm_18.1.2.LTS\lib\</path>
         <kind>archive</kind>
         <file>rtsv7M4_T_le_v4SPD16_eabi.lib</file>
         <name>_lock.c.obj</name>
      </input_file>
      <input_file id="fl-cd">
         <path>C:\ti\ccsv8\tools\compiler\ti-cgt-arm_18.1.2.LTS\lib\</path>
         <kind>archive</kind>
         <file>rtsv7M4_T_le_v4SPD16_eabi.lib</file>
         <name>args_main.c.obj</name>
      </input_file>
      <input_file id="fl-ce">
         <path>C:\ti\ccsv8\tools\compiler\ti-cgt-arm_18.1.2.LTS\lib\</path>
         <kind>archive</kind>
         <file>rtsv7M4_T_le_v4SPD16_eabi.lib</file>
         <name>sprintf.c.obj</name>
      </input_file>
      <input_file id="fl-cf">
         <path>C:\ti\ccsv8\tools\compiler\ti-cgt-arm_18.1.2.LTS\lib\</path>
         <kind>archive</kind>
         <file>rtsv7M4_T_le_v4SPD16_eabi.lib</file>
         <name>memset_t2.asm.obj</name>
      </input_file>
      <input_file id="fl-d0">
         <path>C:\ti\ccsv8\tools\compiler\ti-cgt-arm_18.1.2.LTS\lib\</path>
         <kind>archive</kind>
         <file>rtsv7M4_T_le_v4SPD16_eabi.lib</file>
         <name>autoinit.c.obj</name>
      </input_file>
      <input_file id="fl-d1">
         <path>C:\ti\ccsv8\tools\compiler\ti-cgt-arm_18.1.2.LTS\lib\</path>
         <kind>archive</kind>
         <file>rtsv7M4_T_le_v4SPD16_eabi.lib</file>
         <name>pre_init.c.obj</name>
      </input_file>
      <input_file id="fl-d2">
         <path>C:\ti\ccsv8\tools\compiler\ti-cgt-arm_18.1.2.LTS\lib\</path>
         <kind>archive</kind>
         <file>rtsv7M4_T_le_v4SPD16_eabi.lib</file>
         <name>cpy_tbl.c.obj</name>
      </input_file>
      <input_file id="fl-d3">
         <path>C:\ti\ccsv8\tools\compiler\ti-cgt-arm_18.1.2.LTS\lib\</path>
         <kind>archive</kind>
         <file>rtsv7M4_T_le_v4SPD16_eabi.lib</file>
         <name>_printfi.c.obj</name>
      </input_file>
      <input_file id="fl-d4">
         <path>C:\ti\ccsv8\tools\compiler\ti-cgt-arm_18.1.2.LTS\lib\</path>
         <kind>archive</kind>
         <file>rtsv7M4_T_le_v4SPD16_eabi.lib</file>
         <name>atoi.c.obj</name>
      </input_file>
      <input_file id="fl-d5">
         <path>C:\ti\ccsv8\tools\compiler\ti-cgt-arm_18.1.2.LTS\lib\</path>
         <kind>archive</kind>
         <file>rtsv7M4_T_le_v4SPD16_eabi.lib</file>
         <name>ctype.c.obj</name>
      </input_file>
      <input_file id="fl-d6">
         <path>C:\ti\ccsv8\tools\compiler\ti-cgt-arm_18.1.2.LTS\lib\</path>
         <kind>archive</kind>
         <file>rtsv7M4_T_le_v4SPD16_eabi.lib</file>
         <name>ltoa.c.obj</name>
      </input_file>
      <input_file id="fl-d7">
         <path>C:\ti\ccsv8\tools\compiler\ti-cgt-arm_18.1.2.LTS\lib\</path>
         <kind>archive</kind>
         <file>rtsv7M4_T_le_v4SPD16_eabi.lib</file>
         <name>memccpy.c.obj</name>
      </input_file>
      <input_file id="fl-d8">
         <path>C:\ti\ccsv8\tools\compiler\ti-cgt-arm_18.1.2.LTS\lib\</path>
         <kind>archive</kind>
         <file>rtsv7M4_T_le_v4SPD16_eabi.lib</file>
         <name>strchr.c.obj</name>
      </input_file>
      <input_file id="fl-d9">
         <path>C:\ti\ccsv8\tools\compiler\ti-cgt-arm_18.1.2.LTS\lib\</path>
         <kind>archive</kind>
         <file>rtsv7M4_T_le_v4SPD16_eabi.lib</file>
         <name>strlen.c.obj</name>
      </input_file>
      <input_file id="fl-da">
         <path>C:\ti\ccsv8\tools\compiler\ti-cgt-arm_18.1.2.LTS\lib\</path>
         <kind>archive</kind>
         <file>rtsv7M4_T_le_v4SPD16_eabi.lib</file>
         <name>s_frexp.c.obj</name>
      </input_file>
      <input_file id="fl-db">
         <path>C:\ti\ccsv8\tools\compiler\ti-cgt-arm_18.1.2.LTS\lib\</path>
         <kind>archive</kind>
         <file>rtsv7M4_T_le_v4SPD16_eabi.lib</file>
         <name>s_scalbn.c.obj</name>
      </input_file>
      <input_file id="fl-dc">
         <path>C:\ti\ccsv8\tools\compiler\ti-cgt-arm_18.1.2.LTS\lib\</path>
         <kind>archive</kind>
         <file>rtsv7M4_T_le_v4SPD16_eabi.lib</file>
         <name>s_copysign.c.obj</name>
      </input_file>
      <input_file id="fl-dd">
         <path>C:\ti\ccsv8\tools\compiler\ti-cgt-arm_18.1.2.LTS\lib\</path>
         <kind>archive</kind>
         <file>rtsv7M4_T_le_v4SPD16_eabi.lib</file>
         <name>wcslen.c.obj</name>
      </input_file>
      <input_file id="fl-de">
         <path>C:\ti\ccsv8\tools\compiler\ti-cgt-arm_18.1.2.LTS\lib\</path>
         <kind>archive</kind>
         <file>rtsv7M4_T_le_v4SPD16_eabi.lib</file>
         <name>fd_add_t2.asm.obj</name>
      </input_file>
      <input_file id="fl-df">
         <path>C:\ti\ccsv8\tools\compiler\ti-cgt-arm_18.1.2.LTS\lib\</path>
         <kind>archive</kind>
         <file>rtsv7M4_T_le_v4SPD16_eabi.lib</file>
         <name>fd_cmp_t2.asm.obj</name>
      </input_file>
      <input_file id="fl-e0">
         <path>C:\ti\ccsv8\tools\compiler\ti-cgt-arm_18.1.2.LTS\lib\</path>
         <kind>archive</kind>
         <file>rtsv7M4_T_le_v4SPD16_eabi.lib</file>
         <name>fd_div_t2.asm.obj</name>
      </input_file>
      <input_file id="fl-e1">
         <path>C:\ti\ccsv8\tools\compiler\ti-cgt-arm_18.1.2.LTS\lib\</path>
         <kind>archive</kind>
         <file>rtsv7M4_T_le_v4SPD16_eabi.lib</file>
         <name>fd_mul_t2.asm.obj</name>
      </input_file>
      <input_file id="fl-e2">
         <path>C:\ti\ccsv8\tools\compiler\ti-cgt-arm_18.1.2.LTS\lib\</path>
         <kind>archive</kind>
         <file>rtsv7M4_T_le_v4SPD16_eabi.lib</file>
         <name>fd_toi_t2.asm.obj</name>
      </input_file>
      <input_file id="fl-e3">
         <path>C:\ti\ccsv8\tools\compiler\ti-cgt-arm_18.1.2.LTS\lib\</path>
         <kind>archive</kind>
         <file>rtsv7M4_T_le_v4SPD16_eabi.lib</file>
         <name>i_tofd_t2.asm.obj</name>
      </input_file>
      <input_file id="fl-e4">
         <path>C:\ti\ccsv8\tools\compiler\ti-cgt-arm_18.1.2.LTS\lib\</path>
         <kind>archive</kind>
         <file>rtsv7M4_T_le_v4SPD16_eabi.lib</file>
         <name>ull_div_t2.asm.obj</name>
      </input_file>
      <input_file id="fl-e5">
         <path>C:\ti\ccsv8\tools\compiler\ti-cgt-arm_18.1.2.LTS\lib\</path>
         <kind>archive</kind>
         <file>rtsv7M4_T_le_v4SPD16_eabi.lib</file>
         <name>errno.c.obj</name>
      </input_file>
      <input_file id="fl-e6">
         <path>C:\ti\ccsv8\tools\compiler\ti-cgt-arm_18.1.2.LTS\lib\</path>
         <kind>archive</kind>
         <file>rtsv7M4_T_le_v4SPD16_eabi.lib</file>
         <name>div0.asm.obj</name>
      </input_file>
   </input_file_list>
   <object_component_list>
      <object_component id="oc-23">
         <name>.intvecs:retain</name>
         <load_address>0x0</load_address>
         <run_address>0x0</run_address>
         <size>0xe4</size>
         <input_file_ref idref="fl-6"/>
      </object_component>
      <object_component id="oc-158">
         <name>.text</name>
         <load_address>0xe4</load_address>
         <run_address>0xe4</run_address>
         <size>0x104c</size>
         <input_file_ref idref="fl-10"/>
      </object_component>
      <object_component id="oc-16c">
         <name>.text:__TI_printfi</name>
         <load_address>0x1130</load_address>
         <run_address>0x1130</run_address>
         <size>0xa5e</size>
         <input_file_ref idref="fl-d3"/>
      </object_component>
      <object_component id="oc-2ed">
         <name>.text</name>
         <load_address>0x1b8e</load_address>
         <run_address>0x1b8e</run_address>
         <size>0x2</size>
         <input_file_ref idref="fl-e6"/>
      </object_component>
      <object_component id="oc-c8">
         <name>.text</name>
         <load_address>0x1b90</load_address>
         <run_address>0x1b90</run_address>
         <size>0x8a8</size>
         <input_file_ref idref="fl-e"/>
      </object_component>
      <object_component id="oc-76">
         <name>.text</name>
         <load_address>0x2438</load_address>
         <run_address>0x2438</run_address>
         <size>0x3a0</size>
         <input_file_ref idref="fl-5"/>
      </object_component>
      <object_component id="oc-ae">
         <name>.text</name>
         <load_address>0x27d8</load_address>
         <run_address>0x27d8</run_address>
         <size>0x334</size>
         <input_file_ref idref="fl-7"/>
      </object_component>
      <object_component id="oc-70">
         <name>.text</name>
         <load_address>0x2b0c</load_address>
         <run_address>0x2b0c</run_address>
         <size>0x270</size>
         <input_file_ref idref="fl-3"/>
      </object_component>
      <object_component id="oc-1f9">
         <name>.text:_pconv_a</name>
         <load_address>0x2d7c</load_address>
         <run_address>0x2d7c</run_address>
         <size>0x270</size>
         <input_file_ref idref="fl-d3"/>
      </object_component>
      <object_component id="oc-1e7">
         <name>.text:_pconv_g</name>
         <load_address>0x2fec</load_address>
         <run_address>0x2fec</run_address>
         <size>0x1d0</size>
         <input_file_ref idref="fl-d3"/>
      </object_component>
      <object_component id="oc-27e">
         <name>.text</name>
         <load_address>0x31bc</load_address>
         <run_address>0x31bc</run_address>
         <size>0x1b6</size>
         <input_file_ref idref="fl-de"/>
      </object_component>
      <object_component id="oc-14f">
         <name>.text</name>
         <load_address>0x3374</load_address>
         <run_address>0x3374</run_address>
         <size>0x188</size>
         <input_file_ref idref="fl-f"/>
      </object_component>
      <object_component id="oc-1f3">
         <name>.text:_pconv_e</name>
         <load_address>0x34fc</load_address>
         <run_address>0x34fc</run_address>
         <size>0x13c</size>
         <input_file_ref idref="fl-d3"/>
      </object_component>
      <object_component id="oc-264">
         <name>.text</name>
         <load_address>0x3638</load_address>
         <run_address>0x3638</run_address>
         <size>0x136</size>
         <input_file_ref idref="fl-e0"/>
      </object_component>
      <object_component id="oc-290">
         <name>.text:fcvt</name>
         <load_address>0x3770</load_address>
         <run_address>0x3770</run_address>
         <size>0x120</size>
         <input_file_ref idref="fl-d3"/>
      </object_component>
      <object_component id="oc-2a4">
         <name>.text:scalbn</name>
         <load_address>0x3890</load_address>
         <run_address>0x3890</run_address>
         <size>0x110</size>
         <input_file_ref idref="fl-db"/>
      </object_component>
      <object_component id="oc-25f">
         <name>.text</name>
         <load_address>0x39a0</load_address>
         <run_address>0x39a0</run_address>
         <size>0xfc</size>
         <input_file_ref idref="fl-e1"/>
      </object_component>
      <object_component id="oc-6a">
         <name>.text</name>
         <load_address>0x3a9c</load_address>
         <run_address>0x3a9c</run_address>
         <size>0xc4</size>
         <input_file_ref idref="fl-2"/>
      </object_component>
      <object_component id="oc-1dc">
         <name>.text:_ltostr</name>
         <load_address>0x3b60</load_address>
         <run_address>0x3b60</run_address>
         <size>0xb1</size>
         <input_file_ref idref="fl-d3"/>
      </object_component>
      <object_component id="oc-34">
         <name>.text</name>
         <load_address>0x3c12</load_address>
         <run_address>0x3c12</run_address>
         <size>0x9c</size>
         <input_file_ref idref="fl-c6"/>
      </object_component>
      <object_component id="oc-258">
         <name>.text</name>
         <load_address>0x3cae</load_address>
         <run_address>0x3cae</run_address>
         <size>0x96</size>
         <input_file_ref idref="fl-e4"/>
      </object_component>
      <object_component id="oc-1e2">
         <name>.text:__aeabi_cdcmple</name>
         <load_address>0x3d44</load_address>
         <run_address>0x3d44</run_address>
         <size>0x86</size>
         <input_file_ref idref="fl-df"/>
      </object_component>
      <object_component id="oc-269">
         <name>.text:__aeabi_cdrcmple</name>
         <load_address>0x3dca</load_address>
         <run_address>0x3dca</run_address>
         <size>0x86</size>
         <input_file_ref idref="fl-df"/>
      </object_component>
      <object_component id="oc-96">
         <name>.text</name>
         <load_address>0x3e50</load_address>
         <run_address>0x3e50</run_address>
         <size>0x7a</size>
         <input_file_ref idref="fl-cf"/>
      </object_component>
      <object_component id="oc-ce">
         <name>.text</name>
         <load_address>0x3ecc</load_address>
         <run_address>0x3ecc</run_address>
         <size>0x78</size>
         <input_file_ref idref="fl-d"/>
      </object_component>
      <object_component id="oc-289">
         <name>.text:_mcpy</name>
         <load_address>0x3f44</load_address>
         <run_address>0x3f44</run_address>
         <size>0x6e</size>
         <input_file_ref idref="fl-d3"/>
      </object_component>
      <object_component id="oc-14">
         <name>.text:decompress:lzss:__TI_decompress_lzss</name>
         <load_address>0x3fb2</load_address>
         <run_address>0x3fb2</run_address>
         <size>0x68</size>
         <input_file_ref idref="fl-c9"/>
      </object_component>
      <object_component id="oc-29e">
         <name>.text:frexp</name>
         <load_address>0x401c</load_address>
         <run_address>0x401c</run_address>
         <size>0x64</size>
         <input_file_ref idref="fl-da"/>
      </object_component>
      <object_component id="oc-1ed">
         <name>.text:_pconv_f</name>
         <load_address>0x4080</load_address>
         <run_address>0x4080</run_address>
         <size>0x56</size>
         <input_file_ref idref="fl-d3"/>
      </object_component>
      <object_component id="oc-273">
         <name>.text:ltoa</name>
         <load_address>0x40d6</load_address>
         <run_address>0x40d6</run_address>
         <size>0x54</size>
         <input_file_ref idref="fl-d6"/>
      </object_component>
      <object_component id="oc-283">
         <name>.text:_ecpy</name>
         <load_address>0x412a</load_address>
         <run_address>0x412a</run_address>
         <size>0x52</size>
         <input_file_ref idref="fl-d3"/>
      </object_component>
      <object_component id="oc-1d6">
         <name>.text:atoi</name>
         <load_address>0x417c</load_address>
         <run_address>0x417c</run_address>
         <size>0x4c</size>
         <input_file_ref idref="fl-d4"/>
      </object_component>
      <object_component id="oc-26e">
         <name>.text</name>
         <load_address>0x41c8</load_address>
         <run_address>0x41c8</run_address>
         <size>0x48</size>
         <input_file_ref idref="fl-e2"/>
      </object_component>
      <object_component id="oc-104">
         <name>.text:__TI_auto_init_nobinit_nopinit:__TI_auto_init_nobinit_nopinit</name>
         <load_address>0x4210</load_address>
         <run_address>0x4210</run_address>
         <size>0x44</size>
         <input_file_ref idref="fl-d0"/>
      </object_component>
      <object_component id="oc-d4">
         <name>.text:sprintf</name>
         <load_address>0x4254</load_address>
         <run_address>0x4254</run_address>
         <size>0x40</size>
         <input_file_ref idref="fl-ce"/>
      </object_component>
      <object_component id="oc-296">
         <name>.text:_fcpy</name>
         <load_address>0x4294</load_address>
         <run_address>0x4294</run_address>
         <size>0x3e</size>
         <input_file_ref idref="fl-d3"/>
      </object_component>
      <object_component id="oc-52">
         <name>.text:_c_int00_noargs:_c_int00_noargs</name>
         <load_address>0x42d4</load_address>
         <run_address>0x42d4</run_address>
         <size>0x38</size>
         <input_file_ref idref="fl-ca"/>
      </object_component>
      <object_component id="oc-279">
         <name>.text</name>
         <load_address>0x430c</load_address>
         <run_address>0x430c</run_address>
         <size>0x2e</size>
         <input_file_ref idref="fl-e3"/>
      </object_component>
      <object_component id="oc-1ff">
         <name>.text:memccpy</name>
         <load_address>0x433a</load_address>
         <run_address>0x433a</run_address>
         <size>0x1c</size>
         <input_file_ref idref="fl-d7"/>
      </object_component>
      <object_component id="oc-172">
         <name>.text:_outs</name>
         <load_address>0x4356</load_address>
         <run_address>0x4356</run_address>
         <size>0x18</size>
         <input_file_ref idref="fl-ce"/>
      </object_component>
      <object_component id="oc-2aa">
         <name>.text:strchr</name>
         <load_address>0x436e</load_address>
         <run_address>0x436e</run_address>
         <size>0x16</size>
         <input_file_ref idref="fl-d8"/>
      </object_component>
      <object_component id="oc-306">
         <name>.text:copysign</name>
         <load_address>0x4384</load_address>
         <run_address>0x4384</run_address>
         <size>0x14</size>
         <input_file_ref idref="fl-dc"/>
      </object_component>
      <object_component id="oc-1d0">
         <name>.text:strlen</name>
         <load_address>0x4398</load_address>
         <run_address>0x4398</run_address>
         <size>0x14</size>
         <input_file_ref idref="fl-d9"/>
      </object_component>
      <object_component id="oc-205">
         <name>.text:wcslen</name>
         <load_address>0x43ac</load_address>
         <run_address>0x43ac</run_address>
         <size>0x12</size>
         <input_file_ref idref="fl-dd"/>
      </object_component>
      <object_component id="oc-1a">
         <name>.text:decompress:none:__TI_decompress_none</name>
         <load_address>0x43be</load_address>
         <run_address>0x43be</run_address>
         <size>0xe</size>
         <input_file_ref idref="fl-c8"/>
      </object_component>
      <object_component id="oc-64">
         <name>.text</name>
         <load_address>0x43cc</load_address>
         <run_address>0x43cc</run_address>
         <size>0xe</size>
         <input_file_ref idref="fl-6"/>
      </object_component>
      <object_component id="oc-46">
         <name>.text:decompress:ZI:__TI_zero_init</name>
         <load_address>0x43da</load_address>
         <run_address>0x43da</run_address>
         <size>0xc</size>
         <input_file_ref idref="fl-c7"/>
      </object_component>
      <object_component id="oc-178">
         <name>.text:_outc</name>
         <load_address>0x43e6</load_address>
         <run_address>0x43e6</run_address>
         <size>0xa</size>
         <input_file_ref idref="fl-ce"/>
      </object_component>
      <object_component id="oc-20b">
         <name>.text:__aeabi_errno_addr</name>
         <load_address>0x43f0</load_address>
         <run_address>0x43f0</run_address>
         <size>0x8</size>
         <input_file_ref idref="fl-e5"/>
      </object_component>
      <object_component id="oc-9c">
         <name>.text:_system_pre_init</name>
         <load_address>0x43f8</load_address>
         <run_address>0x43f8</run_address>
         <size>0x4</size>
         <input_file_ref idref="fl-d1"/>
      </object_component>
      <object_component id="oc-f8">
         <name>.text:abort:abort</name>
         <load_address>0x43fc</load_address>
         <run_address>0x43fc</run_address>
         <size>0x4</size>
         <input_file_ref idref="fl-cb"/>
      </object_component>
      <object_component id="oc-1b5">
         <name>.const:font_11x16</name>
         <load_address>0x4400</load_address>
         <run_address>0x4400</run_address>
         <size>0x82a</size>
         <input_file_ref idref="fl-10"/>
      </object_component>
      <object_component id="oc-1b8">
         <name>.const:font_8x12</name>
         <load_address>0x4c2a</load_address>
         <run_address>0x4c2a</run_address>
         <size>0x474</size>
         <input_file_ref idref="fl-10"/>
      </object_component>
      <object_component id="oc-1b2">
         <name>.const:font_5x7</name>
         <load_address>0x509e</load_address>
         <run_address>0x509e</run_address>
         <size>0x1e0</size>
         <input_file_ref idref="fl-10"/>
      </object_component>
      <object_component id="oc-253">
         <name>.const:.string:_ctypes_</name>
         <load_address>0x527e</load_address>
         <run_address>0x527e</run_address>
         <size>0x101</size>
         <input_file_ref idref="fl-d5"/>
      </object_component>
      <object_component id="oc-15e">
         <name>.const:.string:$P$T0$1</name>
         <load_address>0x537f</load_address>
         <run_address>0x537f</run_address>
         <size>0x10</size>
         <input_file_ref idref="fl-e"/>
      </object_component>
      <object_component id="oc-161">
         <name>.const:.string:$P$T1$2</name>
         <load_address>0x538f</load_address>
         <run_address>0x538f</run_address>
         <size>0x10</size>
         <input_file_ref idref="fl-e"/>
      </object_component>
      <object_component id="oc-362">
         <name>.cinit..data.load</name>
         <load_address>0x53a0</load_address>
         <run_address>0x53a0</run_address>
         <size>0x18</size>
      </object_component>
      <object_component id="oc-360">
         <name>__TI_handler_table</name>
         <load_address>0x53b8</load_address>
         <run_address>0x53b8</run_address>
         <size>0xc</size>
      </object_component>
      <object_component id="oc-363">
         <name>.cinit..bss.load</name>
         <load_address>0x53c8</load_address>
         <run_address>0x53c8</run_address>
         <size>0x8</size>
      </object_component>
      <object_component id="oc-361">
         <name>__TI_cinit_table</name>
         <load_address>0x53d0</load_address>
         <run_address>0x53d0</run_address>
         <size>0x10</size>
      </object_component>
      <object_component id="oc-335">
         <name>.binit</name>
         <load_address>0x0</load_address>
         <run_address>0x0</run_address>
         <size>0x0</size>
      </object_component>
      <object_component id="oc-b5">
         <name>.data</name>
         <load_address>0x2000041a</load_address>
         <run_address>0x2000041a</run_address>
         <size>0x4</size>
         <input_file_ref idref="fl-2"/>
      </object_component>
      <object_component id="oc-be">
         <name>.data</name>
         <load_address>0x20000422</load_address>
         <run_address>0x20000422</run_address>
         <size>0x2</size>
         <input_file_ref idref="fl-3"/>
      </object_component>
      <object_component id="oc-da">
         <name>.data</name>
         <load_address>0x2000042c</load_address>
         <run_address>0x2000042c</run_address>
         <size>0x2</size>
         <input_file_ref idref="fl-5"/>
      </object_component>
      <object_component id="oc-136">
         <name>.data</name>
         <load_address>0x20000428</load_address>
         <run_address>0x20000428</run_address>
         <size>0x4</size>
         <input_file_ref idref="fl-7"/>
      </object_component>
      <object_component id="oc-155">
         <name>.data</name>
         <load_address>0x20000410</load_address>
         <run_address>0x20000410</run_address>
         <size>0xa</size>
         <input_file_ref idref="fl-e"/>
      </object_component>
      <object_component id="oc-1af">
         <name>.data</name>
         <load_address>0x2000041e</load_address>
         <run_address>0x2000041e</run_address>
         <size>0x4</size>
         <input_file_ref idref="fl-10"/>
      </object_component>
      <object_component id="oc-2ba">
         <name>.data</name>
         <load_address>0x20000424</load_address>
         <run_address>0x20000424</run_address>
         <size>0x4</size>
         <input_file_ref idref="fl-e5"/>
      </object_component>
      <object_component id="oc-1bb">
         <name>.bss:g_pulConvertedPalette</name>
         <uninitialized>true</uninitialized>
         <run_address>0x20000000</run_address>
         <size>0x400</size>
         <input_file_ref idref="fl-10"/>
      </object_component>
      <object_component id="oc-dd">
         <name>.common:str</name>
         <uninitialized>true</uninitialized>
         <run_address>0x20000400</run_address>
         <size>0x10</size>
      </object_component>
      <object_component id="oc-26">
         <name>.stack</name>
         <uninitialized>true</uninitialized>
         <run_address>0x2000fe00</run_address>
         <size>0x4</size>
         <input_file_ref idref="fl-ca"/>
      </object_component>
      <object_component id="oc-364">
         <name>.stack</name>
         <uninitialized>true</uninitialized>
         <run_address>0x2000fe00</run_address>
         <size>0x0</size>
      </object_component>
      <object_component id="oc-189">
         <name>.debug_info</name>
         <load_address>0x0</load_address>
         <run_address>0x0</run_address>
         <size>0x529</size>
         <input_file_ref idref="fl-2"/>
      </object_component>
      <object_component id="oc-b6">
         <name>.debug_info</name>
         <load_address>0x529</load_address>
         <run_address>0x529</run_address>
         <size>0xe3</size>
         <input_file_ref idref="fl-2"/>
      </object_component>
      <object_component id="oc-6b">
         <name>.debug_info</name>
         <load_address>0x60c</load_address>
         <run_address>0x60c</run_address>
         <size>0x327</size>
         <input_file_ref idref="fl-2"/>
      </object_component>
      <object_component id="oc-e3">
         <name>.debug_info</name>
         <load_address>0x933</load_address>
         <run_address>0x933</run_address>
         <size>0x26b</size>
         <input_file_ref idref="fl-2"/>
      </object_component>
      <object_component id="oc-14a">
         <name>.debug_info</name>
         <load_address>0xb9e</load_address>
         <run_address>0xb9e</run_address>
         <size>0x1055</size>
         <input_file_ref idref="fl-2"/>
      </object_component>
      <object_component id="oc-145">
         <name>.debug_info</name>
         <load_address>0x1bf3</load_address>
         <run_address>0x1bf3</run_address>
         <size>0x37e2</size>
         <input_file_ref idref="fl-2"/>
      </object_component>
      <object_component id="oc-2f">
         <name>.debug_info</name>
         <load_address>0x53d5</load_address>
         <run_address>0x53d5</run_address>
         <size>0x84</size>
         <input_file_ref idref="fl-2"/>
      </object_component>
      <object_component id="oc-13c">
         <name>.debug_info</name>
         <load_address>0x5459</load_address>
         <run_address>0x5459</run_address>
         <size>0x297</size>
         <input_file_ref idref="fl-2"/>
      </object_component>
      <object_component id="oc-b9">
         <name>.debug_info</name>
         <load_address>0x56f0</load_address>
         <run_address>0x56f0</run_address>
         <size>0xbb</size>
         <input_file_ref idref="fl-2"/>
      </object_component>
      <object_component id="oc-180">
         <name>.debug_info</name>
         <load_address>0x57ab</load_address>
         <run_address>0x57ab</run_address>
         <size>0x2c</size>
         <input_file_ref idref="fl-2"/>
      </object_component>
      <object_component id="oc-c7">
         <name>.debug_info</name>
         <load_address>0x57d7</load_address>
         <run_address>0x57d7</run_address>
         <size>0x5b8</size>
         <input_file_ref idref="fl-3"/>
      </object_component>
      <object_component id="oc-bf">
         <name>.debug_info</name>
         <load_address>0x5d8f</load_address>
         <run_address>0x5d8f</run_address>
         <size>0xea</size>
         <input_file_ref idref="fl-3"/>
      </object_component>
      <object_component id="oc-71">
         <name>.debug_info</name>
         <load_address>0x5e79</load_address>
         <run_address>0x5e79</run_address>
         <size>0x52f</size>
         <input_file_ref idref="fl-3"/>
      </object_component>
      <object_component id="oc-c2">
         <name>.debug_info</name>
         <load_address>0x63a8</load_address>
         <run_address>0x63a8</run_address>
         <size>0x62</size>
         <input_file_ref idref="fl-3"/>
      </object_component>
      <object_component id="oc-de">
         <name>.debug_info</name>
         <load_address>0x640a</load_address>
         <run_address>0x640a</run_address>
         <size>0x696</size>
         <input_file_ref idref="fl-5"/>
      </object_component>
      <object_component id="oc-db">
         <name>.debug_info</name>
         <load_address>0x6aa0</load_address>
         <run_address>0x6aa0</run_address>
         <size>0xd8</size>
         <input_file_ref idref="fl-5"/>
      </object_component>
      <object_component id="oc-77">
         <name>.debug_info</name>
         <load_address>0x6b78</load_address>
         <run_address>0x6b78</run_address>
         <size>0x4ca</size>
         <input_file_ref idref="fl-5"/>
      </object_component>
      <object_component id="oc-7e">
         <name>.debug_info</name>
         <load_address>0x7042</load_address>
         <run_address>0x7042</run_address>
         <size>0x2a8</size>
         <input_file_ref idref="fl-6"/>
      </object_component>
      <object_component id="oc-24">
         <name>.debug_info</name>
         <load_address>0x72ea</load_address>
         <run_address>0x72ea</run_address>
         <size>0xd4</size>
         <input_file_ref idref="fl-6"/>
      </object_component>
      <object_component id="oc-65">
         <name>.debug_info</name>
         <load_address>0x73be</load_address>
         <run_address>0x73be</run_address>
         <size>0x19b</size>
         <input_file_ref idref="fl-6"/>
      </object_component>
      <object_component id="oc-137">
         <name>.debug_info</name>
         <load_address>0x7559</load_address>
         <run_address>0x7559</run_address>
         <size>0xcd</size>
         <input_file_ref idref="fl-7"/>
      </object_component>
      <object_component id="oc-af">
         <name>.debug_info</name>
         <load_address>0x7626</load_address>
         <run_address>0x7626</run_address>
         <size>0x23f</size>
         <input_file_ref idref="fl-7"/>
      </object_component>
      <object_component id="oc-250">
         <name>.debug_info</name>
         <load_address>0x7865</load_address>
         <run_address>0x7865</run_address>
         <size>0x395</size>
         <input_file_ref idref="fl-d"/>
      </object_component>
      <object_component id="oc-cf">
         <name>.debug_info</name>
         <load_address>0x7bfa</load_address>
         <run_address>0x7bfa</run_address>
         <size>0x181</size>
         <input_file_ref idref="fl-d"/>
      </object_component>
      <object_component id="oc-2e1">
         <name>.debug_info</name>
         <load_address>0x7d7b</load_address>
         <run_address>0x7d7b</run_address>
         <size>0x37cd</size>
         <input_file_ref idref="fl-d"/>
      </object_component>
      <object_component id="oc-1cb">
         <name>.debug_info</name>
         <load_address>0xb548</load_address>
         <run_address>0xb548</run_address>
         <size>0x1055</size>
         <input_file_ref idref="fl-d"/>
      </object_component>
      <object_component id="oc-165">
         <name>.debug_info</name>
         <load_address>0xc59d</load_address>
         <run_address>0xc59d</run_address>
         <size>0x18b</size>
         <input_file_ref idref="fl-d"/>
      </object_component>
      <object_component id="oc-16a">
         <name>.debug_info</name>
         <load_address>0xc728</load_address>
         <run_address>0xc728</run_address>
         <size>0x689</size>
         <input_file_ref idref="fl-e"/>
      </object_component>
      <object_component id="oc-156">
         <name>.debug_info</name>
         <load_address>0xcdb1</load_address>
         <run_address>0xcdb1</run_address>
         <size>0x19a</size>
         <input_file_ref idref="fl-e"/>
      </object_component>
      <object_component id="oc-15f">
         <name>.debug_info</name>
         <load_address>0xcf4b</load_address>
         <run_address>0xcf4b</run_address>
         <size>0xc6</size>
         <input_file_ref idref="fl-e"/>
      </object_component>
      <object_component id="oc-162">
         <name>.debug_info</name>
         <load_address>0xd011</load_address>
         <run_address>0xd011</run_address>
         <size>0xc6</size>
         <input_file_ref idref="fl-e"/>
      </object_component>
      <object_component id="oc-ca">
         <name>.debug_info</name>
         <load_address>0xd0d7</load_address>
         <run_address>0xd0d7</run_address>
         <size>0x1818</size>
         <input_file_ref idref="fl-e"/>
      </object_component>
      <object_component id="oc-1c6">
         <name>.debug_info</name>
         <load_address>0xe8ef</load_address>
         <run_address>0xe8ef</run_address>
         <size>0x37cd</size>
         <input_file_ref idref="fl-e"/>
      </object_component>
      <object_component id="oc-150">
         <name>.debug_info</name>
         <load_address>0x120bc</load_address>
         <run_address>0x120bc</run_address>
         <size>0x28b</size>
         <input_file_ref idref="fl-f"/>
      </object_component>
      <object_component id="oc-1bf">
         <name>.debug_info</name>
         <load_address>0x12347</load_address>
         <run_address>0x12347</run_address>
         <size>0x1f1</size>
         <input_file_ref idref="fl-10"/>
      </object_component>
      <object_component id="oc-1b3">
         <name>.debug_info</name>
         <load_address>0x12538</load_address>
         <run_address>0x12538</run_address>
         <size>0xce</size>
         <input_file_ref idref="fl-10"/>
      </object_component>
      <object_component id="oc-1b9">
         <name>.debug_info</name>
         <load_address>0x12606</load_address>
         <run_address>0x12606</run_address>
         <size>0xd0</size>
         <input_file_ref idref="fl-10"/>
      </object_component>
      <object_component id="oc-1b6">
         <name>.debug_info</name>
         <load_address>0x126d6</load_address>
         <run_address>0x126d6</run_address>
         <size>0xd2</size>
         <input_file_ref idref="fl-10"/>
      </object_component>
      <object_component id="oc-1b0">
         <name>.debug_info</name>
         <load_address>0x127a8</load_address>
         <run_address>0x127a8</run_address>
         <size>0x15d</size>
         <input_file_ref idref="fl-10"/>
      </object_component>
      <object_component id="oc-1bc">
         <name>.debug_info</name>
         <load_address>0x12905</load_address>
         <run_address>0x12905</run_address>
         <size>0xe7</size>
         <input_file_ref idref="fl-10"/>
      </object_component>
      <object_component id="oc-15c">
         <name>.debug_info</name>
         <load_address>0x129ec</load_address>
         <run_address>0x129ec</run_address>
         <size>0x1a6f</size>
         <input_file_ref idref="fl-10"/>
      </object_component>
      <object_component id="oc-36">
         <name>.debug_info</name>
         <load_address>0x1445b</load_address>
         <run_address>0x1445b</run_address>
         <size>0x111</size>
         <input_file_ref idref="fl-c6"/>
      </object_component>
      <object_component id="oc-95">
         <name>.debug_info</name>
         <load_address>0x1456c</load_address>
         <run_address>0x1456c</run_address>
         <size>0x313</size>
         <input_file_ref idref="fl-c7"/>
      </object_component>
      <object_component id="oc-49">
         <name>.debug_info</name>
         <load_address>0x1487f</load_address>
         <run_address>0x1487f</run_address>
         <size>0x1aa</size>
         <input_file_ref idref="fl-c7"/>
      </object_component>
      <object_component id="oc-90">
         <name>.debug_info</name>
         <load_address>0x14a29</load_address>
         <run_address>0x14a29</run_address>
         <size>0x46</size>
         <input_file_ref idref="fl-c7"/>
      </object_component>
      <object_component id="oc-ef">
         <name>.debug_info</name>
         <load_address>0x14a6f</load_address>
         <run_address>0x14a6f</run_address>
         <size>0x2c</size>
         <input_file_ref idref="fl-c7"/>
      </object_component>
      <object_component id="oc-3f">
         <name>.debug_info</name>
         <load_address>0x14a9b</load_address>
         <run_address>0x14a9b</run_address>
         <size>0x29d</size>
         <input_file_ref idref="fl-c8"/>
      </object_component>
      <object_component id="oc-1b">
         <name>.debug_info</name>
         <load_address>0x14d38</load_address>
         <run_address>0x14d38</run_address>
         <size>0x1df</size>
         <input_file_ref idref="fl-c8"/>
      </object_component>
      <object_component id="oc-3a">
         <name>.debug_info</name>
         <load_address>0x14f17</load_address>
         <run_address>0x14f17</run_address>
         <size>0x46</size>
         <input_file_ref idref="fl-c8"/>
      </object_component>
      <object_component id="oc-88">
         <name>.debug_info</name>
         <load_address>0x14f5d</load_address>
         <run_address>0x14f5d</run_address>
         <size>0x2c</size>
         <input_file_ref idref="fl-c8"/>
      </object_component>
      <object_component id="oc-86">
         <name>.debug_info</name>
         <load_address>0x14f89</load_address>
         <run_address>0x14f89</run_address>
         <size>0x293</size>
         <input_file_ref idref="fl-c9"/>
      </object_component>
      <object_component id="oc-16">
         <name>.debug_info</name>
         <load_address>0x1521c</load_address>
         <run_address>0x1521c</run_address>
         <size>0x245</size>
         <input_file_ref idref="fl-c9"/>
      </object_component>
      <object_component id="oc-2a">
         <name>.debug_info</name>
         <load_address>0x15461</load_address>
         <run_address>0x15461</run_address>
         <size>0x60</size>
         <input_file_ref idref="fl-c9"/>
      </object_component>
      <object_component id="oc-e8">
         <name>.debug_info</name>
         <load_address>0x154c1</load_address>
         <run_address>0x154c1</run_address>
         <size>0x46</size>
         <input_file_ref idref="fl-c9"/>
      </object_component>
      <object_component id="oc-81">
         <name>.debug_info</name>
         <load_address>0x15507</load_address>
         <run_address>0x15507</run_address>
         <size>0x39</size>
         <input_file_ref idref="fl-c9"/>
      </object_component>
      <object_component id="oc-27">
         <name>.debug_info</name>
         <load_address>0x15540</load_address>
         <run_address>0x15540</run_address>
         <size>0x100</size>
         <input_file_ref idref="fl-ca"/>
      </object_component>
      <object_component id="oc-53">
         <name>.debug_info</name>
         <load_address>0x15640</load_address>
         <run_address>0x15640</run_address>
         <size>0x1a4</size>
         <input_file_ref idref="fl-ca"/>
      </object_component>
      <object_component id="oc-f9">
         <name>.debug_info</name>
         <load_address>0x157e4</load_address>
         <run_address>0x157e4</run_address>
         <size>0x117</size>
         <input_file_ref idref="fl-cb"/>
      </object_component>
      <object_component id="oc-17f">
         <name>.debug_info</name>
         <load_address>0x158fb</load_address>
         <run_address>0x158fb</run_address>
         <size>0x328</size>
         <input_file_ref idref="fl-ce"/>
      </object_component>
      <object_component id="oc-d5">
         <name>.debug_info</name>
         <load_address>0x15c23</load_address>
         <run_address>0x15c23</run_address>
         <size>0x1c6</size>
         <input_file_ref idref="fl-ce"/>
      </object_component>
      <object_component id="oc-173">
         <name>.debug_info</name>
         <load_address>0x15de9</load_address>
         <run_address>0x15de9</run_address>
         <size>0x182</size>
         <input_file_ref idref="fl-ce"/>
      </object_component>
      <object_component id="oc-179">
         <name>.debug_info</name>
         <load_address>0x15f6b</load_address>
         <run_address>0x15f6b</run_address>
         <size>0x162</size>
         <input_file_ref idref="fl-ce"/>
      </object_component>
      <object_component id="oc-2c1">
         <name>.debug_info</name>
         <load_address>0x160cd</load_address>
         <run_address>0x160cd</run_address>
         <size>0x2c</size>
         <input_file_ref idref="fl-ce"/>
      </object_component>
      <object_component id="oc-98">
         <name>.debug_info</name>
         <load_address>0x160f9</load_address>
         <run_address>0x160f9</run_address>
         <size>0x13f</size>
         <input_file_ref idref="fl-cf"/>
      </object_component>
      <object_component id="oc-195">
         <name>.debug_info</name>
         <load_address>0x16238</load_address>
         <run_address>0x16238</run_address>
         <size>0x547</size>
         <input_file_ref idref="fl-d0"/>
      </object_component>
      <object_component id="oc-105">
         <name>.debug_info</name>
         <load_address>0x1677f</load_address>
         <run_address>0x1677f</run_address>
         <size>0x19b</size>
         <input_file_ref idref="fl-d0"/>
      </object_component>
      <object_component id="oc-233">
         <name>.debug_info</name>
         <load_address>0x1691a</load_address>
         <run_address>0x1691a</run_address>
         <size>0x39</size>
         <input_file_ref idref="fl-d0"/>
      </object_component>
      <object_component id="oc-2d3">
         <name>.debug_info</name>
         <load_address>0x16953</load_address>
         <run_address>0x16953</run_address>
         <size>0x39</size>
         <input_file_ref idref="fl-d0"/>
      </object_component>
      <object_component id="oc-238">
         <name>.debug_info</name>
         <load_address>0x1698c</load_address>
         <run_address>0x1698c</run_address>
         <size>0x39</size>
         <input_file_ref idref="fl-d0"/>
      </object_component>
      <object_component id="oc-23d">
         <name>.debug_info</name>
         <load_address>0x169c5</load_address>
         <run_address>0x169c5</run_address>
         <size>0xcd</size>
         <input_file_ref idref="fl-d0"/>
      </object_component>
      <object_component id="oc-9d">
         <name>.debug_info</name>
         <load_address>0x16a92</load_address>
         <run_address>0x16a92</run_address>
         <size>0x148</size>
         <input_file_ref idref="fl-d1"/>
      </object_component>
      <object_component id="oc-212">
         <name>.debug_info</name>
         <load_address>0x16bda</load_address>
         <run_address>0x16bda</run_address>
         <size>0x8a6</size>
         <input_file_ref idref="fl-d3"/>
      </object_component>
      <object_component id="oc-1dd">
         <name>.debug_info</name>
         <load_address>0x17480</load_address>
         <run_address>0x17480</run_address>
         <size>0x213</size>
         <input_file_ref idref="fl-d3"/>
      </object_component>
      <object_component id="oc-284">
         <name>.debug_info</name>
         <load_address>0x17693</load_address>
         <run_address>0x17693</run_address>
         <size>0x1a8</size>
         <input_file_ref idref="fl-d3"/>
      </object_component>
      <object_component id="oc-28a">
         <name>.debug_info</name>
         <load_address>0x1783b</load_address>
         <run_address>0x1783b</run_address>
         <size>0x210</size>
         <input_file_ref idref="fl-d3"/>
      </object_component>
      <object_component id="oc-1e8">
         <name>.debug_info</name>
         <load_address>0x17a4b</load_address>
         <run_address>0x17a4b</run_address>
         <size>0x3b0</size>
         <input_file_ref idref="fl-d3"/>
      </object_component>
      <object_component id="oc-291">
         <name>.debug_info</name>
         <load_address>0x17dfb</load_address>
         <run_address>0x17dfb</run_address>
         <size>0x2fa</size>
         <input_file_ref idref="fl-d3"/>
      </object_component>
      <object_component id="oc-297">
         <name>.debug_info</name>
         <load_address>0x180f5</load_address>
         <run_address>0x180f5</run_address>
         <size>0x20a</size>
         <input_file_ref idref="fl-d3"/>
      </object_component>
      <object_component id="oc-1ee">
         <name>.debug_info</name>
         <load_address>0x182ff</load_address>
         <run_address>0x182ff</run_address>
         <size>0x20a</size>
         <input_file_ref idref="fl-d3"/>
      </object_component>
      <object_component id="oc-1f4">
         <name>.debug_info</name>
         <load_address>0x18509</load_address>
         <run_address>0x18509</run_address>
         <size>0x2f9</size>
         <input_file_ref idref="fl-d3"/>
      </object_component>
      <object_component id="oc-1fa">
         <name>.debug_info</name>
         <load_address>0x18802</load_address>
         <run_address>0x18802</run_address>
         <size>0x4a5</size>
         <input_file_ref idref="fl-d3"/>
      </object_component>
      <object_component id="oc-16d">
         <name>.debug_info</name>
         <load_address>0x18ca7</load_address>
         <run_address>0x18ca7</run_address>
         <size>0x5cd</size>
         <input_file_ref idref="fl-d3"/>
      </object_component>
      <object_component id="oc-213">
         <name>.debug_info</name>
         <load_address>0x19274</load_address>
         <run_address>0x19274</run_address>
         <size>0x86</size>
         <input_file_ref idref="fl-d3"/>
      </object_component>
      <object_component id="oc-2c6">
         <name>.debug_info</name>
         <load_address>0x192fa</load_address>
         <run_address>0x192fa</run_address>
         <size>0x39</size>
         <input_file_ref idref="fl-d3"/>
      </object_component>
      <object_component id="oc-31d">
         <name>.debug_info</name>
         <load_address>0x19333</load_address>
         <run_address>0x19333</run_address>
         <size>0xb6</size>
         <input_file_ref idref="fl-d3"/>
      </object_component>
      <object_component id="oc-2cb">
         <name>.debug_info</name>
         <load_address>0x193e9</load_address>
         <run_address>0x193e9</run_address>
         <size>0x46</size>
         <input_file_ref idref="fl-d3"/>
      </object_component>
      <object_component id="oc-218">
         <name>.debug_info</name>
         <load_address>0x1942f</load_address>
         <run_address>0x1942f</run_address>
         <size>0x46</size>
         <input_file_ref idref="fl-d3"/>
      </object_component>
      <object_component id="oc-257">
         <name>.debug_info</name>
         <load_address>0x19475</load_address>
         <run_address>0x19475</run_address>
         <size>0x2ae</size>
         <input_file_ref idref="fl-d4"/>
      </object_component>
      <object_component id="oc-1d7">
         <name>.debug_info</name>
         <load_address>0x19723</load_address>
         <run_address>0x19723</run_address>
         <size>0x171</size>
         <input_file_ref idref="fl-d4"/>
      </object_component>
      <object_component id="oc-2ea">
         <name>.debug_info</name>
         <load_address>0x19894</load_address>
         <run_address>0x19894</run_address>
         <size>0xee</size>
         <input_file_ref idref="fl-d5"/>
      </object_component>
      <object_component id="oc-254">
         <name>.debug_info</name>
         <load_address>0x19982</load_address>
         <run_address>0x19982</run_address>
         <size>0xfa</size>
         <input_file_ref idref="fl-d5"/>
      </object_component>
      <object_component id="oc-2f8">
         <name>.debug_info</name>
         <load_address>0x19a7c</load_address>
         <run_address>0x19a7c</run_address>
         <size>0x290</size>
         <input_file_ref idref="fl-d6"/>
      </object_component>
      <object_component id="oc-276">
         <name>.debug_info</name>
         <load_address>0x19d0c</load_address>
         <run_address>0x19d0c</run_address>
         <size>0x1c2</size>
         <input_file_ref idref="fl-d6"/>
      </object_component>
      <object_component id="oc-2b2">
         <name>.debug_info</name>
         <load_address>0x19ece</load_address>
         <run_address>0x19ece</run_address>
         <size>0x28b</size>
         <input_file_ref idref="fl-d7"/>
      </object_component>
      <object_component id="oc-200">
         <name>.debug_info</name>
         <load_address>0x1a159</load_address>
         <run_address>0x1a159</run_address>
         <size>0x1ab</size>
         <input_file_ref idref="fl-d7"/>
      </object_component>
      <object_component id="oc-30f">
         <name>.debug_info</name>
         <load_address>0x1a304</load_address>
         <run_address>0x1a304</run_address>
         <size>0x28f</size>
         <input_file_ref idref="fl-d8"/>
      </object_component>
      <object_component id="oc-2ab">
         <name>.debug_info</name>
         <load_address>0x1a593</load_address>
         <run_address>0x1a593</run_address>
         <size>0x247</size>
         <input_file_ref idref="fl-d8"/>
      </object_component>
      <object_component id="oc-252">
         <name>.debug_info</name>
         <load_address>0x1a7da</load_address>
         <run_address>0x1a7da</run_address>
         <size>0x284</size>
         <input_file_ref idref="fl-d9"/>
      </object_component>
      <object_component id="oc-1d1">
         <name>.debug_info</name>
         <load_address>0x1aa5e</load_address>
         <run_address>0x1aa5e</run_address>
         <size>0x22a</size>
         <input_file_ref idref="fl-d9"/>
      </object_component>
      <object_component id="oc-300">
         <name>.debug_info</name>
         <load_address>0x1ac88</load_address>
         <run_address>0x1ac88</run_address>
         <size>0x28f</size>
         <input_file_ref idref="fl-da"/>
      </object_component>
      <object_component id="oc-29f">
         <name>.debug_info</name>
         <load_address>0x1af17</load_address>
         <run_address>0x1af17</run_address>
         <size>0x18a</size>
         <input_file_ref idref="fl-da"/>
      </object_component>
      <object_component id="oc-329">
         <name>.debug_info</name>
         <load_address>0x1b0a1</load_address>
         <run_address>0x1b0a1</run_address>
         <size>0x39</size>
         <input_file_ref idref="fl-da"/>
      </object_component>
      <object_component id="oc-301">
         <name>.debug_info</name>
         <load_address>0x1b0da</load_address>
         <run_address>0x1b0da</run_address>
         <size>0x2c</size>
         <input_file_ref idref="fl-da"/>
      </object_component>
      <object_component id="oc-30d">
         <name>.debug_info</name>
         <load_address>0x1b106</load_address>
         <run_address>0x1b106</run_address>
         <size>0x2f2</size>
         <input_file_ref idref="fl-db"/>
      </object_component>
      <object_component id="oc-2a6">
         <name>.debug_info</name>
         <load_address>0x1b3f8</load_address>
         <run_address>0x1b3f8</run_address>
         <size>0x21a</size>
         <input_file_ref idref="fl-db"/>
      </object_component>
      <object_component id="oc-307">
         <name>.debug_info</name>
         <load_address>0x1b612</load_address>
         <run_address>0x1b612</run_address>
         <size>0x156</size>
         <input_file_ref idref="fl-dc"/>
      </object_component>
      <object_component id="oc-2b9">
         <name>.debug_info</name>
         <load_address>0x1b768</load_address>
         <run_address>0x1b768</run_address>
         <size>0x284</size>
         <input_file_ref idref="fl-dd"/>
      </object_component>
      <object_component id="oc-206">
         <name>.debug_info</name>
         <load_address>0x1b9ec</load_address>
         <run_address>0x1b9ec</run_address>
         <size>0x14f</size>
         <input_file_ref idref="fl-dd"/>
      </object_component>
      <object_component id="oc-312">
         <name>.debug_info</name>
         <load_address>0x1bb3b</load_address>
         <run_address>0x1bb3b</run_address>
         <size>0x46</size>
         <input_file_ref idref="fl-dd"/>
      </object_component>
      <object_component id="oc-2b4">
         <name>.debug_info</name>
         <load_address>0x1bb81</load_address>
         <run_address>0x1bb81</run_address>
         <size>0x39</size>
         <input_file_ref idref="fl-dd"/>
      </object_component>
      <object_component id="oc-280">
         <name>.debug_info</name>
         <load_address>0x1bbba</load_address>
         <run_address>0x1bbba</run_address>
         <size>0x144</size>
         <input_file_ref idref="fl-de"/>
      </object_component>
      <object_component id="oc-1e4">
         <name>.debug_info</name>
         <load_address>0x1bcfe</load_address>
         <run_address>0x1bcfe</run_address>
         <size>0x120</size>
         <input_file_ref idref="fl-df"/>
      </object_component>
      <object_component id="oc-26a">
         <name>.debug_info</name>
         <load_address>0x1be1e</load_address>
         <run_address>0x1be1e</run_address>
         <size>0x122</size>
         <input_file_ref idref="fl-df"/>
      </object_component>
      <object_component id="oc-267">
         <name>.debug_info</name>
         <load_address>0x1bf40</load_address>
         <run_address>0x1bf40</run_address>
         <size>0x132</size>
         <input_file_ref idref="fl-e0"/>
      </object_component>
      <object_component id="oc-262">
         <name>.debug_info</name>
         <load_address>0x1c072</load_address>
         <run_address>0x1c072</run_address>
         <size>0x132</size>
         <input_file_ref idref="fl-e1"/>
      </object_component>
      <object_component id="oc-26f">
         <name>.debug_info</name>
         <load_address>0x1c1a4</load_address>
         <run_address>0x1c1a4</run_address>
         <size>0x126</size>
         <input_file_ref idref="fl-e2"/>
      </object_component>
      <object_component id="oc-27a">
         <name>.debug_info</name>
         <load_address>0x1c2ca</load_address>
         <run_address>0x1c2ca</run_address>
         <size>0x124</size>
         <input_file_ref idref="fl-e3"/>
      </object_component>
      <object_component id="oc-259">
         <name>.debug_info</name>
         <load_address>0x1c3ee</load_address>
         <run_address>0x1c3ee</run_address>
         <size>0x12c</size>
         <input_file_ref idref="fl-e4"/>
      </object_component>
      <object_component id="oc-2be">
         <name>.debug_info</name>
         <load_address>0x1c51a</load_address>
         <run_address>0x1c51a</run_address>
         <size>0x27e</size>
         <input_file_ref idref="fl-e5"/>
      </object_component>
      <object_component id="oc-2bb">
         <name>.debug_info</name>
         <load_address>0x1c798</load_address>
         <run_address>0x1c798</run_address>
         <size>0x103</size>
         <input_file_ref idref="fl-e5"/>
      </object_component>
      <object_component id="oc-20d">
         <name>.debug_info</name>
         <load_address>0x1c89b</load_address>
         <run_address>0x1c89b</run_address>
         <size>0x143</size>
         <input_file_ref idref="fl-e5"/>
      </object_component>
      <object_component id="oc-2ef">
         <name>.debug_info</name>
         <load_address>0x1c9de</load_address>
         <run_address>0x1c9de</run_address>
         <size>0x10d</size>
         <input_file_ref idref="fl-e6"/>
      </object_component>
      <object_component id="oc-365">
         <name>.debug_info</name>
         <load_address>0x1caeb</load_address>
         <run_address>0x1caeb</run_address>
         <size>0x83</size>
      </object_component>
      <object_component id="oc-222">
         <name>.debug_line</name>
         <load_address>0x0</load_address>
         <run_address>0x0</run_address>
         <size>0x20</size>
         <input_file_ref idref="fl-2"/>
      </object_component>
      <object_component id="oc-13b">
         <name>.debug_line</name>
         <load_address>0x20</load_address>
         <run_address>0x20</run_address>
         <size>0x32</size>
         <input_file_ref idref="fl-2"/>
      </object_component>
      <object_component id="oc-6e">
         <name>.debug_line</name>
         <load_address>0x52</load_address>
         <run_address>0x52</run_address>
         <size>0xea</size>
         <input_file_ref idref="fl-2"/>
      </object_component>
      <object_component id="oc-e6">
         <name>.debug_line</name>
         <load_address>0x13c</load_address>
         <run_address>0x13c</run_address>
         <size>0x69</size>
         <input_file_ref idref="fl-2"/>
      </object_component>
      <object_component id="oc-14d">
         <name>.debug_line</name>
         <load_address>0x1a5</load_address>
         <run_address>0x1a5</run_address>
         <size>0x55</size>
         <input_file_ref idref="fl-2"/>
      </object_component>
      <object_component id="oc-148">
         <name>.debug_line</name>
         <load_address>0x1fa</load_address>
         <run_address>0x1fa</run_address>
         <size>0x52</size>
         <input_file_ref idref="fl-2"/>
      </object_component>
      <object_component id="oc-32">
         <name>.debug_line</name>
         <load_address>0x24c</load_address>
         <run_address>0x24c</run_address>
         <size>0x20</size>
         <input_file_ref idref="fl-2"/>
      </object_component>
      <object_component id="oc-13f">
         <name>.debug_line</name>
         <load_address>0x26c</load_address>
         <run_address>0x26c</run_address>
         <size>0x6d</size>
         <input_file_ref idref="fl-2"/>
      </object_component>
      <object_component id="oc-bc">
         <name>.debug_line</name>
         <load_address>0x2d9</load_address>
         <run_address>0x2d9</run_address>
         <size>0x6a</size>
         <input_file_ref idref="fl-2"/>
      </object_component>
      <object_component id="oc-183">
         <name>.debug_line</name>
         <load_address>0x343</load_address>
         <run_address>0x343</run_address>
         <size>0x65</size>
         <input_file_ref idref="fl-2"/>
      </object_component>
      <object_component id="oc-144">
         <name>.debug_line</name>
         <load_address>0x3a8</load_address>
         <run_address>0x3a8</run_address>
         <size>0x3e</size>
         <input_file_ref idref="fl-3"/>
      </object_component>
      <object_component id="oc-142">
         <name>.debug_line</name>
         <load_address>0x3e6</load_address>
         <run_address>0x3e6</run_address>
         <size>0x2f</size>
         <input_file_ref idref="fl-3"/>
      </object_component>
      <object_component id="oc-74">
         <name>.debug_line</name>
         <load_address>0x415</load_address>
         <run_address>0x415</run_address>
         <size>0x15c</size>
         <input_file_ref idref="fl-3"/>
      </object_component>
      <object_component id="oc-c5">
         <name>.debug_line</name>
         <load_address>0x571</load_address>
         <run_address>0x571</run_address>
         <size>0x3b</size>
         <input_file_ref idref="fl-3"/>
      </object_component>
      <object_component id="oc-188">
         <name>.debug_line</name>
         <load_address>0x5ac</load_address>
         <run_address>0x5ac</run_address>
         <size>0xa3</size>
         <input_file_ref idref="fl-5"/>
      </object_component>
      <object_component id="oc-186">
         <name>.debug_line</name>
         <load_address>0x64f</load_address>
         <run_address>0x64f</run_address>
         <size>0x2d</size>
         <input_file_ref idref="fl-5"/>
      </object_component>
      <object_component id="oc-7a">
         <name>.debug_line</name>
         <load_address>0x67c</load_address>
         <run_address>0x67c</run_address>
         <size>0x1eb</size>
         <input_file_ref idref="fl-5"/>
      </object_component>
      <object_component id="oc-e2">
         <name>.debug_line</name>
         <load_address>0x867</load_address>
         <run_address>0x867</run_address>
         <size>0x40</size>
         <input_file_ref idref="fl-6"/>
      </object_component>
      <object_component id="oc-7d">
         <name>.debug_line</name>
         <load_address>0x8a7</load_address>
         <run_address>0x8a7</run_address>
         <size>0x40</size>
         <input_file_ref idref="fl-6"/>
      </object_component>
      <object_component id="oc-68">
         <name>.debug_line</name>
         <load_address>0x8e7</load_address>
         <run_address>0x8e7</run_address>
         <size>0x71</size>
         <input_file_ref idref="fl-6"/>
      </object_component>
      <object_component id="oc-1ab">
         <name>.debug_line</name>
         <load_address>0x958</load_address>
         <run_address>0x958</run_address>
         <size>0x3b</size>
         <input_file_ref idref="fl-7"/>
      </object_component>
      <object_component id="oc-b2">
         <name>.debug_line</name>
         <load_address>0x993</load_address>
         <run_address>0x993</run_address>
         <size>0x159</size>
         <input_file_ref idref="fl-7"/>
      </object_component>
      <object_component id="oc-2e0">
         <name>.debug_line</name>
         <load_address>0xaec</load_address>
         <run_address>0xaec</run_address>
         <size>0x20</size>
         <input_file_ref idref="fl-d"/>
      </object_component>
      <object_component id="oc-d2">
         <name>.debug_line</name>
         <load_address>0xb0c</load_address>
         <run_address>0xb0c</run_address>
         <size>0x75</size>
         <input_file_ref idref="fl-d"/>
      </object_component>
      <object_component id="oc-2e4">
         <name>.debug_line</name>
         <load_address>0xb81</load_address>
         <run_address>0xb81</run_address>
         <size>0x52</size>
         <input_file_ref idref="fl-d"/>
      </object_component>
      <object_component id="oc-1ce">
         <name>.debug_line</name>
         <load_address>0xbd3</load_address>
         <run_address>0xbd3</run_address>
         <size>0x55</size>
         <input_file_ref idref="fl-d"/>
      </object_component>
      <object_component id="oc-168">
         <name>.debug_line</name>
         <load_address>0xc28</load_address>
         <run_address>0xc28</run_address>
         <size>0x65</size>
         <input_file_ref idref="fl-d"/>
      </object_component>
      <object_component id="oc-1c5">
         <name>.debug_line</name>
         <load_address>0xc8d</load_address>
         <run_address>0xc8d</run_address>
         <size>0x41</size>
         <input_file_ref idref="fl-e"/>
      </object_component>
      <object_component id="oc-1ae">
         <name>.debug_line</name>
         <load_address>0xcce</load_address>
         <run_address>0xcce</run_address>
         <size>0x2c</size>
         <input_file_ref idref="fl-e"/>
      </object_component>
      <object_component id="oc-1c1">
         <name>.debug_line</name>
         <load_address>0xcfa</load_address>
         <run_address>0xcfa</run_address>
         <size>0x2c</size>
         <input_file_ref idref="fl-e"/>
      </object_component>
      <object_component id="oc-1c3">
         <name>.debug_line</name>
         <load_address>0xd26</load_address>
         <run_address>0xd26</run_address>
         <size>0x2c</size>
         <input_file_ref idref="fl-e"/>
      </object_component>
      <object_component id="oc-cd">
         <name>.debug_line</name>
         <load_address>0xd52</load_address>
         <run_address>0xd52</run_address>
         <size>0x3fd</size>
         <input_file_ref idref="fl-e"/>
      </object_component>
      <object_component id="oc-1c9">
         <name>.debug_line</name>
         <load_address>0x114f</load_address>
         <run_address>0x114f</run_address>
         <size>0x52</size>
         <input_file_ref idref="fl-e"/>
      </object_component>
      <object_component id="oc-153">
         <name>.debug_line</name>
         <load_address>0x11a1</load_address>
         <run_address>0x11a1</run_address>
         <size>0xb5</size>
         <input_file_ref idref="fl-f"/>
      </object_component>
      <object_component id="oc-24f">
         <name>.debug_line</name>
         <load_address>0x1256</load_address>
         <run_address>0x1256</run_address>
         <size>0x41</size>
         <input_file_ref idref="fl-10"/>
      </object_component>
      <object_component id="oc-247">
         <name>.debug_line</name>
         <load_address>0x1297</load_address>
         <run_address>0x1297</run_address>
         <size>0x2e</size>
         <input_file_ref idref="fl-10"/>
      </object_component>
      <object_component id="oc-24b">
         <name>.debug_line</name>
         <load_address>0x12c5</load_address>
         <run_address>0x12c5</run_address>
         <size>0x2e</size>
         <input_file_ref idref="fl-10"/>
      </object_component>
      <object_component id="oc-249">
         <name>.debug_line</name>
         <load_address>0x12f3</load_address>
         <run_address>0x12f3</run_address>
         <size>0x2e</size>
         <input_file_ref idref="fl-10"/>
      </object_component>
      <object_component id="oc-245">
         <name>.debug_line</name>
         <load_address>0x1321</load_address>
         <run_address>0x1321</run_address>
         <size>0x31</size>
         <input_file_ref idref="fl-10"/>
      </object_component>
      <object_component id="oc-24d">
         <name>.debug_line</name>
         <load_address>0x1352</load_address>
         <run_address>0x1352</run_address>
         <size>0x31</size>
         <input_file_ref idref="fl-10"/>
      </object_component>
      <object_component id="oc-15a">
         <name>.debug_line</name>
         <load_address>0x1383</load_address>
         <run_address>0x1383</run_address>
         <size>0x629</size>
         <input_file_ref idref="fl-10"/>
      </object_component>
      <object_component id="oc-35">
         <name>.debug_line</name>
         <load_address>0x19ac</load_address>
         <run_address>0x19ac</run_address>
         <size>0x88</size>
         <input_file_ref idref="fl-c6"/>
      </object_component>
      <object_component id="oc-f5">
         <name>.debug_line</name>
         <load_address>0x1a34</load_address>
         <run_address>0x1a34</run_address>
         <size>0x9e</size>
         <input_file_ref idref="fl-c7"/>
      </object_component>
      <object_component id="oc-47">
         <name>.debug_line</name>
         <load_address>0x1ad2</load_address>
         <run_address>0x1ad2</run_address>
         <size>0x4f</size>
         <input_file_ref idref="fl-c7"/>
      </object_component>
      <object_component id="oc-93">
         <name>.debug_line</name>
         <load_address>0x1b21</load_address>
         <run_address>0x1b21</run_address>
         <size>0x34</size>
         <input_file_ref idref="fl-c7"/>
      </object_component>
      <object_component id="oc-f2">
         <name>.debug_line</name>
         <load_address>0x1b55</load_address>
         <run_address>0x1b55</run_address>
         <size>0x8a</size>
         <input_file_ref idref="fl-c7"/>
      </object_component>
      <object_component id="oc-8e">
         <name>.debug_line</name>
         <load_address>0x1bdf</load_address>
         <run_address>0x1bdf</run_address>
         <size>0x20</size>
         <input_file_ref idref="fl-c8"/>
      </object_component>
      <object_component id="oc-1e">
         <name>.debug_line</name>
         <load_address>0x1bff</load_address>
         <run_address>0x1bff</run_address>
         <size>0x55</size>
         <input_file_ref idref="fl-c8"/>
      </object_component>
      <object_component id="oc-3d">
         <name>.debug_line</name>
         <load_address>0x1c54</load_address>
         <run_address>0x1c54</run_address>
         <size>0x3a</size>
         <input_file_ref idref="fl-c8"/>
      </object_component>
      <object_component id="oc-8b">
         <name>.debug_line</name>
         <load_address>0x1c8e</load_address>
         <run_address>0x1c8e</run_address>
         <size>0x8a</size>
         <input_file_ref idref="fl-c8"/>
      </object_component>
      <object_component id="oc-ee">
         <name>.debug_line</name>
         <load_address>0x1d18</load_address>
         <run_address>0x1d18</run_address>
         <size>0x20</size>
         <input_file_ref idref="fl-c9"/>
      </object_component>
      <object_component id="oc-15">
         <name>.debug_line</name>
         <load_address>0x1d38</load_address>
         <run_address>0x1d38</run_address>
         <size>0xa9</size>
         <input_file_ref idref="fl-c9"/>
      </object_component>
      <object_component id="oc-2d">
         <name>.debug_line</name>
         <load_address>0x1de1</load_address>
         <run_address>0x1de1</run_address>
         <size>0x3a</size>
         <input_file_ref idref="fl-c9"/>
      </object_component>
      <object_component id="oc-eb">
         <name>.debug_line</name>
         <load_address>0x1e1b</load_address>
         <run_address>0x1e1b</run_address>
         <size>0x92</size>
         <input_file_ref idref="fl-c9"/>
      </object_component>
      <object_component id="oc-84">
         <name>.debug_line</name>
         <load_address>0x1ead</load_address>
         <run_address>0x1ead</run_address>
         <size>0x8e</size>
         <input_file_ref idref="fl-c9"/>
      </object_component>
      <object_component id="oc-80">
         <name>.debug_line</name>
         <load_address>0x1f3b</load_address>
         <run_address>0x1f3b</run_address>
         <size>0x33</size>
         <input_file_ref idref="fl-ca"/>
      </object_component>
      <object_component id="oc-56">
         <name>.debug_line</name>
         <load_address>0x1f6e</load_address>
         <run_address>0x1f6e</run_address>
         <size>0x56</size>
         <input_file_ref idref="fl-ca"/>
      </object_component>
      <object_component id="oc-fc">
         <name>.debug_line</name>
         <load_address>0x1fc4</load_address>
         <run_address>0x1fc4</run_address>
         <size>0x3c</size>
         <input_file_ref idref="fl-cb"/>
      </object_component>
      <object_component id="oc-220">
         <name>.debug_line</name>
         <load_address>0x2000</load_address>
         <run_address>0x2000</run_address>
         <size>0x2d</size>
         <input_file_ref idref="fl-ce"/>
      </object_component>
      <object_component id="oc-d8">
         <name>.debug_line</name>
         <load_address>0x202d</load_address>
         <run_address>0x202d</run_address>
         <size>0x4b</size>
         <input_file_ref idref="fl-ce"/>
      </object_component>
      <object_component id="oc-176">
         <name>.debug_line</name>
         <load_address>0x2078</load_address>
         <run_address>0x2078</run_address>
         <size>0x4b</size>
         <input_file_ref idref="fl-ce"/>
      </object_component>
      <object_component id="oc-17c">
         <name>.debug_line</name>
         <load_address>0x20c3</load_address>
         <run_address>0x20c3</run_address>
         <size>0x3f</size>
         <input_file_ref idref="fl-ce"/>
      </object_component>
      <object_component id="oc-2c4">
         <name>.debug_line</name>
         <load_address>0x2102</load_address>
         <run_address>0x2102</run_address>
         <size>0x89</size>
         <input_file_ref idref="fl-ce"/>
      </object_component>
      <object_component id="oc-97">
         <name>.debug_line</name>
         <load_address>0x218b</load_address>
         <run_address>0x218b</run_address>
         <size>0x79</size>
         <input_file_ref idref="fl-cf"/>
      </object_component>
      <object_component id="oc-232">
         <name>.debug_line</name>
         <load_address>0x2204</load_address>
         <run_address>0x2204</run_address>
         <size>0xb7</size>
         <input_file_ref idref="fl-d0"/>
      </object_component>
      <object_component id="oc-108">
         <name>.debug_line</name>
         <load_address>0x22bb</load_address>
         <run_address>0x22bb</run_address>
         <size>0x6c</size>
         <input_file_ref idref="fl-d0"/>
      </object_component>
      <object_component id="oc-236">
         <name>.debug_line</name>
         <load_address>0x2327</load_address>
         <run_address>0x2327</run_address>
         <size>0x2e</size>
         <input_file_ref idref="fl-d0"/>
      </object_component>
      <object_component id="oc-2d6">
         <name>.debug_line</name>
         <load_address>0x2355</load_address>
         <run_address>0x2355</run_address>
         <size>0x92</size>
         <input_file_ref idref="fl-d0"/>
      </object_component>
      <object_component id="oc-23b">
         <name>.debug_line</name>
         <load_address>0x23e7</load_address>
         <run_address>0x23e7</run_address>
         <size>0x8f</size>
         <input_file_ref idref="fl-d0"/>
      </object_component>
      <object_component id="oc-240">
         <name>.debug_line</name>
         <load_address>0x2476</load_address>
         <run_address>0x2476</run_address>
         <size>0x8b</size>
         <input_file_ref idref="fl-d0"/>
      </object_component>
      <object_component id="oc-a0">
         <name>.debug_line</name>
         <load_address>0x2501</load_address>
         <run_address>0x2501</run_address>
         <size>0x40</size>
         <input_file_ref idref="fl-d1"/>
      </object_component>
      <object_component id="oc-2c0">
         <name>.debug_line</name>
         <load_address>0x2541</load_address>
         <run_address>0x2541</run_address>
         <size>0x30e</size>
         <input_file_ref idref="fl-d3"/>
      </object_component>
      <object_component id="oc-1e0">
         <name>.debug_line</name>
         <load_address>0x284f</load_address>
         <run_address>0x284f</run_address>
         <size>0x7a</size>
         <input_file_ref idref="fl-d3"/>
      </object_component>
      <object_component id="oc-287">
         <name>.debug_line</name>
         <load_address>0x28c9</load_address>
         <run_address>0x28c9</run_address>
         <size>0x51</size>
         <input_file_ref idref="fl-d3"/>
      </object_component>
      <object_component id="oc-28d">
         <name>.debug_line</name>
         <load_address>0x291a</load_address>
         <run_address>0x291a</run_address>
         <size>0x88</size>
         <input_file_ref idref="fl-d3"/>
      </object_component>
      <object_component id="oc-1eb">
         <name>.debug_line</name>
         <load_address>0x29a2</load_address>
         <run_address>0x29a2</run_address>
         <size>0x14d</size>
         <input_file_ref idref="fl-d3"/>
      </object_component>
      <object_component id="oc-294">
         <name>.debug_line</name>
         <load_address>0x2aef</load_address>
         <run_address>0x2aef</run_address>
         <size>0xe9</size>
         <input_file_ref idref="fl-d3"/>
      </object_component>
      <object_component id="oc-29a">
         <name>.debug_line</name>
         <load_address>0x2bd8</load_address>
         <run_address>0x2bd8</run_address>
         <size>0x5d</size>
         <input_file_ref idref="fl-d3"/>
      </object_component>
      <object_component id="oc-1f1">
         <name>.debug_line</name>
         <load_address>0x2c35</load_address>
         <run_address>0x2c35</run_address>
         <size>0x5c</size>
[...]
      </symbol>
      <symbol id="sm-230">
         <name>halLcdDrawImageLut</name>
         <value>0x23cd</value>
         <object_component_ref idref="oc-c8"/>
      </symbol>
      <symbol id="sm-231">
         <name>Color_Texto_Inv</name>
         <value>0x20000418</value>
         <object_component_ref idref="oc-155"/>
      </symbol>
      <symbol id="sm-232">
         <name>setArea</name>
         <value>0x1cad</value>
         <object_component_ref idref="oc-c8"/>
      </symbol>
      <symbol id="sm-233">
         <name>Color_Fondo</name>
         <value>0x20000412</value>
         <object_component_ref idref="oc-155"/>
      </symbol>
      <symbol id="sm-234">
         <name>getLinea</name>
         <value>0x1b97</value>
         <object_component_ref idref="oc-c8"/>
      </symbol>
      <symbol id="sm-235">
         <name>initLCD</name>
         <value>0x1e0d</value>
         <object_component_ref idref="oc-c8"/>
      </symbol>
      <symbol id="sm-254">
         <name>writeData</name>
         <value>0x344d</value>
         <object_component_ref idref="oc-14f"/>
      </symbol>
      <symbol id="sm-255">
         <name>writeCommand</name>
         <value>0x3473</value>
         <object_component_ref idref="oc-14f"/>
      </symbol>
      <symbol id="sm-256">
         <name>delay</name>
         <value>0x3499</value>
         <object_component_ref idref="oc-14f"/>
      </symbol>
      <symbol id="sm-257">
         <name>init_spi_lcd_tactil</name>
         <value>0x3375</value>
         <object_component_ref idref="oc-14f"/>
      </symbol>
      <symbol id="sm-322">
         <name>drawCharLgBkg</name>
         <value>0x5c9</value>
         <object_component_ref idref="oc-158"/>
      </symbol>
      <symbol id="sm-323">
         <name>drawPixel</name>
         <value>0x237</value>
         <object_component_ref idref="oc-158"/>
      </symbol>
      <symbol id="sm-324">
         <name>drawImageMono</name>
         <value>0x9e3</value>
         <object_component_ref idref="oc-158"/>
      </symbol>
      <symbol id="sm-325">
         <name>setColor</name>
         <value>0xe5</value>
         <object_component_ref idref="oc-158"/>
      </symbol>
      <symbol id="sm-326">
         <name>bgColorHighByte</name>
         <value>0x20000421</value>
         <object_component_ref idref="oc-1af"/>
      </symbol>
      <symbol id="sm-327">
         <name>drawCircle</name>
         <value>0xd9b</value>
         <object_component_ref idref="oc-158"/>
      </symbol>
      <symbol id="sm-328">
         <name>drawImageLut</name>
         <value>0x8d5</value>
         <object_component_ref idref="oc-158"/>
      </symbol>
      <symbol id="sm-329">
         <name>drawImage</name>
         <value>0x8bd</value>
         <object_component_ref idref="oc-158"/>
      </symbol>
      <symbol id="sm-32a">
         <name>font_11x16</name>
         <value>0x4400</value>
         <object_component_ref idref="oc-1b5"/>
      </symbol>
      <symbol id="sm-32b">
         <name>drawLine</name>
         <value>0xb41</value>
         <object_component_ref idref="oc-158"/>
      </symbol>
      <symbol id="sm-32c">
         <name>font_8x12</name>
         <value>0x4c2a</value>
         <object_component_ref idref="oc-1b8"/>
      </symbol>
      <symbol id="sm-32d">
         <name>drawCharMd</name>
         <value>0x6ad</value>
         <object_component_ref idref="oc-158"/>
      </symbol>
      <symbol id="sm-32e">
         <name>drawCharSmBkg</name>
         <value>0x447</value>
         <object_component_ref idref="oc-158"/>
      </symbol>
      <symbol id="sm-32f">
         <name>drawCharLg</name>
         <value>0x521</value>
         <object_component_ref idref="oc-158"/>
      </symbol>
      <symbol id="sm-330">
         <name>drawCharSm</name>
         <value>0x3a1</value>
         <object_component_ref idref="oc-158"/>
      </symbol>
      <symbol id="sm-331">
         <name>drawLogicLine</name>
         <value>0xa01</value>
         <object_component_ref idref="oc-158"/>
      </symbol>
      <symbol id="sm-332">
         <name>setBackgroundColor</name>
         <value>0x103</value>
         <object_component_ref idref="oc-158"/>
      </symbol>
      <symbol id="sm-333">
         <name>clearScreenBkg</name>
         <value>0x1af</value>
         <object_component_ref idref="oc-158"/>
      </symbol>
      <symbol id="sm-334">
         <name>fillCircle</name>
         <value>0xfb9</value>
         <object_component_ref idref="oc-158"/>
      </symbol>
      <symbol id="sm-335">
         <name>fillRect</name>
         <value>0xf1b</value>
         <object_component_ref idref="oc-158"/>
      </symbol>
      <symbol id="sm-336">
         <name>drawString</name>
         <value>0x267</value>
         <object_component_ref idref="oc-158"/>
      </symbol>
      <symbol id="sm-337">
         <name>clearScreen</name>
         <value>0x121</value>
         <object_component_ref idref="oc-158"/>
      </symbol>
      <symbol id="sm-338">
         <name>colorLowByte</name>
         <value>0x2000041e</value>
         <object_component_ref idref="oc-1af"/>
      </symbol>
      <symbol id="sm-339">
         <name>drawCharMdBkg</name>
         <value>0x75b</value>
         <object_component_ref idref="oc-158"/>
      </symbol>
      <symbol id="sm-33a">
         <name>font_5x7</name>
         <value>0x509e</value>
         <object_component_ref idref="oc-1b2"/>
      </symbol>
      <symbol id="sm-33b">
         <name>drawRect</name>
         <value>0xd37</value>
         <object_component_ref idref="oc-158"/>
      </symbol>
      <symbol id="sm-33c">
         <name>colorHighByte</name>
         <value>0x2000041f</value>
         <object_component_ref idref="oc-1af"/>
      </symbol>
      <symbol id="sm-33d">
         <name>bgColorLowByte</name>
         <value>0x20000420</value>
         <object_component_ref idref="oc-1af"/>
      </symbol>
      <symbol id="sm-358">
         <name>memcpy</name>
         <value>0x3c13</value>
         <object_component_ref idref="oc-34"/>
      </symbol>
      <symbol id="sm-359">
         <name>__aeabi_memcpy</name>
         <value>0x3c13</value>
         <object_component_ref idref="oc-34"/>
      </symbol>
      <symbol id="sm-35a">
         <name>__aeabi_memcpy8</name>
         <value>0x3c13</value>
         <object_component_ref idref="oc-34"/>
      </symbol>
      <symbol id="sm-35b">
         <name>__aeabi_memcpy4</name>
         <value>0x3c13</value>
         <object_component_ref idref="oc-34"/>
      </symbol>
      <symbol id="sm-372">
         <name>__TI_zero_init</name>
         <value>0x43db</value>
         <object_component_ref idref="oc-46"/>
      </symbol>
      <symbol id="sm-389">
         <name>__TI_decompress_none</name>
         <value>0x43bf</value>
         <object_component_ref idref="oc-1a"/>
      </symbol>
      <symbol id="sm-3ac">
         <name>__TI_decompress_lzss</name>
         <value>0x3fb3</value>
         <object_component_ref idref="oc-14"/>
      </symbol>
      <symbol id="sm-3bf">
         <name>__stack</name>
         <value>0x2000fe00</value>
         <object_component_ref idref="oc-26"/>
      </symbol>
      <symbol id="sm-3c0">
         <name>_c_int00_noargs</name>
         <value>0x42d5</value>
         <object_component_ref idref="oc-52"/>
      </symbol>
      <symbol id="sm-3cb">
         <name>C$$EXIT</name>
         <value>0x43fd</value>
         <object_component_ref idref="oc-f8"/>
      </symbol>
      <symbol id="sm-3cc">
         <name>abort</name>
         <value>0x43fd</value>
         <object_component_ref idref="oc-f8"/>
      </symbol>
      <symbol id="sm-3f5">
         <name>sprintf</name>
         <value>0x4255</value>
         <object_component_ref idref="oc-d4"/>
      </symbol>
      <symbol id="sm-404">
         <name>__aeabi_memset</name>
         <value>0x3e53</value>
         <object_component_ref idref="oc-96"/>
      </symbol>
      <symbol id="sm-405">
         <name>memset</name>
         <value>0x3e59</value>
         <object_component_ref idref="oc-96"/>
      </symbol>
      <symbol id="sm-406">
         <name>__aeabi_memset8</name>
         <value>0x3e53</value>
         <object_component_ref idref="oc-96"/>
      </symbol>
      <symbol id="sm-407">
         <name>__aeabi_memset4</name>
         <value>0x3e53</value>
         <object_component_ref idref="oc-96"/>
      </symbol>
      <symbol id="sm-408">
         <name>__aeabi_memclr8</name>
         <value>0x3e51</value>
         <object_component_ref idref="oc-96"/>
      </symbol>
      <symbol id="sm-409">
         <name>__aeabi_memclr4</name>
         <value>0x3e51</value>
         <object_component_ref idref="oc-96"/>
      </symbol>
      <symbol id="sm-40a">
         <name>__aeabi_memclr</name>
         <value>0x3e51</value>
         <object_component_ref idref="oc-96"/>
      </symbol>
      <symbol id="sm-432">
         <name>__TI_auto_init_nobinit_nopinit</name>
         <value>0x4211</value>
         <object_component_ref idref="oc-104"/>
      </symbol>
      <symbol id="sm-43c">
         <name>_system_pre_init</name>
         <value>0x43f9</value>
         <object_component_ref idref="oc-9c"/>
      </symbol>
      <symbol id="sm-5a2">
         <name>__TI_printfi</name>
         <value>0x1131</value>
         <object_component_ref idref="oc-16c"/>
      </symbol>
      <symbol id="sm-5b8">
         <name>atoi</name>
         <value>0x417d</value>
         <object_component_ref idref="oc-1d6"/>
      </symbol>
      <symbol id="sm-5c3">
         <name>_ctypes_</name>
         <value>0x527e</value>
         <object_component_ref idref="oc-253"/>
      </symbol>
      <symbol id="sm-5d2">
         <name>ltoa</name>
         <value>0x40d7</value>
         <object_component_ref idref="oc-273"/>
      </symbol>
      <symbol id="sm-5e2">
         <name>memccpy</name>
         <value>0x433b</value>
         <object_component_ref idref="oc-1ff"/>
      </symbol>
      <symbol id="sm-5f2">
         <name>strchr</name>
         <value>0x436f</value>
         <object_component_ref idref="oc-2aa"/>
      </symbol>
      <symbol id="sm-600">
         <name>strlen</name>
         <value>0x4399</value>
         <object_component_ref idref="oc-1d0"/>
      </symbol>
      <symbol id="sm-620">
         <name>frexpl</name>
         <value>0x401d</value>
         <object_component_ref idref="oc-29e"/>
      </symbol>
      <symbol id="sm-621">
         <name>frexp</name>
         <value>0x401d</value>
         <object_component_ref idref="oc-29e"/>
      </symbol>
      <symbol id="sm-63e">
         <name>scalbn</name>
         <value>0x3891</value>
         <object_component_ref idref="oc-2a4"/>
      </symbol>
      <symbol id="sm-63f">
         <name>scalbnl</name>
         <value>0x3891</value>
         <object_component_ref idref="oc-2a4"/>
      </symbol>
      <symbol id="sm-640">
         <name>ldexpl</name>
         <value>0x3891</value>
         <object_component_ref idref="oc-2a4"/>
      </symbol>
      <symbol id="sm-641">
         <name>ldexp</name>
         <value>0x3891</value>
         <object_component_ref idref="oc-2a4"/>
      </symbol>
      <symbol id="sm-64b">
         <name>copysign</name>
         <value>0x4385</value>
         <object_component_ref idref="oc-306"/>
      </symbol>
      <symbol id="sm-64c">
         <name>copysignl</name>
         <value>0x4385</value>
         <object_component_ref idref="oc-306"/>
      </symbol>
      <symbol id="sm-665">
         <name>wcslen</name>
         <value>0x43ad</value>
         <object_component_ref idref="oc-205"/>
      </symbol>
      <symbol id="sm-67c">
         <name>__aeabi_dsub</name>
         <value>0x31bd</value>
         <object_component_ref idref="oc-27e"/>
      </symbol>
      <symbol id="sm-67d">
         <name>__aeabi_dadd</name>
         <value>0x31c7</value>
         <object_component_ref idref="oc-27e"/>
      </symbol>
      <symbol id="sm-69f">
         <name>__aeabi_cdcmpeq</name>
         <value>0x3d45</value>
         <object_component_ref idref="oc-1e2"/>
      </symbol>
      <symbol id="sm-6a0">
         <name>__aeabi_cdcmple</name>
         <value>0x3d45</value>
         <object_component_ref idref="oc-1e2"/>
      </symbol>
      <symbol id="sm-6a1">
         <name>__aeabi_cdrcmple</name>
         <value>0x3dcb</value>
         <object_component_ref idref="oc-269"/>
      </symbol>
      <symbol id="sm-6b5">
         <name>__aeabi_ddiv</name>
         <value>0x3639</value>
         <object_component_ref idref="oc-264"/>
      </symbol>
      <symbol id="sm-6c0">
         <name>__aeabi_dmul</name>
         <value>0x39a1</value>
         <object_component_ref idref="oc-25f"/>
      </symbol>
      <symbol id="sm-6ca">
         <name>__aeabi_d2iz</name>
         <value>0x41c9</value>
         <object_component_ref idref="oc-26e"/>
      </symbol>
      <symbol id="sm-6d4">
         <name>__aeabi_i2d</name>
         <value>0x430d</value>
         <object_component_ref idref="oc-279"/>
      </symbol>
      <symbol id="sm-6e1">
         <name>__aeabi_uldivmod</name>
         <value>0x3caf</value>
         <object_component_ref idref="oc-258"/>
      </symbol>
      <symbol id="sm-6f7">
         <name>__aeabi_errno_addr</name>
         <value>0x43f1</value>
         <object_component_ref idref="oc-20b"/>
      </symbol>
      <symbol id="sm-6f8">
         <name>errno</name>
         <value>0x20000424</value>
         <object_component_ref idref="oc-2ba"/>
      </symbol>
      <symbol id="sm-702">
         <name>__aeabi_idiv0</name>
         <value>0x1b8f</value>
         <object_component_ref idref="oc-2ed"/>
      </symbol>
      <symbol id="sm-703">
         <name>__aeabi_ldiv0</name>
         <value>0x1b8f</value>
         <object_component_ref idref="oc-2ed"/>
      </symbol>
      <symbol id="sm-704">
         <name>__TI_static_base__</name>
         <value>0x0</value>
      </symbol>
      <symbol id="sm-707">
         <name>__mpu_init</name>
         <value>0x0</value>
      </symbol>
      <symbol id="sm-708">
         <name>_system_post_cinit</name>
         <value>0x0</value>
      </symbol>
      <symbol id="sm-709">
         <name>NMI_Handler</name>
         <value>0x43d9</value>
      </symbol>
      <symbol id="sm-70a">
         <name>HardFault_Handler</name>
         <value>0x43d9</value>
      </symbol>
      <symbol id="sm-70b">
         <name>MemManage_Handler</name>
         <value>0x43d9</value>
      </symbol>
      <symbol id="sm-70c">
         <name>BusFault_Handler</name>
         <value>0x43d9</value>
      </symbol>
      <symbol id="sm-70d">
         <name>UsageFault_Handler</name>
         <value>0x43d9</value>
      </symbol>
      <symbol id="sm-70e">
         <name>SVC_Handler</name>
         <value>0x43d9</value>
      </symbol>
      <symbol id="sm-70f">
         <name>DebugMon_Handler</name>
         <value>0x43d9</value>
      </symbol>
      <symbol id="sm-710">
         <name>PendSV_Handler</name>
         <value>0x43d9</value>
      </symbol>
      <symbol id="sm-711">
         <name>SysTick_Handler</name>
         <value>0x43d9</value>
      </symbol>
      <symbol id="sm-712">
         <name>PSS_IRQHandler</name>
         <value>0x43d9</value>
      </symbol>
      <symbol id="sm-713">
         <name>CS_IRQHandler</name>
         <value>0x43d9</value>
      </symbol>
      <symbol id="sm-714">
         <name>PCM_IRQHandler</name>
         <value>0x43d9</value>
      </symbol>
      <symbol id="sm-715">
         <name>WDT_A_IRQHandler</name>
         <value>0x43d9</value>
      </symbol>
      <symbol id="sm-716">
         <name>FPU_IRQHandler</name>
         <value>0x43d9</value>
      </symbol>
      <symbol id="sm-717">
         <name>FLCTL_IRQHandler</name>
         <value>0x43d9</value>
      </symbol>
      <symbol id="sm-718">
         <name>COMP_E0_IRQHandler</name>
         <value>0x43d9</value>
      </symbol>
      <symbol id="sm-719">
         <name>COMP_E1_IRQHandler</name>
         <value>0x43d9</value>
      </symbol>
      <symbol id="sm-71a">
         <name>TA0_0_IRQHandler</name>
         <value>0x43d9</value>
      </symbol>
      <symbol id="sm-71b">
         <name>TA0_N_IRQHandler</name>
         <value>0x43d9</value>
      </symbol>
      <symbol id="sm-71c">
         <name>TA1_0_IRQHandler</name>
         <value>0x3b1b</value>
      </symbol>
      <symbol id="sm-71d">
         <name>TA1_N_IRQHandler</name>
         <value>0x43d9</value>
      </symbol>
      <symbol id="sm-71e">
         <name>TA2_0_IRQHandler</name>
         <value>0x43d9</value>
      </symbol>
      <symbol id="sm-71f">
         <name>TA2_N_IRQHandler</name>
         <value>0x43d9</value>
      </symbol>
      <symbol id="sm-720">
         <name>TA3_0_IRQHandler</name>
         <value>0x43d9</value>
      </symbol>
      <symbol id="sm-721">
         <name>TA3_N_IRQHandler</name>
         <value>0x43d9</value>
      </symbol>
      <symbol id="sm-722">
         <name>EUSCIA0_IRQHandler</name>
         <value>0x43d9</value>
      </symbol>
      <symbol id="sm-723">
         <name>EUSCIA1_IRQHandler</name>
         <value>0x43d9</value>
      </symbol>
      <symbol id="sm-724">
         <name>EUSCIA2_IRQHandler</name>
         <value>0x2d1f</value>
      </symbol>
      <symbol id="sm-725">
         <name>EUSCIA3_IRQHandler</name>
         <value>0x43d9</value>
      </symbol>
      <symbol id="sm-726">
         <name>EUSCIB0_IRQHandler</name>
         <value>0x43d9</value>
      </symbol>
      <symbol id="sm-727">
         <name>EUSCIB1_IRQHandler</name>
         <value>0x43d9</value>
      </symbol>
      <symbol id="sm-728">
         <name>EUSCIB2_IRQHandler</name>
         <value>0x43d9</value>
      </symbol>
      <symbol id="sm-729">
         <name>EUSCIB3_IRQHandler</name>
         <value>0x43d9</value>
      </symbol>
      <symbol id="sm-72a">
         <name>ADC14_IRQHandler</name>
         <value>0x43d9</value>
      </symbol>
      <symbol id="sm-72b">
         <name>T32_INT1_IRQHandler</name>
         <value>0x43d9</value>
      </symbol>
      <symbol id="sm-72c">
         <name>T32_INT2_IRQHandler</name>
         <value>0x43d9</value>
      </symbol>
      <symbol id="sm-72d">
         <name>T32_INTC_IRQHandler</name>
         <value>0x43d9</value>
      </symbol>
      <symbol id="sm-72e">
         <name>AES256_IRQHandler</name>
         <value>0x43d9</value>
      </symbol>
      <symbol id="sm-72f">
         <name>RTC_C_IRQHandler</name>
         <value>0x43d9</value>
      </symbol>
      <symbol id="sm-730">
         <name>DMA_ERR_IRQHandler</name>
         <value>0x43d9</value>
      </symbol>
      <symbol id="sm-731">
         <name>DMA_INT3_IRQHandler</name>
         <value>0x43d9</value>
      </symbol>
      <symbol id="sm-732">
         <name>DMA_INT2_IRQHandler</name>
         <value>0x43d9</value>
      </symbol>
      <symbol id="sm-733">
         <name>DMA_INT1_IRQHandler</name>
         <value>0x43d9</value>
      </symbol>
      <symbol id="sm-734">
         <name>DMA_INT0_IRQHandler</name>
         <value>0x43d9</value>
      </symbol>
      <symbol id="sm-735">
         <name>PORT1_IRQHandler</name>
         <value>0x43d9</value>
      </symbol>
      <symbol id="sm-736">
         <name>PORT2_IRQHandler</name>
         <value>0x43d9</value>
      </symbol>
      <symbol id="sm-737">
         <name>PORT3_IRQHandler</name>
         <value>0x2653</value>
      </symbol>
      <symbol id="sm-738">
         <name>PORT4_IRQHandler</name>
         <value>0x268f</value>
      </symbol>
      <symbol id="sm-739">
         <name>PORT5_IRQHandler</name>
         <value>0x26e3</value>
      </symbol>
      <symbol id="sm-73a">
         <name>PORT6_IRQHandler</name>
         <value>0x43d9</value>
      </symbol>
   </symbol_table>
   <title>Link successful</title>
</link_info>
