******************************************************************************
                  TI ARM Linker PC v18.1.2                     
******************************************************************************
>> Linked Tue Mar  5 10:27:33 2019

OUTPUT FILE NAME:   <P3-TIMERS.out>
ENTRY POINT SYMBOL: "_c_int00_noargs"  address: 00004281


MEMORY CONFIGURATION

         name            origin    length      used     unused   attr    fill
----------------------  --------  ---------  --------  --------  ----  --------
  MAIN                  00000000   00040000  000053b3  0003ac4d  R  X
  INFO                  00200000   00004000  00000000  00004000  R  X
  SRAM_CODE             01000000   00010000  0000065c  0000f9a4  RW X
  SRAM_DATA             20000000   00010000  0000065c  0000f9a4  RW  


SEGMENT ALLOCATION MAP

run origin  load origin   length   init length attrs members
----------  ----------- ---------- ----------- ----- -------
00000000    00000000    000053b8   000053b8    r-x
  00000000    00000000    000000e4   000000e4    r-- .intvecs
  000000e4    000000e4    000042c8   000042c8    r-x .text
  000043ac    000043ac    00000f9f   00000f9f    r-- .const
  00005350    00005350    00000068   00000068    r-- .cinit
20000000    20000000    0000045c   00000000    rw-
  20000000    20000000    00000410   00000000    rw- .bss
  20000410    20000410    0000004c   00000000    rw- .data
2000fe00    2000fe00    00000200   00000000    rw-
  2000fe00    2000fe00    00000200   00000000    rw- .stack


SECTION ALLOCATION MAP

 output                                  attributes/
section   page    origin      length       input sections
--------  ----  ----------  ----------   ----------------
.intvecs   0    00000000    000000e4     
                  00000000    000000e4     startup_msp432p401r_ccs.obj (.intvecs:retain)

.text      0    000000e4    000042c8     
                  000000e4    0000104c     lib_PAE2.lib : graphics.obj (.text)
                  00001130    00000a5e     rtsv7M4_T_le_v4SPD16_eabi.lib : _printfi.c.obj (.text:__TI_printfi)
                  00001b8e    00000002                                   : div0.asm.obj (.text)
                  00001b90    000008a8     lib_PAE2.lib : lcd.obj (.text)
                  00002438    00000680     Practica_03 PAE_Alumnes.obj (.text)
                  00002ab8    00000334     system_msp432p401r.obj (.text)
                  00002dec    00000270     rtsv7M4_T_le_v4SPD16_eabi.lib : _printfi.c.obj (.text:_pconv_a)
                  0000305c    000001d0                                   : _printfi.c.obj (.text:_pconv_g)
                  0000322c    000001b6                                   : fd_add_t2.asm.obj (.text)
                  000033e2    00000002     --HOLE-- [fill = 0]
                  000033e4    00000188     lib_PAE2.lib : msp_LCD.obj (.text)
                  0000356c    0000013c     rtsv7M4_T_le_v4SPD16_eabi.lib : _printfi.c.obj (.text:_pconv_e)
                  000036a8    00000136                                   : fd_div_t2.asm.obj (.text)
                  000037de    00000002     --HOLE-- [fill = 0]
                  000037e0    00000120                                   : _printfi.c.obj (.text:fcvt)
                  00003900    00000110                                   : s_scalbn.c.obj (.text:scalbn)
                  00003a10    000000fc                                   : fd_mul_t2.asm.obj (.text)
                  00003b0c    000000b1                                   : _printfi.c.obj (.text:_ltostr)
                  00003bbd    00000001     --HOLE-- [fill = 0]
                  00003bbe    0000009c                                   : memcpy_t2.asm.obj (.text)
                  00003c5a    00000096                                   : ull_div_t2.asm.obj (.text)
                  00003cf0    00000086                                   : fd_cmp_t2.asm.obj (.text:__aeabi_cdcmple)
                  00003d76    00000086                                   : fd_cmp_t2.asm.obj (.text:__aeabi_cdrcmple)
                  00003dfc    0000007a                                   : memset_t2.asm.obj (.text)
                  00003e76    00000002     --HOLE-- [fill = 0]
                  00003e78    00000078     lib_PAE2.lib : Inicializacion.obj (.text)
                  00003ef0    0000006e     rtsv7M4_T_le_v4SPD16_eabi.lib : _printfi.c.obj (.text:_mcpy)
                  00003f5e    00000068                                   : copy_decompress_lzss.c.obj (.text:decompress:lzss:__TI_decompress_lzss)
                  00003fc6    00000002     --HOLE-- [fill = 0]
                  00003fc8    00000064                                   : s_frexp.c.obj (.text:frexp)
                  0000402c    00000056                                   : _printfi.c.obj (.text:_pconv_f)
                  00004082    00000054                                   : ltoa.c.obj (.text:ltoa)
                  000040d6    00000052                                   : _printfi.c.obj (.text:_ecpy)
                  00004128    0000004c                                   : atoi.c.obj (.text:atoi)
                  00004174    00000048                                   : fd_toi_t2.asm.obj (.text)
                  000041bc    00000044                                   : autoinit.c.obj (.text:__TI_auto_init_nobinit_nopinit:__TI_auto_init_nobinit_nopinit)
                  00004200    00000040                                   : sprintf.c.obj (.text:sprintf)
                  00004240    0000003e                                   : _printfi.c.obj (.text:_fcpy)
                  0000427e    00000002     --HOLE-- [fill = 0]
                  00004280    00000038                                   : boot_cortex_m.c.obj (.text:_c_int00_noargs:_c_int00_noargs)
                  000042b8    0000002e                                   : i_tofd_t2.asm.obj (.text)
                  000042e6    0000001c                                   : memccpy.c.obj (.text:memccpy)
                  00004302    00000018                                   : sprintf.c.obj (.text:_outs)
                  0000431a    00000016                                   : strchr.c.obj (.text:strchr)
                  00004330    00000014                                   : s_copysign.c.obj (.text:copysign)
                  00004344    00000014                                   : strlen.c.obj (.text:strlen)
                  00004358    00000012                                   : wcslen.c.obj (.text:wcslen)
                  0000436a    0000000e                                   : copy_decompress_none.c.obj (.text:decompress:none:__TI_decompress_none)
                  00004378    0000000e     startup_msp432p401r_ccs.obj (.text)
                  00004386    0000000c     rtsv7M4_T_le_v4SPD16_eabi.lib : copy_zero_init.c.obj (.text:decompress:ZI:__TI_zero_init)
                  00004392    0000000a                                   : sprintf.c.obj (.text:_outc)
                  0000439c    00000008                                   : errno.c.obj (.text:__aeabi_errno_addr)
                  000043a4    00000004                                   : pre_init.c.obj (.text:_system_pre_init)
                  000043a8    00000004                                   : exit.c.obj (.text:abort:abort)

.const     0    000043ac    00000f9f     
                  000043ac    0000082a     lib_PAE2.lib : graphics.obj (.const:font_11x16)
                  00004bd6    00000474                  : graphics.obj (.const:font_8x12)
                  0000504a    000001e0                  : graphics.obj (.const:font_5x7)
                  0000522a    00000101     rtsv7M4_T_le_v4SPD16_eabi.lib : ctype.c.obj (.const:.string:_ctypes_)
                  0000532b    00000010     lib_PAE2.lib : lcd.obj (.const:.string:$P$T0$1)
                  0000533b    00000010                  : lcd.obj (.const:.string:$P$T1$2)

.cinit     0    00005350    00000068     
                  00005350    00000040     (.cinit..data.load) [load image, compression = lzss]
                  00005390    0000000c     (__TI_handler_table)
                  0000539c    00000004     --HOLE-- [fill = 0]
                  000053a0    00000008     (.cinit..bss.load) [load image, compression = zero_init]
                  000053a8    00000010     (__TI_cinit_table)

.init_array 
*          0    00000000    00000000     UNINITIALIZED

.binit     0    00000000    00000000     

.bss       0    20000000    00000410     UNINITIALIZED
                  20000000    00000400     lib_PAE2.lib : graphics.obj (.bss:g_pulConvertedPalette)
                  20000400    00000010     (.common:cadena)

.data      0    20000410    0000004c     UNINITIALIZED
                  20000410    00000014     Practica_03 PAE_Alumnes.obj (.data)
                  20000424    00000010     Practica_03 PAE_Alumnes.obj (.data:borrado)
                  20000434    00000010     Practica_03 PAE_Alumnes.obj (.data:saludo)
                  20000444    0000000a     lib_PAE2.lib : lcd.obj (.data)
                  2000044e    00000004                  : graphics.obj (.data)
                  20000452    00000002     --HOLE--
                  20000454    00000004     rtsv7M4_T_le_v4SPD16_eabi.lib : errno.c.obj (.data)
                  20000458    00000004     system_msp432p401r.obj (.data)

.stack     0    2000fe00    00000200     UNINITIALIZED
                  2000fe00    00000004     rtsv7M4_T_le_v4SPD16_eabi.lib : boot_cortex_m.c.obj (.stack)
                  2000fe04    000001fc     --HOLE--

MODULE SUMMARY

       Module                        code    ro data   rw data
       ------                        ----    -------   -------
    .\
       Practica_03 PAE_Alumnes.obj   1664    0         136    
       system_msp432p401r.obj        820     0         8      
       startup_msp432p401r_ccs.obj   14      228       0      
    +--+-----------------------------+-------+---------+---------+
       Total:                        2498    228       144    
                                                              
    ../lib_PAE2.lib
       graphics.obj                  4172    3710      2056   
       lcd.obj                       2216    32        20     
       msp_LCD.obj                   392     0         0      
       Inicializacion.obj            120     0         0      
    +--+-----------------------------+-------+---------+---------+
       Total:                        6900    3742      2076   
                                                              
    C:\ti\ccsv8\tools\compiler\ti-cgt-arm_18.1.2.LTS\lib\rtsv7M4_T_le_v4SPD16_eabi.lib
       _printfi.c.obj                4863    0         0      
       fd_add_t2.asm.obj             438     0         0      
       fd_div_t2.asm.obj             310     0         0      
       s_scalbn.c.obj                272     0         0      
       fd_cmp_t2.asm.obj             268     0         0      
       ctype.c.obj                   0       257       0      
       fd_mul_t2.asm.obj             252     0         0      
       memcpy_t2.asm.obj             156     0         0      
       ull_div_t2.asm.obj            150     0         0      
       memset_t2.asm.obj             122     0         0      
       copy_decompress_lzss.c.obj    104     0         0      
       s_frexp.c.obj                 100     0         0      
       sprintf.c.obj                 98      0         0      
       ltoa.c.obj                    84      0         0      
       atoi.c.obj                    76      0         0      
       fd_toi_t2.asm.obj             72      0         0      
       autoinit.c.obj                68      0         0      
       boot_cortex_m.c.obj           56      0         0      
       i_tofd_t2.asm.obj             46      0         0      
       memccpy.c.obj                 28      0         0      
       strchr.c.obj                  22      0         0      
       s_copysign.c.obj              20      0         0      
       strlen.c.obj                  20      0         0      
       wcslen.c.obj                  18      0         0      
       errno.c.obj                   8       0         8      
       copy_decompress_none.c.obj    14      0         0      
       copy_zero_init.c.obj          12      0         0      
       exit.c.obj                    4       0         0      
       pre_init.c.obj                4       0         0      
       div0.asm.obj                  2       0         0      
    +--+-----------------------------+-------+---------+---------+
       Total:                        7687    257       8      
                                                              
       Stack:                        0       0         1024   
       Linker Generated:             0       100       0      
    +--+-----------------------------+-------+---------+---------+
       Grand Total:                  17085   4327      3252   


LINKER GENERATED COPY TABLES

__TI_cinit_table @ 000053a8 records: 2, size/record: 8, table size: 16
	.data: load addr=00005350, load size=00000040 bytes, run addr=20000410, run size=0000004c bytes, compression=lzss
	.bss: load addr=000053a0, load size=00000008 bytes, run addr=20000000, run size=00000410 bytes, compression=zero_init


LINKER GENERATED HANDLER TABLE

__TI_handler_table @ 00005390 records: 3, size/record: 4, table size: 12
	index: 0, handler: __TI_decompress_lzss
	index: 1, handler: __TI_decompress_none
	index: 2, handler: __TI_zero_init


GLOBAL SYMBOLS: SORTED ALPHABETICALLY BY Name 

address   name                          
-------   ----                          
00004385  ADC14_IRQHandler              
00004385  AES256_IRQHandler             
00004385  BusFault_Handler              
000043a9  C$$EXIT                       
00004385  COMP_E0_IRQHandler            
00004385  COMP_E1_IRQHandler            
00004385  CS_IRQHandler                 
20000446  Color_Fondo                   
2000044a  Color_Fondo_Inv               
20000448  Color_Texto                   
2000044c  Color_Texto_Inv               
00004385  DMA_ERR_IRQHandler            
00004385  DMA_INT0_IRQHandler           
00004385  DMA_INT1_IRQHandler           
00004385  DMA_INT2_IRQHandler           
00004385  DMA_INT3_IRQHandler           
00004385  DebugMon_Handler              
00004385  Default_Handler               
00004385  EUSCIA0_IRQHandler            
00004385  EUSCIA1_IRQHandler            
00004385  EUSCIA2_IRQHandler            
00004385  EUSCIA3_IRQHandler            
00004385  EUSCIB0_IRQHandler            
00004385  EUSCIB1_IRQHandler            
00004385  EUSCIB2_IRQHandler            
00004385  EUSCIB3_IRQHandler            
00004385  FLCTL_IRQHandler              
00004385  FPU_IRQHandler                
20000445  Fuente                        
00004385  HardFault_Handler             
00004385  MemManage_Handler             
00004385  NMI_Handler                   
00004385  PCM_IRQHandler                
00004385  PORT1_IRQHandler              
00004385  PORT2_IRQHandler              
00002961  PORT3_IRQHandler              
00002961  PORT3_IRQHandler              
000029a1  PORT4_IRQHandler              
000029a1  PORT4_IRQHandler              
00002a19  PORT5_IRQHandler              
00002a19  PORT5_IRQHandler              
00004385  PORT6_IRQHandler              
00004385  PSS_IRQHandler                
00004385  PendSV_Handler                
00004385  RTC_C_IRQHandler              
00004379  Reset_Handler                 
00004385  SVC_Handler                   
00004385  SysTick_Handler               
20000458  SystemCoreClock               
00002ab9  SystemCoreClockUpdate         
00002d31  SystemInit                    
00004385  T32_INT1_IRQHandler           
00004385  T32_INT2_IRQHandler           
00004385  T32_INTC_IRQHandler           
00002895  TA0_0_IRQHandler              
00002895  TA0_0_IRQHandler              
0000291d  TA0_N_IRQHandler              
0000291d  TA0_N_IRQHandler              
00004385  TA1_0_IRQHandler              
00004385  TA1_N_IRQHandler              
00004385  TA2_0_IRQHandler              
00004385  TA2_N_IRQHandler              
00004385  TA3_0_IRQHandler              
00004385  TA3_N_IRQHandler              
00004385  UsageFault_Handler            
4000480c  WDTCTL_SYM                    
00004385  WDT_A_IRQHandler              
20010000  __STACK_END                   
00000200  __STACK_SIZE                  
000053a8  __TI_CINIT_Base               
000053b8  __TI_CINIT_Limit              
00005390  __TI_Handler_Table_Base       
0000539c  __TI_Handler_Table_Limit      
000041bd  __TI_auto_init_nobinit_nopinit
00003f5f  __TI_decompress_lzss          
0000436b  __TI_decompress_none          
ffffffff  __TI_pprof_out_hndl           
00001131  __TI_printfi                  
ffffffff  __TI_prof_data_size           
ffffffff  __TI_prof_data_start          
00000000  __TI_static_base__            
00004387  __TI_zero_init                
00003cf1  __aeabi_cdcmpeq               
00003cf1  __aeabi_cdcmple               
00003d77  __aeabi_cdrcmple              
00004175  __aeabi_d2iz                  
00003237  __aeabi_dadd                  
000036a9  __aeabi_ddiv                  
00003a11  __aeabi_dmul                  
0000322d  __aeabi_dsub                  
0000439d  __aeabi_errno_addr            
000042b9  __aeabi_i2d                   
00001b8f  __aeabi_idiv0                 
00001b8f  __aeabi_ldiv0                 
00003dfd  __aeabi_memclr                
00003dfd  __aeabi_memclr4               
00003dfd  __aeabi_memclr8               
00003bbf  __aeabi_memcpy                
00003bbf  __aeabi_memcpy4               
00003bbf  __aeabi_memcpy8               
00003dff  __aeabi_memset                
00003dff  __aeabi_memset4               
00003dff  __aeabi_memset8               
00003c5b  __aeabi_uldivmod              
ffffffff  __binit__                     
ffffffff  __c_args__                    
UNDEFED   __mpu_init                    
2000fe00  __stack                       
00004281  _c_int00_noargs               
0000522a  _ctypes_                      
20000444  _orientation                  
UNDEFED   _system_post_cinit            
000043a5  _system_pre_init              
000043a9  abort                         
00004129  atoi                          
20000451  bgColorHighByte               
20000450  bgColorLowByte                
ffffffff  binit                         
20000424  borrado                       
000024ad  borrar                        
20000400  cadena                        
00001fc1  cambiar_orientacion           
20000419  change                        
00000121  clearScreen                   
000001af  clearScreenBkg                
2000044f  colorHighByte                 
2000044e  colorLowByte                  
000025ff  config_P7_LEDS                
00004331  copysign                      
00004331  copysignl                     
00003509  delay                         
000025f5  delay_t                       
20000418  direccion                     
00000521  drawCharLg                    
000005c9  drawCharLgBkg                 
000006ad  drawCharMd                    
0000075b  drawCharMdBkg                 
000003a1  drawCharSm                    
00000447  drawCharSmBkg                 
00000d9b  drawCircle                    
000008bd  drawImage                     
000008d5  drawImageLut                  
000009e3  drawImageMono                 
00000b41  drawLine                      
00000a01  drawLogicLine                 
00000237  drawPixel                     
00000d37  drawRect                      
00000267  drawString                    
20000454  errno                         
000024c1  escribir                      
20000411  estado                        
20000412  estado_anterior               
00000fb9  fillCircle                    
00000f1b  fillRect                      
000043ac  font_11x16                    
0000504a  font_5x7                      
00004bd6  font_8x12                     
00003fc9  frexp                         
00003fc9  frexpl                        
00001c3b  getAltura                     
00001be9  getColumna                    
00001b97  getLinea                      
00001b91  getOrientacion                
00001c97  getScreenHeight               
00001c81  getScreenWidth                
00002151  halLcdClearLine               
00001fef  halLcdClearScreen             
00002013  halLcdClearScreenBkg          
000022c5  halLcdDrawCircle              
000023cd  halLcdDrawImageLut            
00002219  halLcdDrawLine                
000021c7  halLcdDrawPixel               
0000226d  halLcdDrawRect                
00002371  halLcdFillCircle              
00002315  halLcdFillRect                
00001fe3  halLcdInit                    
00002033  halLcdPrintLine               
000020b3  halLcdPrintLineCol            
20000414  index                         
00001e0d  initLCD                       
000024a1  init_LCD                      
00002625  init_TA0                      
000024d7  init_botons                   
00002439  init_interrupciones           
000033e5  init_spi_lcd_tactil           
00003e79  init_ucs_16MHz                
00003eb1  init_ucs_24MHz                
00000000  interruptVectors              
00003901  ldexp                         
00003901  ldexpl                        
20000410  linea                         
00004083  ltoa                          
000026c9  main                          
20000420  max_led_speed                 
000042e7  memccpy                       
00003bbf  memcpy                        
00003e05  memset                        
20000422  min_led_speed                 
0000264b  on_off_RGB_LED                
2000041c  retraso                       
20000434  saludo                        
00003901  scalbn                        
00003901  scalbnl                       
00001cad  setArea                       
00000103  setBackgroundColor            
000000e5  setColor                      
00001f53  setOrientation                
00004201  sprintf                       
0000431b  strchr                        
00004345  strlen                        
00004359  wcslen                        
000034e3  writeCommand                  
000034bd  writeData                     


GLOBAL SYMBOLS: SORTED BY Symbol Address 

address   name                          
-------   ----                          
00000000  __TI_static_base__            
00000000  interruptVectors              
000000e5  setColor                      
00000103  setBackgroundColor            
00000121  clearScreen                   
000001af  clearScreenBkg                
00000200  __STACK_SIZE                  
00000237  drawPixel                     
00000267  drawString                    
000003a1  drawCharSm                    
00000447  drawCharSmBkg                 
00000521  drawCharLg                    
000005c9  drawCharLgBkg                 
000006ad  drawCharMd                    
0000075b  drawCharMdBkg                 
000008bd  drawImage                     
000008d5  drawImageLut                  
000009e3  drawImageMono                 
00000a01  drawLogicLine                 
00000b41  drawLine                      
00000d37  drawRect                      
00000d9b  drawCircle                    
00000f1b  fillRect                      
00000fb9  fillCircle                    
00001131  __TI_printfi                  
00001b8f  __aeabi_idiv0                 
00001b8f  __aeabi_ldiv0                 
00001b91  getOrientacion                
00001b97  getLinea                      
00001be9  getColumna                    
00001c3b  getAltura                     
00001c81  getScreenWidth                
00001c97  getScreenHeight               
00001cad  setArea                       
00001e0d  initLCD                       
00001f53  setOrientation                
00001fc1  cambiar_orientacion           
00001fe3  halLcdInit                    
00001fef  halLcdClearScreen             
00002013  halLcdClearScreenBkg          
00002033  halLcdPrintLine               
000020b3  halLcdPrintLineCol            
00002151  halLcdClearLine               
000021c7  halLcdDrawPixel               
00002219  halLcdDrawLine                
0000226d  halLcdDrawRect                
000022c5  halLcdDrawCircle              
00002315  halLcdFillRect                
00002371  halLcdFillCircle              
000023cd  halLcdDrawImageLut            
00002439  init_interrupciones           
000024a1  init_LCD                      
000024ad  borrar                        
000024c1  escribir                      
000024d7  init_botons                   
000025f5  delay_t                       
000025ff  config_P7_LEDS                
00002625  init_TA0                      
0000264b  on_off_RGB_LED                
000026c9  main                          
00002895  TA0_0_IRQHandler              
00002895  TA0_0_IRQHandler              
0000291d  TA0_N_IRQHandler              
0000291d  TA0_N_IRQHandler              
00002961  PORT3_IRQHandler              
00002961  PORT3_IRQHandler              
000029a1  PORT4_IRQHandler              
000029a1  PORT4_IRQHandler              
00002a19  PORT5_IRQHandler              
00002a19  PORT5_IRQHandler              
00002ab9  SystemCoreClockUpdate         
00002d31  SystemInit                    
0000322d  __aeabi_dsub                  
00003237  __aeabi_dadd                  
000033e5  init_spi_lcd_tactil           
000034bd  writeData                     
000034e3  writeCommand                  
00003509  delay                         
000036a9  __aeabi_ddiv                  
00003901  ldexp                         
00003901  ldexpl                        
00003901  scalbn                        
00003901  scalbnl                       
00003a11  __aeabi_dmul                  
00003bbf  __aeabi_memcpy                
00003bbf  __aeabi_memcpy4               
00003bbf  __aeabi_memcpy8               
00003bbf  memcpy                        
00003c5b  __aeabi_uldivmod              
00003cf1  __aeabi_cdcmpeq               
00003cf1  __aeabi_cdcmple               
00003d77  __aeabi_cdrcmple              
00003dfd  __aeabi_memclr                
00003dfd  __aeabi_memclr4               
00003dfd  __aeabi_memclr8               
00003dff  __aeabi_memset                
00003dff  __aeabi_memset4               
00003dff  __aeabi_memset8               
00003e05  memset                        
00003e79  init_ucs_16MHz                
00003eb1  init_ucs_24MHz                
00003f5f  __TI_decompress_lzss          
00003fc9  frexp                         
00003fc9  frexpl                        
00004083  ltoa                          
00004129  atoi                          
00004175  __aeabi_d2iz                  
000041bd  __TI_auto_init_nobinit_nopinit
00004201  sprintf                       
00004281  _c_int00_noargs               
000042b9  __aeabi_i2d                   
000042e7  memccpy                       
0000431b  strchr                        
00004331  copysign                      
00004331  copysignl                     
00004345  strlen                        
00004359  wcslen                        
0000436b  __TI_decompress_none          
00004379  Reset_Handler                 
00004385  ADC14_IRQHandler              
00004385  AES256_IRQHandler             
00004385  BusFault_Handler              
00004385  COMP_E0_IRQHandler            
00004385  COMP_E1_IRQHandler            
00004385  CS_IRQHandler                 
00004385  DMA_ERR_IRQHandler            
00004385  DMA_INT0_IRQHandler           
00004385  DMA_INT1_IRQHandler           
00004385  DMA_INT2_IRQHandler           
00004385  DMA_INT3_IRQHandler           
00004385  DebugMon_Handler              
00004385  Default_Handler               
00004385  EUSCIA0_IRQHandler            
00004385  EUSCIA1_IRQHandler            
00004385  EUSCIA2_IRQHandler            
00004385  EUSCIA3_IRQHandler            
00004385  EUSCIB0_IRQHandler            
00004385  EUSCIB1_IRQHandler            
00004385  EUSCIB2_IRQHandler            
00004385  EUSCIB3_IRQHandler            
00004385  FLCTL_IRQHandler              
00004385  FPU_IRQHandler                
00004385  HardFault_Handler             
00004385  MemManage_Handler             
00004385  NMI_Handler                   
00004385  PCM_IRQHandler                
00004385  PORT1_IRQHandler              
00004385  PORT2_IRQHandler              
00004385  PORT6_IRQHandler              
00004385  PSS_IRQHandler                
00004385  PendSV_Handler                
00004385  RTC_C_IRQHandler              
00004385  SVC_Handler                   
00004385  SysTick_Handler               
00004385  T32_INT1_IRQHandler           
00004385  T32_INT2_IRQHandler           
00004385  T32_INTC_IRQHandler           
00004385  TA1_0_IRQHandler              
00004385  TA1_N_IRQHandler              
00004385  TA2_0_IRQHandler              
00004385  TA2_N_IRQHandler              
00004385  TA3_0_IRQHandler              
00004385  TA3_N_IRQHandler              
00004385  UsageFault_Handler            
00004385  WDT_A_IRQHandler              
00004387  __TI_zero_init                
0000439d  __aeabi_errno_addr            
000043a5  _system_pre_init              
000043a9  C$$EXIT                       
000043a9  abort                         
000043ac  font_11x16                    
00004bd6  font_8x12                     
0000504a  font_5x7                      
0000522a  _ctypes_                      
00005390  __TI_Handler_Table_Base       
0000539c  __TI_Handler_Table_Limit      
000053a8  __TI_CINIT_Base               
000053b8  __TI_CINIT_Limit              
20000400  cadena                        
20000410  linea                         
20000411  estado                        
20000412  estado_anterior               
20000414  index                         
20000418  direccion                     
20000419  change                        
2000041c  retraso                       
20000420  max_led_speed                 
20000422  min_led_speed                 
20000424  borrado                       
20000434  saludo                        
20000444  _orientation                  
20000445  Fuente                        
20000446  Color_Fondo                   
20000448  Color_Texto                   
2000044a  Color_Fondo_Inv               
2000044c  Color_Texto_Inv               
2000044e  colorLowByte                  
2000044f  colorHighByte                 
20000450  bgColorLowByte                
20000451  bgColorHighByte               
20000454  errno                         
20000458  SystemCoreClock               
2000fe00  __stack                       
20010000  __STACK_END                   
4000480c  WDTCTL_SYM                    
ffffffff  __TI_pprof_out_hndl           
ffffffff  __TI_prof_data_size           
ffffffff  __TI_prof_data_start          
ffffffff  __binit__                     
ffffffff  __c_args__                    
ffffffff  binit                         
UNDEFED   __mpu_init                    
UNDEFED   _system_post_cinit            

[213 symbols]
